Copyright 1986-2018 Xilinx, Inc. All Rights Reserved.
------------------------------------------------------------------------------------------------------------------------------------------------------------
| Tool Version : Vivado v.2018.3 (win64) Build 2405991 Thu Dec  6 23:38:27 MST 2018
| Date         : Wed Sep 30 03:41:40 2026
| Host         : REEDZHAO running 64-bit major release  (build 9200)
| Command      : report_utilization -hierarchical -file C:/Users/Administrator/adc_rtl_vivado/run.6e207b68315144c58af15c7fd599663b/out/utilization_hier.rpt
| Design       : sar20_digital_core
| Device       : 7vx690tffg1761-2
| Design State : Synthesized
------------------------------------------------------------------------------------------------------------------------------------------------------------

Utilization Design Information

Table of Contents
-----------------
1. Utilization by Hierarchy

1. Utilization by Hierarchy
---------------------------

+------------------------+--------------------------------+------------+------------+---------+------+-------+--------+--------+--------------+
|        Instance        |             Module             | Total LUTs | Logic LUTs | LUTRAMs | SRLs |  FFs  | RAMB36 | RAMB18 | DSP48 Blocks |
+------------------------+--------------------------------+------------+------------+---------+------+-------+--------+--------+--------------+
| sar20_digital_core     |                          (top) |     171246 |     171246 |       0 |    0 | 66817 |      0 |      0 |           20 |
|   (sar20_digital_core) |                          (top) |      12837 |      12837 |       0 |    0 |    61 |      0 |      0 |            0 |
|   u_calib              |                     calib_regs |       2921 |       2921 |       0 |    0 |   204 |      0 |      0 |            0 |
|   u_recon              |                     recon_core |      19803 |      19803 |       0 |    0 |   671 |      0 |      0 |           20 |
|     (u_recon)          |                     recon_core |        462 |        462 |       0 |    0 |   292 |      0 |      0 |            0 |
|     u_adc2             |                       adc2_dec |        164 |        164 |       0 |    0 |     0 |      0 |      0 |            4 |
|     u_div              |                      div_floor |       1292 |       1292 |       0 |    0 |   316 |      0 |      0 |            0 |
|     u_output           |               cal_output_stage |          2 |          2 |       0 |    0 |    63 |      0 |      0 |            0 |
|     u_residue_mac      |                cal_residue_mac |        322 |        322 |       0 |    0 |     0 |      0 |      0 |           16 |
|     u_weight_reduce    |              cal_weight_reduce |      17561 |      17561 |       0 |    0 |     0 |      0 |      0 |            0 |
|   u_status             |                    status_regs |          5 |          5 |       0 |    0 |     6 |      0 |      0 |            0 |
|   u_structure          |            sar_structural_ctrl |      94000 |      94000 |       0 |    0 |  3253 |      0 |      0 |            0 |
|     (u_structure)      |            sar_structural_ctrl |         10 |         10 |       0 |    0 |   128 |      0 |      0 |            0 |
|     g_coarse[0].u_sar  |                 sar_trial_ctrl |         46 |         46 |       0 |    0 |    25 |      0 |      0 |            0 |
|     g_coarse[1].u_sar  |               sar_trial_ctrl_0 |       2241 |       2241 |       0 |    0 |    25 |      0 |      0 |            0 |
|     u_context          |             cal_sample_context |      82745 |      82745 |       0 |    0 |  1427 |      0 |      0 |            0 |
|     u_decode           |                    swap_decode |       1001 |       1001 |       0 |    0 |     0 |      0 |      0 |            0 |
|     u_dem              |  dem_state_gen__parameterized0 |         52 |         52 |       0 |    0 |    18 |      0 |      0 |            0 |
|     u_fine             | sar_trial_ctrl__parameterized0 |         47 |         47 |       0 |    0 |    30 |      0 |      0 |            0 |
|     u_order            |                   dem_addr_gen |          1 |          1 |       0 |    0 |     0 |      0 |      0 |            0 |
|     u_phase            |              analog_phase_ctrl |         33 |         33 |       0 |    0 |     8 |      0 |      0 |            0 |
|     u_pool             |                slice_pool_ctrl |       7611 |       7611 |       0 |    0 |   192 |      0 |      0 |            0 |
|     u_random           |     dither_gen__parameterized0 |         21 |         21 |       0 |    0 |    32 |      0 |      0 |            0 |
|     u_rdac             |                       rdac_drv |        200 |        200 |       0 |    0 |  1368 |      0 |      0 |            0 |
|     u_units            |                     unit_therm |          1 |          1 |       0 |    0 |     0 |      0 |      0 |            0 |
|   u_wstore             |                   weight_store |      42597 |      42597 |       0 |    0 | 62622 |      0 |      0 |            0 |
+------------------------+--------------------------------+------------+------------+---------+------+-------+--------+--------+--------------+


