%Warning-WIDTHEXPAND: /Users/zhaoyi/Obsidan/项目库/outputs/sar_adc_review_20260919/calibration-closure/sim/tb/structural_protocol_tb.sv:86:29: Operator NEQ expects 32 bits on the LHS, but LHS's VARREF 'fc' generates 12 bits.
                                                                                                                                                : ... note: In instance 'structural_capture_trace_wrapper.tb'
   86 |           if(id!=frame || fc!=fine_target || ci!=(frame-1)*9173)
      |                             ^~
                      ... For warning description see https://verilator.org/warn/WIDTHEXPAND?v=5.020
                      ... Use "/* verilator lint_off WIDTHEXPAND */" and lint_on around source to disable this message.
%Warning-WIDTHEXPAND: /Users/zhaoyi/Obsidan/项目库/outputs/sar_adc_review_20260919/calibration-closure/sim/tb/structural_protocol_tb.sv:86:56: Operator SUB expects 64 bits on the LHS, but LHS's VARREF 'frame' generates 32 bits.
                                                                                                                                                : ... note: In instance 'structural_capture_trace_wrapper.tb'
   86 |           if(id!=frame || fc!=fine_target || ci!=(frame-1)*9173)
      |                                                        ^
%Warning-WIDTHTRUNC: /Users/zhaoyi/Obsidan/项目库/outputs/sar_adc_review_20260919/calibration-closure/sim/tb/structural_protocol_tb.sv:108:46: Logical operator LOGOR expects 1 bit on the RHS, but RHS's VARREF 'coarse_cmp_en' generates 2 bits.
                                                                                                                                                : ... note: In instance 'structural_capture_trace_wrapper.tb'
  108 |     if(launch || sv || flash_acq || fine_acq || coarse_cmp_en || fine_cmp_en)
      |                                              ^~
%Warning-WIDTHTRUNC: /Users/zhaoyi/Obsidan/项目库/outputs/sar_adc_review_20260919/calibration-closure/sim/tb/structural_protocol_tb.sv:111:30: Logical operator LOGOR expects 1 bit on the RHS, but RHS's VARREF 'coarse_cmp_en' generates 2 bits.
                                                                                                                                                : ... note: In instance 'structural_capture_trace_wrapper.tb'
  111 |     if(flash_acq || fine_acq || coarse_cmp_en || fine_cmp_en)
      |                              ^~
g++ -Os  -I.  -MMD -I/tmp/sar_verilator_5_020_build/verilator-5.020/include -I/tmp/sar_verilator_5_020_build/verilator-5.020/include/vltstd -DVM_COVERAGE=0 -DVM_SC=0 -DVM_TRACE=0 -DVM_TRACE_FST=0 -DVM_TRACE_VCD=0 -faligned-new -fbracket-depth=4096 -fcf-protection=none -Qunused-arguments -Wno-bool-operation -Wno-c++11-narrowing -Wno-constant-logical-operand -Wno-non-pod-varargs -Wno-overloaded-virtual -Wno-parentheses-equality -Wno-shadow -Wno-sign-compare -Wno-tautological-bitwise-compare -Wno-uninitialized -Wno-unused-but-set-parameter -Wno-unused-but-set-variable -Wno-unused-parameter -Wno-unused-variable     -std=c++20 -I/tmp/sar_verilator_5_020_build/compat -DVL_TIME_CONTEXT    -c -o verilated.o /tmp/sar_verilator_5_020_build/verilator-5.020/include/verilated.cpp
g++ -Os  -I.  -MMD -I/tmp/sar_verilator_5_020_build/verilator-5.020/include -I/tmp/sar_verilator_5_020_build/verilator-5.020/include/vltstd -DVM_COVERAGE=0 -DVM_SC=0 -DVM_TRACE=0 -DVM_TRACE_FST=0 -DVM_TRACE_VCD=0 -faligned-new -fbracket-depth=4096 -fcf-protection=none -Qunused-arguments -Wno-bool-operation -Wno-c++11-narrowing -Wno-constant-logical-operand -Wno-non-pod-varargs -Wno-overloaded-virtual -Wno-parentheses-equality -Wno-shadow -Wno-sign-compare -Wno-tautological-bitwise-compare -Wno-uninitialized -Wno-unused-but-set-parameter -Wno-unused-but-set-variable -Wno-unused-parameter -Wno-unused-variable     -std=c++20 -I/tmp/sar_verilator_5_020_build/compat -DVL_TIME_CONTEXT    -c -o verilated_timing.o /tmp/sar_verilator_5_020_build/verilator-5.020/include/verilated_timing.cpp
In file included from /tmp/sar_verilator_5_020_build/verilator-5.020/include/verilated_timing.cpp:23:
/tmp/sar_verilator_5_020_build/verilator-5.020/include/verilated_timing.h:37:36: warning: unknown warning group '-Wdeprecated-experimental-coroutine', ignored [-Wunknown-warning-option]
   37 | #  pragma clang diagnostic ignored "-Wdeprecated-experimental-coroutine"
      |                                    ^
1 warning generated.
g++ -Os  -I.  -MMD -I/tmp/sar_verilator_5_020_build/verilator-5.020/include -I/tmp/sar_verilator_5_020_build/verilator-5.020/include/vltstd -DVM_COVERAGE=0 -DVM_SC=0 -DVM_TRACE=0 -DVM_TRACE_FST=0 -DVM_TRACE_VCD=0 -faligned-new -fbracket-depth=4096 -fcf-protection=none -Qunused-arguments -Wno-bool-operation -Wno-c++11-narrowing -Wno-constant-logical-operand -Wno-non-pod-varargs -Wno-overloaded-virtual -Wno-parentheses-equality -Wno-shadow -Wno-sign-compare -Wno-tautological-bitwise-compare -Wno-uninitialized -Wno-unused-but-set-parameter -Wno-unused-but-set-variable -Wno-unused-parameter -Wno-unused-variable     -std=c++20 -I/tmp/sar_verilator_5_020_build/compat -DVL_TIME_CONTEXT    -c -o verilated_threads.o /tmp/sar_verilator_5_020_build/verilator-5.020/include/verilated_threads.cpp
/usr/bin/python3 /tmp/sar_verilator_5_020_build/verilator-5.020/bin/verilator_includer -DVL_INCLUDE_OPT=include Vstructural_capture_trace_wrapper.cpp Vstructural_capture_trace_wrapper___024root__DepSet_ha65b86af__0.cpp Vstructural_capture_trace_wrapper___024root__DepSet_h38d431f8__0.cpp Vstructural_capture_trace_wrapper__main.cpp Vstructural_capture_trace_wrapper__ConstPool_0.cpp Vstructural_capture_trace_wrapper___024root__Slow.cpp Vstructural_capture_trace_wrapper___024root__DepSet_ha65b86af__0__Slow.cpp Vstructural_capture_trace_wrapper___024root__DepSet_h38d431f8__0__Slow.cpp Vstructural_capture_trace_wrapper___024unit__Slow.cpp Vstructural_capture_trace_wrapper___024unit__DepSet_hf3fae60c__0__Slow.cpp Vstructural_capture_trace_wrapper__Syms.cpp > Vstructural_capture_trace_wrapper__ALL.cpp
g++ -Os  -I.  -MMD -I/tmp/sar_verilator_5_020_build/verilator-5.020/include -I/tmp/sar_verilator_5_020_build/verilator-5.020/include/vltstd -DVM_COVERAGE=0 -DVM_SC=0 -DVM_TRACE=0 -DVM_TRACE_FST=0 -DVM_TRACE_VCD=0 -faligned-new -fbracket-depth=4096 -fcf-protection=none -Qunused-arguments -Wno-bool-operation -Wno-c++11-narrowing -Wno-constant-logical-operand -Wno-non-pod-varargs -Wno-overloaded-virtual -Wno-parentheses-equality -Wno-shadow -Wno-sign-compare -Wno-tautological-bitwise-compare -Wno-uninitialized -Wno-unused-but-set-parameter -Wno-unused-but-set-variable -Wno-unused-parameter -Wno-unused-variable     -std=c++20 -I/tmp/sar_verilator_5_020_build/compat -DVL_TIME_CONTEXT    -c -o Vstructural_capture_trace_wrapper__ALL.o Vstructural_capture_trace_wrapper__ALL.cpp
In file included from Vstructural_capture_trace_wrapper__ALL.cpp:3:
In file included from ./Vstructural_capture_trace_wrapper.cpp:4:
In file included from ./Vstructural_capture_trace_wrapper__pch.h:23:
In file included from ./Vstructural_capture_trace_wrapper__Syms.h:17:
In file included from ./Vstructural_capture_trace_wrapper___024root.h:9:
/tmp/sar_verilator_5_020_build/verilator-5.020/include/verilated_timing.h:37:36: warning: unknown warning group '-Wdeprecated-experimental-coroutine', ignored [-Wunknown-warning-option]
   37 | #  pragma clang diagnostic ignored "-Wdeprecated-experimental-coroutine"
      |                                    ^
1 warning generated.
echo "" > Vstructural_capture_trace_wrapper__ALL.verilator_deplist.tmp
Archive ar -rcs Vstructural_capture_trace_wrapper__ALL.a Vstructural_capture_trace_wrapper__ALL.o
g++   -Wl,-U,__Z15vl_time_stamp64v,-U,__Z13sc_time_stampv   verilated.o verilated_timing.o verilated_threads.o Vstructural_capture_trace_wrapper__ALL.a    -pthread -lpthread   -o Vstructural_capture_trace_wrapper
rm Vstructural_capture_trace_wrapper__ALL.verilator_deplist.tmp
