#-----------------------------------------------------------
# xsim v2018.3 (64-bit)
# SW Build 2405991 on Thu Dec  6 23:38:27 MST 2018
# IP Build 2404404 on Fri Dec  7 01:43:56 MST 2018
# Start of session at: Wed Sep 30 03:17:22 2026
# Process ID: 40316
# Current directory: C:/Users/Administrator/adc_rtl_vivado/run.e8c92fdc66d34a708f119ba724a74b31/trace_baseline_fixed
# Command line: xsim.exe -log xsim.log -mode tcl -source {xsim.dir/tree_trace_baseline_fixed/xsim_script.tcl}
# Log file: C:/Users/Administrator/adc_rtl_vivado/run.e8c92fdc66d34a708f119ba724a74b31/trace_baseline_fixed/xsim.log
# Journal file: C:/Users/Administrator/adc_rtl_vivado/run.e8c92fdc66d34a708f119ba724a74b31/trace_baseline_fixed\xsim.jou
#-----------------------------------------------------------
source xsim.dir/tree_trace_baseline_fixed/xsim_script.tcl
# xsim {tree_trace_baseline_fixed} -autoloadwcfg -runall
Vivado Simulator 2018.3
Time resolution is 1 ps
run -all
TREE_MAPPING_COMPLETE checks=12904
$finish called at time : 13104 ns : File "C:/Users/Administrator/adc_rtl_vivado/run.e8c92fdc66d34a708f119ba724a74b31/trace/tree_mapping_tb.sv" Line 109
exit
INFO: [Common 17-206] Exiting xsim at Wed Sep 30 03:17:34 2026...
