Copyright 1986-2018 Xilinx, Inc. All Rights Reserved.
-----------------------------------------------------------------------------------------------------------------------------------------------------
| Tool Version : Vivado v.2018.3 (win64) Build 2405991 Thu Dec  6 23:38:27 MST 2018
| Date         : Wed Sep 30 11:45:06 2026
| Host         : REEDZHAO running 64-bit major release  (build 9200)
| Command      : report_clock_utilization -file C:/Users/Administrator/adc_rtl_vivado/run.fe9182c26b9b4a76a18a3ca0baff85ce/out/clock_utilization.rpt
| Design       : sar20_digital_core
| Device       : 7vx690t-ffg1761
| Speed File   : -2  PRODUCTION 1.11 2014-09-11
-----------------------------------------------------------------------------------------------------------------------------------------------------

Clock Utilization Report

Table of Contents
-----------------
1. Clock Primitive Utilization
2. Global Clock Resources
3. Global Clock Source Details
4. Clock Regions: Key Resource Utilization
5. Clock Regions : Global Clock Summary
6. Device Cell Placement Summary for Global Clock g0
7. Clock Region Cell Placement per Global Clock: Region X1Y1
8. Clock Region Cell Placement per Global Clock: Region X0Y2
9. Clock Region Cell Placement per Global Clock: Region X1Y2
10. Clock Region Cell Placement per Global Clock: Region X0Y3
11. Clock Region Cell Placement per Global Clock: Region X1Y3
12. Clock Region Cell Placement per Global Clock: Region X0Y4
13. Clock Region Cell Placement per Global Clock: Region X1Y4
14. Clock Region Cell Placement per Global Clock: Region X0Y5
15. Clock Region Cell Placement per Global Clock: Region X1Y5
16. Clock Region Cell Placement per Global Clock: Region X0Y6
17. Clock Region Cell Placement per Global Clock: Region X1Y6
18. Clock Region Cell Placement per Global Clock: Region X0Y7
19. Clock Region Cell Placement per Global Clock: Region X1Y7
20. Clock Region Cell Placement per Global Clock: Region X0Y8

1. Clock Primitive Utilization
------------------------------

+----------+------+-----------+-----+--------------+--------+
| Type     | Used | Available | LOC | Clock Region | Pblock |
+----------+------+-----------+-----+--------------+--------+
| BUFGCTRL |    1 |        32 |   1 |            0 |      0 |
| BUFH     |    0 |       240 |   0 |            0 |      0 |
| BUFIO    |    0 |        80 |   0 |            0 |      0 |
| BUFMR    |    0 |        40 |   0 |            0 |      0 |
| BUFR     |    0 |        80 |   0 |            0 |      0 |
| MMCM     |    0 |        20 |   0 |            0 |      0 |
| PLL      |    0 |        20 |   0 |            0 |      0 |
+----------+------+-----------+-----+--------------+--------+


2. Global Clock Resources
-------------------------

+-----------+-----------+-----------------+---------------+---------------+--------------+-------------------+-------------+-----------------+--------------+----------+-----------------------+-----+
| Global Id | Source Id | Driver Type/Pin | Constraint    | Site          | Clock Region | Load Clock Region | Clock Loads | Non-Clock Loads | Clock Period | Clock    | Driver Pin            | Net |
+-----------+-----------+-----------------+---------------+---------------+--------------+-------------------+-------------+-----------------+--------------+----------+-----------------------+-----+
| g0        | src0      | BUFG/O          | BUFGCTRL_X0Y0 | BUFGCTRL_X0Y0 | n/a          |                14 |       66536 |               0 |       25.000 | core_clk | __ooc_internal_bufg/O | clk |
+-----------+-----------+-----------------+---------------+---------------+--------------+-------------------+-------------+-----------------+--------------+----------+-----------------------+-----+
* Clock Loads column represents the clock pin loads (pin count)
** Non-Clock Loads column represents the non-clock pin loads (pin count)


3. Global Clock Source Details
------------------------------

+-----------+-----------+-----------------+---------------+---------------+--------------+-------------+-----------------+---------------------+--------------+-----------------------+-----------------+
| Source Id | Global Id | Driver Type/Pin | Constraint    | Site          | Clock Region | Clock Loads | Non-Clock Loads | Source Clock Period | Source Clock | Driver Pin            | Net             |
+-----------+-----------+-----------------+---------------+---------------+--------------+-------------+-----------------+---------------------+--------------+-----------------------+-----------------+
| src0      | g0        | port/clk        | BUFGCTRL_X0Y0 | BUFGCTRL_X0Y0 | n/a          |           1 |               0 |                     |              | __ooc_internal_bufg/I | __ooc_clk_input |
+-----------+-----------+-----------------+---------------+---------------+--------------+-------------+-----------------+---------------------+--------------+-----------------------+-----------------+
* Clock Loads column represents the clock pin loads (pin count)
** Non-Clock Loads column represents the non-clock pin loads (pin count)


4. Clock Regions: Key Resource Utilization
------------------------------------------

+-------------------+--------------+--------------+--------------+--------------+--------------+--------------+--------------+--------------+--------------+--------------+--------------+--------------+--------------+--------------+--------------+
|                   | Global Clock |     BUFRs    |    BUFMRs    |    BUFIOs    |     MMCM     |      PLL     |      GT      |      PCI     |    ILOGIC    |    OLOGIC    |      FF      |     LUTM     |    RAMB18    |    RAMB36    |    DSP48E2   |
+-------------------+------+-------+------+-------+------+-------+------+-------+------+-------+------+-------+------+-------+------+-------+------+-------+------+-------+------+-------+------+-------+------+-------+------+-------+------+-------+
| Clock Region Name | Used | Avail | Used | Avail | Used | Avail | Used | Avail | Used | Avail | Used | Avail | Used | Avail | Used | Avail | Used | Avail | Used | Avail | Used | Avail | Used | Avail | Used | Avail | Used | Avail | Used | Avail |
+-------------------+------+-------+------+-------+------+-------+------+-------+------+-------+------+-------+------+-------+------+-------+------+-------+------+-------+------+-------+------+-------+------+-------+------+-------+------+-------+
| X0Y0              |    0 |    12 |    0 |     4 |    0 |     2 |    0 |     4 |    0 |     1 |    0 |     1 |    0 |     4 |    0 |     0 |    0 |    50 |    0 |    50 |    0 |  5300 |    0 |  1850 |    0 |   140 |    0 |    70 |    0 |   140 |
| X1Y0              |    0 |    12 |    0 |     4 |    0 |     2 |    0 |     4 |    0 |     1 |    0 |     1 |    0 |     4 |    0 |     0 |    0 |    50 |    0 |    50 |    0 |  5800 |    0 |  2550 |    0 |   160 |    0 |    80 |    0 |   220 |
| X0Y1              |    0 |    12 |    0 |     4 |    0 |     2 |    0 |     4 |    0 |     1 |    0 |     1 |    0 |     4 |    0 |     0 |    0 |    50 |    0 |    50 |    0 |  5300 |    0 |  1850 |    0 |   140 |    0 |    70 |    0 |   140 |
| X1Y1              |    1 |    12 |    0 |     4 |    0 |     2 |    0 |     4 |    0 |     1 |    0 |     1 |    0 |     4 |    0 |     0 |    0 |    50 |    0 |    50 |  184 |  5550 |   96 |  2475 |    0 |   150 |    0 |    75 |    0 |   220 |
| X0Y2              |    1 |    12 |    0 |     4 |    0 |     2 |    0 |     4 |    0 |     1 |    0 |     1 |    0 |     4 |    0 |     0 |    0 |    50 |    0 |    50 | 1653 |  5300 |  552 |  1850 |    0 |   140 |    0 |    70 |    0 |   140 |
| X1Y2              |    1 |    12 |    0 |     4 |    0 |     2 |    0 |     4 |    0 |     1 |    0 |     1 |    0 |     4 |    0 |     1 |    0 |    50 |    0 |    50 | 3636 |  5550 | 1806 |  2475 |    0 |   150 |    0 |    75 |    0 |   220 |
| X0Y3              |    1 |    12 |    0 |     4 |    0 |     2 |    0 |     4 |    0 |     1 |    0 |     1 |    0 |     4 |    0 |     0 |    0 |    50 |    0 |    50 | 7971 |  5300 | 2850 |  1850 |    0 |   140 |    0 |    70 |    0 |   140 |
| X1Y3              |    1 |    12 |    0 |     4 |    0 |     2 |    0 |     4 |    0 |     1 |    0 |     1 |    0 |     4 |    0 |     0 |    0 |    50 |    0 |    50 | 8259 |  5800 | 3802 |  2550 |    0 |   160 |    0 |    80 |    0 |   220 |
| X0Y4              |    1 |    12 |    0 |     4 |    0 |     2 |    0 |     4 |    0 |     1 |    0 |     1 |    0 |     4 |    0 |     0 |    0 |    50 |    0 |    50 | 5887 |  4700 | 2488 |  1850 |    0 |   140 |    0 |    70 |    0 |   140 |
| X1Y4              |    1 |    12 |    0 |     4 |    0 |     2 |    0 |     4 |    0 |     1 |    0 |     1 |    0 |     4 |    0 |     0 |    0 |    50 |    0 |    50 | 7560 |  5550 | 3355 |  2475 |    0 |   150 |    0 |    75 |    0 |   220 |
| X0Y5              |    1 |    12 |    0 |     4 |    0 |     2 |    0 |     4 |    0 |     1 |    0 |     1 |    0 |     4 |    0 |     0 |    0 |    50 |    0 |    50 | 5207 |  4700 | 1891 |  1850 |    0 |   140 |    0 |    70 |    0 |   140 |
| X1Y5              |    1 |    12 |    0 |     4 |    0 |     2 |    0 |     4 |    0 |     1 |    0 |     1 |    0 |     4 |    0 |     1 |    0 |    50 |    0 |    50 | 6341 |  5550 | 2873 |  2475 |    0 |   150 |    0 |    75 |    0 |   220 |
| X0Y6              |    1 |    12 |    0 |     4 |    0 |     2 |    0 |     4 |    0 |     1 |    0 |     1 |    0 |     4 |    0 |     0 |    0 |    50 |    0 |    50 | 6631 |  5300 | 2276 |  1850 |    0 |   140 |    0 |    70 |    0 |   140 |
| X1Y6              |    1 |    12 |    0 |     4 |    0 |     2 |    0 |     4 |    0 |     1 |    0 |     1 |    0 |     4 |    0 |     0 |    0 |    50 |    0 |    50 | 7690 |  5800 | 3399 |  2550 |    0 |   160 |    0 |    80 |    0 |   220 |
| X0Y7              |    1 |    12 |    0 |     4 |    0 |     2 |    0 |     4 |    0 |     1 |    0 |     1 |    0 |     4 |    0 |     0 |    0 |    50 |    0 |    50 | 1869 |  5300 |  607 |  1850 |    0 |   140 |    0 |    70 |    0 |   140 |
| X1Y7              |    1 |    12 |    0 |     4 |    0 |     2 |    0 |     4 |    0 |     1 |    0 |     1 |    0 |     4 |    0 |     0 |    0 |    50 |    0 |    50 | 1795 |  5550 |  986 |  2475 |    0 |   150 |    0 |    75 |    0 |   220 |
| X0Y8              |    1 |    12 |    0 |     4 |    0 |     2 |    0 |     4 |    0 |     1 |    0 |     1 |    0 |     4 |    0 |     0 |    0 |    50 |    0 |    50 | 1837 |  5300 |  718 |  1850 |    0 |   140 |    0 |    70 |   16 |   140 |
| X1Y8              |    0 |    12 |    0 |     4 |    0 |     2 |    0 |     4 |    0 |     1 |    0 |     1 |    0 |     4 |    0 |     1 |    0 |    50 |    0 |    50 |    0 |  5550 |    0 |  2475 |    0 |   150 |    0 |    75 |    0 |   220 |
| X0Y9              |    0 |    12 |    0 |     4 |    0 |     2 |    0 |     4 |    0 |     1 |    0 |     1 |    0 |     4 |    0 |     0 |    0 |    50 |    0 |    50 |    0 |  5300 |    0 |  1850 |    0 |   140 |    0 |    70 |    0 |   140 |
| X1Y9              |    0 |    12 |    0 |     4 |    0 |     2 |    0 |     4 |    0 |     1 |    0 |     1 |    0 |     4 |    0 |     0 |    0 |    50 |    0 |    50 |    0 |  5800 |    0 |  2550 |    0 |   160 |    0 |    80 |    0 |   220 |
+-------------------+------+-------+------+-------+------+-------+------+-------+------+-------+------+-------+------+-------+------+-------+------+-------+------+-------+------+-------+------+-------+------+-------+------+-------+------+-------+
* Global Clock column represents track count; while other columns represents cell counts


5. Clock Regions : Global Clock Summary
---------------------------------------

All Modules
+----+----+----+
|    | X0 | X1 |
+----+----+----+
| Y9 |  0 |  0 |
| Y8 |  1 |  0 |
| Y7 |  1 |  1 |
| Y6 |  1 |  1 |
| Y5 |  1 |  1 |
| Y4 |  1 |  1 |
| Y3 |  1 |  1 |
| Y2 |  1 |  1 |
| Y1 |  0 |  1 |
| Y0 |  0 |  0 |
+----+----+----+


6. Device Cell Placement Summary for Global Clock g0
----------------------------------------------------

+-----------+-----------------+-------------------+----------+-------------+----------------+-------------+----------+----------------+----------+-----+
| Global Id | Driver Type/Pin | Driver Region (D) | Clock    | Period (ns) | Waveform (ns)  | Slice Loads | IO Loads | Clocking Loads | GT Loads | Net |
+-----------+-----------------+-------------------+----------+-------------+----------------+-------------+----------+----------------+----------+-----+
| g0        | BUFG/O          | n/a               | core_clk |      25.000 | {0.000 12.500} |       66536 |        0 |              0 |        0 | clk |
+-----------+-----------------+-------------------+----------+-------------+----------------+-------------+----------+----------------+----------+-----+
* Logic Loads column represents load cell count of all cell types other than IO, GT and clock resources
** IO Loads column represents load cell count of IO types
*** Clocking Loads column represents load cell count that are clock resources (global clock buffer, MMCM, PLL, etc)
**** GT Loads column represents load cell count of GT types


+----+-------+-------+
|    | X0    | X1    |
+----+-------+-------+
| Y9 |     0 |     0 |
| Y8 |  1853 |     0 |
| Y7 |  1869 |  1795 |
| Y6 |  6631 |  7690 |
| Y5 |  5207 |  6341 |
| Y4 |  5887 |  7560 |
| Y3 |  7971 |  8259 |
| Y2 |  1653 |  3636 |
| Y1 |     0 |   184 |
| Y0 |     0 |     0 |
+----+-------+-------+


7. Clock Region Cell Placement per Global Clock: Region X1Y1
------------------------------------------------------------

+-----------+-------+-----------------+---------------+-------------+-----------------+-----+--------+------+-----+----+------+-----+---------+-----+
| Global Id | Track | Driver Type/Pin | Constraint    | Clock Loads | Non-Clock Loads | FF  | LUTRAM | RAMB | DSP | GT | MMCM | PLL | Hard IP | Net |
+-----------+-------+-----------------+---------------+-------------+-----------------+-----+--------+------+-----+----+------+-----+---------+-----+
| g0        | n/a   | BUFG/O          | BUFGCTRL_X0Y0 |         184 |               0 | 184 |      0 |    0 |   0 |  0 |    0 |   0 |       0 | clk |
+-----------+-------+-----------------+---------------+-------------+-----------------+-----+--------+------+-----+----+------+-----+---------+-----+
* Clock Loads column represents the clock pin loads (pin count)
** Non-Clock Loads column represents the non-clock pin loads (pin count)
*** Columns FF, LUTRAM, RAMB through 'Hard IP' represents load cell counts


8. Clock Region Cell Placement per Global Clock: Region X0Y2
------------------------------------------------------------

+-----------+-------+-----------------+---------------+-------------+-----------------+------+--------+------+-----+----+------+-----+---------+-----+
| Global Id | Track | Driver Type/Pin | Constraint    | Clock Loads | Non-Clock Loads | FF   | LUTRAM | RAMB | DSP | GT | MMCM | PLL | Hard IP | Net |
+-----------+-------+-----------------+---------------+-------------+-----------------+------+--------+------+-----+----+------+-----+---------+-----+
| g0        | n/a   | BUFG/O          | BUFGCTRL_X0Y0 |        1653 |               0 | 1653 |      0 |    0 |   0 |  0 |    0 |   0 |       0 | clk |
+-----------+-------+-----------------+---------------+-------------+-----------------+------+--------+------+-----+----+------+-----+---------+-----+
* Clock Loads column represents the clock pin loads (pin count)
** Non-Clock Loads column represents the non-clock pin loads (pin count)
*** Columns FF, LUTRAM, RAMB through 'Hard IP' represents load cell counts


9. Clock Region Cell Placement per Global Clock: Region X1Y2
------------------------------------------------------------

+-----------+-------+-----------------+---------------+-------------+-----------------+------+--------+------+-----+----+------+-----+---------+-----+
| Global Id | Track | Driver Type/Pin | Constraint    | Clock Loads | Non-Clock Loads | FF   | LUTRAM | RAMB | DSP | GT | MMCM | PLL | Hard IP | Net |
+-----------+-------+-----------------+---------------+-------------+-----------------+------+--------+------+-----+----+------+-----+---------+-----+
| g0        | n/a   | BUFG/O          | BUFGCTRL_X0Y0 |        3636 |               0 | 3636 |      0 |    0 |   0 |  0 |    0 |   0 |       0 | clk |
+-----------+-------+-----------------+---------------+-------------+-----------------+------+--------+------+-----+----+------+-----+---------+-----+
* Clock Loads column represents the clock pin loads (pin count)
** Non-Clock Loads column represents the non-clock pin loads (pin count)
*** Columns FF, LUTRAM, RAMB through 'Hard IP' represents load cell counts


10. Clock Region Cell Placement per Global Clock: Region X0Y3
-------------------------------------------------------------

+-----------+-------+-----------------+---------------+-------------+-----------------+------+--------+------+-----+----+------+-----+---------+-----+
| Global Id | Track | Driver Type/Pin | Constraint    | Clock Loads | Non-Clock Loads | FF   | LUTRAM | RAMB | DSP | GT | MMCM | PLL | Hard IP | Net |
+-----------+-------+-----------------+---------------+-------------+-----------------+------+--------+------+-----+----+------+-----+---------+-----+
| g0        | n/a   | BUFG/O          | BUFGCTRL_X0Y0 |        7971 |               0 | 7971 |      0 |    0 |   0 |  0 |    0 |   0 |       0 | clk |
+-----------+-------+-----------------+---------------+-------------+-----------------+------+--------+------+-----+----+------+-----+---------+-----+
* Clock Loads column represents the clock pin loads (pin count)
** Non-Clock Loads column represents the non-clock pin loads (pin count)
*** Columns FF, LUTRAM, RAMB through 'Hard IP' represents load cell counts


11. Clock Region Cell Placement per Global Clock: Region X1Y3
-------------------------------------------------------------

+-----------+-------+-----------------+---------------+-------------+-----------------+------+--------+------+-----+----+------+-----+---------+-----+
| Global Id | Track | Driver Type/Pin | Constraint    | Clock Loads | Non-Clock Loads | FF   | LUTRAM | RAMB | DSP | GT | MMCM | PLL | Hard IP | Net |
+-----------+-------+-----------------+---------------+-------------+-----------------+------+--------+------+-----+----+------+-----+---------+-----+
| g0        | n/a   | BUFG/O          | BUFGCTRL_X0Y0 |        8259 |               0 | 8259 |      0 |    0 |   0 |  0 |    0 |   0 |       0 | clk |
+-----------+-------+-----------------+---------------+-------------+-----------------+------+--------+------+-----+----+------+-----+---------+-----+
* Clock Loads column represents the clock pin loads (pin count)
** Non-Clock Loads column represents the non-clock pin loads (pin count)
*** Columns FF, LUTRAM, RAMB through 'Hard IP' represents load cell counts


12. Clock Region Cell Placement per Global Clock: Region X0Y4
-------------------------------------------------------------

+-----------+-------+-----------------+---------------+-------------+-----------------+------+--------+------+-----+----+------+-----+---------+-----+
| Global Id | Track | Driver Type/Pin | Constraint    | Clock Loads | Non-Clock Loads | FF   | LUTRAM | RAMB | DSP | GT | MMCM | PLL | Hard IP | Net |
+-----------+-------+-----------------+---------------+-------------+-----------------+------+--------+------+-----+----+------+-----+---------+-----+
| g0        | n/a   | BUFG/O          | BUFGCTRL_X0Y0 |        5887 |               0 | 5887 |      0 |    0 |   0 |  0 |    0 |   0 |       0 | clk |
+-----------+-------+-----------------+---------------+-------------+-----------------+------+--------+------+-----+----+------+-----+---------+-----+
* Clock Loads column represents the clock pin loads (pin count)
** Non-Clock Loads column represents the non-clock pin loads (pin count)
*** Columns FF, LUTRAM, RAMB through 'Hard IP' represents load cell counts


13. Clock Region Cell Placement per Global Clock: Region X1Y4
-------------------------------------------------------------

+-----------+-------+-----------------+---------------+-------------+-----------------+------+--------+------+-----+----+------+-----+---------+-----+
| Global Id | Track | Driver Type/Pin | Constraint    | Clock Loads | Non-Clock Loads | FF   | LUTRAM | RAMB | DSP | GT | MMCM | PLL | Hard IP | Net |
+-----------+-------+-----------------+---------------+-------------+-----------------+------+--------+------+-----+----+------+-----+---------+-----+
| g0        | n/a   | BUFG/O          | BUFGCTRL_X0Y0 |        7560 |               0 | 7560 |      0 |    0 |   0 |  0 |    0 |   0 |       0 | clk |
+-----------+-------+-----------------+---------------+-------------+-----------------+------+--------+------+-----+----+------+-----+---------+-----+
* Clock Loads column represents the clock pin loads (pin count)
** Non-Clock Loads column represents the non-clock pin loads (pin count)
*** Columns FF, LUTRAM, RAMB through 'Hard IP' represents load cell counts


14. Clock Region Cell Placement per Global Clock: Region X0Y5
-------------------------------------------------------------

+-----------+-------+-----------------+---------------+-------------+-----------------+------+--------+------+-----+----+------+-----+---------+-----+
| Global Id | Track | Driver Type/Pin | Constraint    | Clock Loads | Non-Clock Loads | FF   | LUTRAM | RAMB | DSP | GT | MMCM | PLL | Hard IP | Net |
+-----------+-------+-----------------+---------------+-------------+-----------------+------+--------+------+-----+----+------+-----+---------+-----+
| g0        | n/a   | BUFG/O          | BUFGCTRL_X0Y0 |        5207 |               0 | 5207 |      0 |    0 |   0 |  0 |    0 |   0 |       0 | clk |
+-----------+-------+-----------------+---------------+-------------+-----------------+------+--------+------+-----+----+------+-----+---------+-----+
* Clock Loads column represents the clock pin loads (pin count)
** Non-Clock Loads column represents the non-clock pin loads (pin count)
*** Columns FF, LUTRAM, RAMB through 'Hard IP' represents load cell counts


15. Clock Region Cell Placement per Global Clock: Region X1Y5
-------------------------------------------------------------

+-----------+-------+-----------------+---------------+-------------+-----------------+------+--------+------+-----+----+------+-----+---------+-----+
| Global Id | Track | Driver Type/Pin | Constraint    | Clock Loads | Non-Clock Loads | FF   | LUTRAM | RAMB | DSP | GT | MMCM | PLL | Hard IP | Net |
+-----------+-------+-----------------+---------------+-------------+-----------------+------+--------+------+-----+----+------+-----+---------+-----+
| g0        | n/a   | BUFG/O          | BUFGCTRL_X0Y0 |        6341 |               0 | 6341 |      0 |    0 |   0 |  0 |    0 |   0 |       0 | clk |
+-----------+-------+-----------------+---------------+-------------+-----------------+------+--------+------+-----+----+------+-----+---------+-----+
* Clock Loads column represents the clock pin loads (pin count)
** Non-Clock Loads column represents the non-clock pin loads (pin count)
*** Columns FF, LUTRAM, RAMB through 'Hard IP' represents load cell counts


16. Clock Region Cell Placement per Global Clock: Region X0Y6
-------------------------------------------------------------

+-----------+-------+-----------------+---------------+-------------+-----------------+------+--------+------+-----+----+------+-----+---------+-----+
| Global Id | Track | Driver Type/Pin | Constraint    | Clock Loads | Non-Clock Loads | FF   | LUTRAM | RAMB | DSP | GT | MMCM | PLL | Hard IP | Net |
+-----------+-------+-----------------+---------------+-------------+-----------------+------+--------+------+-----+----+------+-----+---------+-----+
| g0        | n/a   | BUFG/O          | BUFGCTRL_X0Y0 |        6631 |               0 | 6631 |      0 |    0 |   0 |  0 |    0 |   0 |       0 | clk |
+-----------+-------+-----------------+---------------+-------------+-----------------+------+--------+------+-----+----+------+-----+---------+-----+
* Clock Loads column represents the clock pin loads (pin count)
** Non-Clock Loads column represents the non-clock pin loads (pin count)
*** Columns FF, LUTRAM, RAMB through 'Hard IP' represents load cell counts


17. Clock Region Cell Placement per Global Clock: Region X1Y6
-------------------------------------------------------------

+-----------+-------+-----------------+---------------+-------------+-----------------+------+--------+------+-----+----+------+-----+---------+-----+
| Global Id | Track | Driver Type/Pin | Constraint    | Clock Loads | Non-Clock Loads | FF   | LUTRAM | RAMB | DSP | GT | MMCM | PLL | Hard IP | Net |
+-----------+-------+-----------------+---------------+-------------+-----------------+------+--------+------+-----+----+------+-----+---------+-----+
| g0        | n/a   | BUFG/O          | BUFGCTRL_X0Y0 |        7690 |               0 | 7690 |      0 |    0 |   0 |  0 |    0 |   0 |       0 | clk |
+-----------+-------+-----------------+---------------+-------------+-----------------+------+--------+------+-----+----+------+-----+---------+-----+
* Clock Loads column represents the clock pin loads (pin count)
** Non-Clock Loads column represents the non-clock pin loads (pin count)
*** Columns FF, LUTRAM, RAMB through 'Hard IP' represents load cell counts


18. Clock Region Cell Placement per Global Clock: Region X0Y7
-------------------------------------------------------------

+-----------+-------+-----------------+---------------+-------------+-----------------+------+--------+------+-----+----+------+-----+---------+-----+
| Global Id | Track | Driver Type/Pin | Constraint    | Clock Loads | Non-Clock Loads | FF   | LUTRAM | RAMB | DSP | GT | MMCM | PLL | Hard IP | Net |
+-----------+-------+-----------------+---------------+-------------+-----------------+------+--------+------+-----+----+------+-----+---------+-----+
| g0        | n/a   | BUFG/O          | BUFGCTRL_X0Y0 |        1869 |               0 | 1869 |      0 |    0 |   0 |  0 |    0 |   0 |       0 | clk |
+-----------+-------+-----------------+---------------+-------------+-----------------+------+--------+------+-----+----+------+-----+---------+-----+
* Clock Loads column represents the clock pin loads (pin count)
** Non-Clock Loads column represents the non-clock pin loads (pin count)
*** Columns FF, LUTRAM, RAMB through 'Hard IP' represents load cell counts


19. Clock Region Cell Placement per Global Clock: Region X1Y7
-------------------------------------------------------------

+-----------+-------+-----------------+---------------+-------------+-----------------+------+--------+------+-----+----+------+-----+---------+-----+
| Global Id | Track | Driver Type/Pin | Constraint    | Clock Loads | Non-Clock Loads | FF   | LUTRAM | RAMB | DSP | GT | MMCM | PLL | Hard IP | Net |
+-----------+-------+-----------------+---------------+-------------+-----------------+------+--------+------+-----+----+------+-----+---------+-----+
| g0        | n/a   | BUFG/O          | BUFGCTRL_X0Y0 |        1795 |               0 | 1795 |      0 |    0 |   0 |  0 |    0 |   0 |       0 | clk |
+-----------+-------+-----------------+---------------+-------------+-----------------+------+--------+------+-----+----+------+-----+---------+-----+
* Clock Loads column represents the clock pin loads (pin count)
** Non-Clock Loads column represents the non-clock pin loads (pin count)
*** Columns FF, LUTRAM, RAMB through 'Hard IP' represents load cell counts


20. Clock Region Cell Placement per Global Clock: Region X0Y8
-------------------------------------------------------------

+-----------+-------+-----------------+---------------+-------------+-----------------+------+--------+------+-----+----+------+-----+---------+-----+
| Global Id | Track | Driver Type/Pin | Constraint    | Clock Loads | Non-Clock Loads | FF   | LUTRAM | RAMB | DSP | GT | MMCM | PLL | Hard IP | Net |
+-----------+-------+-----------------+---------------+-------------+-----------------+------+--------+------+-----+----+------+-----+---------+-----+
| g0        | n/a   | BUFG/O          | BUFGCTRL_X0Y0 |        1853 |               0 | 1837 |      0 |    0 |  16 |  0 |    0 |   0 |       0 | clk |
+-----------+-------+-----------------+---------------+-------------+-----------------+------+--------+------+-----+----+------+-----+---------+-----+
* Clock Loads column represents the clock pin loads (pin count)
** Non-Clock Loads column represents the non-clock pin loads (pin count)
*** Columns FF, LUTRAM, RAMB through 'Hard IP' represents load cell counts



# Location of BUFG Primitives 
set_property LOC BUFGCTRL_X0Y0 [get_cells __ooc_internal_bufg]

# Location of IO Primitives which is load of clock spine

# Location of clock ports

# Clock net "clk" driven by instance "__ooc_internal_bufg" located at site "BUFGCTRL_X0Y0"
#startgroup
create_pblock {CLKAG_clk}
add_cells_to_pblock [get_pblocks  {CLKAG_clk}] [get_cells -filter { PRIMITIVE_GROUP != I/O && IS_PRIMITIVE==1 && PRIMITIVE_LEVEL !=INTERNAL } -of_object [get_pins -filter {DIRECTION==IN} -of_objects [get_nets -hierarchical -filter {PARENT=="clk"}]]]
resize_pblock [get_pblocks {CLKAG_clk}] -add {CLOCKREGION_X0Y2:CLOCKREGION_X0Y2 CLOCKREGION_X0Y3:CLOCKREGION_X0Y3 CLOCKREGION_X0Y4:CLOCKREGION_X0Y4 CLOCKREGION_X0Y5:CLOCKREGION_X0Y5 CLOCKREGION_X0Y6:CLOCKREGION_X0Y6 CLOCKREGION_X0Y7:CLOCKREGION_X0Y7 CLOCKREGION_X0Y8:CLOCKREGION_X0Y8 CLOCKREGION_X1Y1:CLOCKREGION_X1Y1 CLOCKREGION_X1Y2:CLOCKREGION_X1Y2 CLOCKREGION_X1Y3:CLOCKREGION_X1Y3 CLOCKREGION_X1Y4:CLOCKREGION_X1Y4 CLOCKREGION_X1Y5:CLOCKREGION_X1Y5 CLOCKREGION_X1Y6:CLOCKREGION_X1Y6 CLOCKREGION_X1Y7:CLOCKREGION_X1Y7}
#endgroup
