Copyright 1986-2018 Xilinx, Inc. All Rights Reserved.
-------------------------------------------------------------------------------------------------------------------------------
| Tool Version : Vivado v.2018.3 (win64) Build 2405991 Thu Dec  6 23:38:27 MST 2018
| Date         : Wed Sep 30 11:45:06 2026
| Host         : REEDZHAO running 64-bit major release  (build 9200)
| Command      : report_clocks -file C:/Users/Administrator/adc_rtl_vivado/run.fe9182c26b9b4a76a18a3ca0baff85ce/out/clocks.rpt
| Design       : sar20_digital_core
| Device       : 7vx690t-ffg1761
| Speed File   : -2  PRODUCTION 1.11 2014-09-11
-------------------------------------------------------------------------------------------------------------------------------

Clock Report


Attributes
  P: Propagated
  G: Generated
  A: Auto-derived
  R: Renamed
  V: Virtual
  I: Inverted
  S: Pin phase-shifted with Latency mode

Clock     Period(ns)  Waveform(ns)    Attributes  Sources
core_clk  25.000      {0.000 12.500}  P           {clk}


====================================================
Generated Clocks
====================================================



====================================================
User Uncertainty
====================================================

From Clock  To Clock  Setup(ns)  Hold(ns)  Edges
core_clk    core_clk  0.050      0.050     rf -> rf


====================================================
User Jitter
====================================================


