Copyright 1986-2018 Xilinx, Inc. All Rights Reserved.
-----------------------------------------------------------------------------------------------------------------------------------------------------------------------------------------
| Tool Version : Vivado v.2018.3 (win64) Build 2405991 Thu Dec  6 23:38:27 MST 2018
| Date         : Wed Sep 30 11:45:39 2026
| Host         : REEDZHAO running 64-bit major release  (build 9200)
| Command      : report_timing_summary -delay_type min_max -report_unconstrained -file C:/Users/Administrator/adc_rtl_vivado/run.fe9182c26b9b4a76a18a3ca0baff85ce/out/timing_summary.rpt
| Design       : sar20_digital_core
| Device       : 7vx690t-ffg1761
| Speed File   : -2  PRODUCTION 1.11 2014-09-11
-----------------------------------------------------------------------------------------------------------------------------------------------------------------------------------------

Timing Summary Report

------------------------------------------------------------------------------------------------
| Timer Settings
| --------------
------------------------------------------------------------------------------------------------

  Enable Multi Corner Analysis               :  Yes
  Enable Pessimism Removal                   :  Yes
  Pessimism Removal Resolution               :  Nearest Common Node
  Enable Input Delay Default Clock           :  No
  Enable Preset / Clear Arcs                 :  No
  Disable Flight Delays                      :  No
  Ignore I/O Paths                           :  No
  Timing Early Launch at Borrowing Latches   :  false

  Corner  Analyze    Analyze    
  Name    Max Paths  Min Paths  
  ------  ---------  ---------  
  Slow    Yes        Yes        
  Fast    Yes        Yes        



check_timing report

Table of Contents
-----------------
1. checking no_clock
2. checking constant_clock
3. checking pulse_width_clock
4. checking unconstrained_internal_endpoints
5. checking no_input_delay
6. checking no_output_delay
7. checking multiple_clock
8. checking generated_clocks
9. checking loops
10. checking partial_input_delay
11. checking partial_output_delay
12. checking latch_loops

1. checking no_clock
--------------------
 There are 0 register/latch pins with no clock.


2. checking constant_clock
--------------------------
 There are 0 register/latch pins with constant_clock.


3. checking pulse_width_clock
-----------------------------
 There are 0 register/latch pins which need pulse_width check


4. checking unconstrained_internal_endpoints
--------------------------------------------
 There are 0 pins that are not constrained for maximum delay.

 There are 0 pins that are not constrained for maximum delay due to constant clock.


5. checking no_input_delay
--------------------------
 There are 0 input ports with no input delay specified.

 There are 0 input ports with no input delay but user has a false path constraint.


6. checking no_output_delay
---------------------------
 There are 0 ports with no output delay specified.

 There are 0 ports with no output delay but user has a false path constraint

 There are 0 ports with no output delay but with a timing clock defined on it or propagating through it


7. checking multiple_clock
--------------------------
 There are 0 register/latch pins with multiple clocks.


8. checking generated_clocks
----------------------------
 There are 0 generated clocks that are not connected to a clock source.


9. checking loops
-----------------
 There are 0 combinational loops in the design.


10. checking partial_input_delay
--------------------------------
 There are 0 input ports with partial input delay specified.


11. checking partial_output_delay
---------------------------------
 There are 0 ports with partial output delay specified.


12. checking latch_loops
------------------------
 There are 0 combinational latch loops in the design through latch input



------------------------------------------------------------------------------------------------
| Design Timing Summary
| ---------------------
------------------------------------------------------------------------------------------------

    WNS(ns)      TNS(ns)  TNS Failing Endpoints  TNS Total Endpoints      WHS(ns)      THS(ns)  THS Failing Endpoints  THS Total Endpoints     WPWS(ns)     TPWS(ns)  TPWS Failing Endpoints  TPWS Total Endpoints  
    -------      -------  ---------------------  -------------------      -------      -------  ---------------------  -------------------     --------     --------  ----------------------  --------------------  
     -0.280      -11.625                    158               200369       -2.361  -108383.945                  66728               200369       12.100        0.000                       0                 66521  


Timing constraints are not met.


------------------------------------------------------------------------------------------------
| Clock Summary
| -------------
------------------------------------------------------------------------------------------------

Clock     Waveform(ns)       Period(ns)      Frequency(MHz)
-----     ------------       ----------      --------------
core_clk  {0.000 12.500}     25.000          40.000          


------------------------------------------------------------------------------------------------
| Intra Clock Table
| -----------------
------------------------------------------------------------------------------------------------

Clock             WNS(ns)      TNS(ns)  TNS Failing Endpoints  TNS Total Endpoints      WHS(ns)      THS(ns)  THS Failing Endpoints  THS Total Endpoints     WPWS(ns)     TPWS(ns)  TPWS Failing Endpoints  TPWS Total Endpoints  
-----             -------      -------  ---------------------  -------------------      -------      -------  ---------------------  -------------------     --------     --------  ----------------------  --------------------  
core_clk           -0.280      -11.625                    158               200369       -2.361  -108383.945                  66728               200369       12.100        0.000                       0                 66521  


------------------------------------------------------------------------------------------------
| Inter Clock Table
| -----------------
------------------------------------------------------------------------------------------------

From Clock    To Clock          WNS(ns)      TNS(ns)  TNS Failing Endpoints  TNS Total Endpoints      WHS(ns)      THS(ns)  THS Failing Endpoints  THS Total Endpoints  
----------    --------          -------      -------  ---------------------  -------------------      -------      -------  ---------------------  -------------------  


------------------------------------------------------------------------------------------------
| Other Path Groups Table
| -----------------------
------------------------------------------------------------------------------------------------

Path Group    From Clock    To Clock          WNS(ns)      TNS(ns)  TNS Failing Endpoints  TNS Total Endpoints      WHS(ns)      THS(ns)  THS Failing Endpoints  THS Total Endpoints  
----------    ----------    --------          -------      -------  ---------------------  -------------------      -------      -------  ---------------------  -------------------  


------------------------------------------------------------------------------------------------
| User Ignored Path Table
| -----------------------
------------------------------------------------------------------------------------------------

Path Group    From Clock    To Clock    
----------    ----------    --------    


------------------------------------------------------------------------------------------------
| Unconstrained Path Table
| ------------------------
------------------------------------------------------------------------------------------------

Path Group    From Clock    To Clock    
----------    ----------    --------    


------------------------------------------------------------------------------------------------
| Timing Details
| --------------
------------------------------------------------------------------------------------------------


---------------------------------------------------------------------------------------------------
From Clock:  core_clk
  To Clock:  core_clk

Setup :          158  Failing Endpoints,  Worst Slack       -0.280ns,  Total Violation      -11.625ns
Hold  :        66728  Failing Endpoints,  Worst Slack       -2.361ns,  Total Violation  -108383.945ns
PW    :            0  Failing Endpoints,  Worst Slack       12.100ns,  Total Violation        0.000ns
---------------------------------------------------------------------------------------------------


Max Delay Paths
--------------------------------------------------------------------------------------
Slack (VIOLATED) :        -0.280ns  (required time - arrival time)
  Source:                 cur_slice_reg[3]/C
                            (rising edge-triggered cell FDRE clocked by core_clk  {rise@0.000ns fall@12.500ns period=25.000ns})
  Destination:            u_wstore/row_q_reg[13][51]/D
                            (rising edge-triggered cell FDRE clocked by core_clk  {rise@0.000ns fall@12.500ns period=25.000ns})
  Path Group:             core_clk
  Path Type:              Setup (Max at Slow Process Corner)
  Requirement:            25.000ns  (core_clk rise@25.000ns - core_clk rise@0.000ns)
  Data Path Delay:        25.231ns  (logic 1.603ns (6.353%)  route 23.628ns (93.647%))
  Logic Levels:           12  (CARRY4=2 LUT2=1 LUT3=2 LUT5=1 LUT6=3 MUXF7=2 MUXF8=1)
  Clock Path Skew:        0.133ns (DCD - SCD + CPR)
    Destination Clock Delay (DCD):    2.229ns = ( 27.229 - 25.000 ) 
    Source Clock Delay      (SCD):    2.133ns
    Clock Pessimism Removal (CPR):    0.037ns
  Clock Uncertainty:      0.085ns  ((TSJ^2 + TIJ^2)^1/2 + DJ) / 2 + PE + UU
    Total System Jitter     (TSJ):    0.071ns
    Total Input Jitter      (TIJ):    0.000ns
    Discrete Jitter          (DJ):    0.000ns
    Phase Error              (PE):    0.000ns
    User Uncertainty         (UU):    0.050ns

    Location             Delay type                Incr(ns)  Path(ns)    Netlist Resource(s)
  -------------------------------------------------------------------    -------------------
                         (clock core_clk rise edge)
                                                      0.000     0.000 r  
                                                      0.000     0.000 r  clk (IN)
                         net (fo=0)                   0.537     0.537    __ooc_clk_input
    BUFGCTRL_X0Y0        BUFG (Prop_bufg_I_O)         0.093     0.630 r  __ooc_internal_bufg/O
                         net (fo=66536, routed)       1.503     2.133    clk
    SLICE_X56Y193        FDRE                                         r  cur_slice_reg[3]/C
  -------------------------------------------------------------------    -------------------
    SLICE_X56Y193        FDRE (Prop_fdre_C_Q)         0.259     2.392 f  cur_slice_reg[3]/Q
                         net (fo=53, routed)          4.080     6.472    u_wstore/w_q_reg[3][68][46]_1[1]
    SLICE_X190Y166       LUT6 (Prop_lut6_I1_O)        0.043     6.515 r  u_wstore/cfg_rdata[46]_INST_0_i_375/O
                         net (fo=123, routed)         3.163     9.678    u_wstore/cfg_rdata[46]_INST_0_i_375_n_0
    SLICE_X188Y346       LUT2 (Prop_lut2_I0_O)        0.043     9.721 r  u_wstore/cfg_rdata[46]_INST_0_i_379/O
                         net (fo=63, routed)          1.729    11.450    u_wstore/cfg_rdata[46]_INST_0_i_379_n_0
    SLICE_X183Y277       MUXF8 (Prop_muxf8_S_O)       0.141    11.591 f  u_wstore/cfg_rdata[46]_INST_0_i_401/O
                         net (fo=1, routed)           1.612    13.204    u_wstore/cfg_rdata[46]_INST_0_i_401_n_0
    SLICE_X151Y278       LUT5 (Prop_lut5_I4_O)        0.126    13.330 f  u_wstore/cfg_rdata[46]_INST_0_i_201/O
                         net (fo=1, routed)           1.368    14.697    u_wstore/cfg_rdata[46]_INST_0_i_201_n_0
    SLICE_X175Y288       LUT3 (Prop_lut3_I0_O)        0.043    14.740 f  u_wstore/cfg_rdata[46]_INST_0_i_83/O
                         net (fo=1, routed)           0.000    14.740    u_wstore/cfg_rdata[46]_INST_0_i_83_n_0
    SLICE_X175Y288       MUXF7 (Prop_muxf7_I0_O)      0.107    14.847 f  u_wstore/cfg_rdata[46]_INST_0_i_35/O
                         net (fo=1, routed)           1.835    16.682    u_wstore/cfg_rdata[46]_INST_0_i_35_n_0
    SLICE_X149Y341       LUT6 (Prop_lut6_I3_O)        0.124    16.806 f  u_wstore/cfg_rdata[46]_INST_0_i_14/O
                         net (fo=1, routed)           0.000    16.806    u_wstore/cfg_rdata[46]_INST_0_i_14_n_0
    SLICE_X149Y341       MUXF7 (Prop_muxf7_I0_O)      0.107    16.913 f  u_wstore/cfg_rdata[46]_INST_0_i_5/O
                         net (fo=2, routed)           2.335    19.248    u_wstore/cfg_rdata[46]_INST_0_i_5_n_0
    SLICE_X35Y350        LUT6 (Prop_lut6_I3_O)        0.124    19.372 f  u_wstore/row_q[17][47]_i_10/O
                         net (fo=2, routed)           2.522    21.894    u_wstore/w_q[46]
    SLICE_X35Y439        LUT3 (Prop_lut3_I0_O)        0.052    21.946 r  u_wstore/row_q[17][47]_i_2/O
                         net (fo=2, routed)           2.507    24.453    u_wstore/row_q[17][47]_i_2_n_0
    SLICE_X35Y439        CARRY4 (Prop_carry4_DI[3]_CO[3])
                                                      0.279    24.732 r  u_wstore/row_q_reg[17][47]_i_1/CO[3]
                         net (fo=1, routed)           0.000    24.732    u_wstore/row_q_reg[17][47]_i_1_n_0
    SLICE_X35Y440        CARRY4 (Prop_carry4_CI_O[3])
                                                      0.155    24.887 r  u_wstore/row_q_reg[17][51]_i_1/O[3]
                         net (fo=18, routed)          2.478    27.364    u_wstore/row_new[51]
    SLICE_X33Y441        FDRE                                         r  u_wstore/row_q_reg[13][51]/D
  -------------------------------------------------------------------    -------------------

                         (clock core_clk rise edge)
                                                     25.000    25.000 r  
                                                      0.000    25.000 r  clk (IN)
                         net (fo=0)                   0.510    25.510    __ooc_clk_input
    BUFGCTRL_X0Y0        BUFG (Prop_bufg_I_O)         0.083    25.593 r  __ooc_internal_bufg/O
                         net (fo=66536, routed)       1.636    27.229    u_wstore/clk
    SLICE_X33Y441        FDRE                                         r  u_wstore/row_q_reg[13][51]/C
                         clock pessimism              0.037    27.266    
                         clock uncertainty           -0.085    27.181    
    SLICE_X33Y441        FDRE (Setup_fdre_C_D)       -0.096    27.085    u_wstore/row_q_reg[13][51]
  -------------------------------------------------------------------
                         required time                         27.085    
                         arrival time                         -27.364    
  -------------------------------------------------------------------
                         slack                                 -0.280    





Min Delay Paths
--------------------------------------------------------------------------------------
Slack (VIOLATED) :        -2.361ns  (arrival time - required time)
  Source:                 cfg_wdata[17]
                            (input port clocked by core_clk  {rise@0.000ns fall@12.500ns period=25.000ns})
  Destination:            u_calib/off_r_reg[17]/D
                            (rising edge-triggered cell FDRE clocked by core_clk  {rise@0.000ns fall@12.500ns period=25.000ns})
  Path Group:             core_clk
  Path Type:              Hold (Min at Slow Process Corner)
  Requirement:            0.000ns  (core_clk rise@0.000ns - core_clk rise@0.000ns)
  Data Path Delay:        0.510ns  (logic 0.000ns (0.000%)  route 0.510ns (100.000%))
  Logic Levels:           0  
  Input Delay:            0.000ns
  Clock Path Skew:        2.559ns (DCD - SCD - CPR)
    Destination Clock Delay (DCD):    2.559ns
    Source Clock Delay      (SCD):    0.000ns
    Clock Pessimism Removal (CPR):    -0.000ns
  Clock Uncertainty:      0.085ns  ((TSJ^2 + TIJ^2)^1/2 + DJ) / 2 + PE + UU
    Total System Jitter     (TSJ):    0.071ns
    Total Input Jitter      (TIJ):    0.000ns
    Discrete Jitter          (DJ):    0.000ns
    Phase Error              (PE):    0.000ns
    User Uncertainty         (UU):    0.050ns

    Location             Delay type                Incr(ns)  Path(ns)    Netlist Resource(s)
  -------------------------------------------------------------------    -------------------
                         (clock core_clk rise edge)
                                                      0.000     0.000 r  
                         input delay                  0.000     0.000    
                                                      0.000     0.000 r  cfg_wdata[17] (IN)
                         net (fo=1286, unset)         0.510     0.510    u_calib/cfg_wdata[17]
    SLICE_X24Y405        FDRE                                         r  u_calib/off_r_reg[17]/D
  -------------------------------------------------------------------    -------------------

                         (clock core_clk rise edge)
                                                      0.000     0.000 r  
                                                      0.000     0.000 r  clk (IN)
                         net (fo=0)                   0.537     0.537    __ooc_clk_input
    BUFGCTRL_X0Y0        BUFG (Prop_bufg_I_O)         0.093     0.630 r  __ooc_internal_bufg/O
                         net (fo=66536, routed)       1.929     2.559    u_calib/clk
    SLICE_X24Y405        FDRE                                         r  u_calib/off_r_reg[17]/C
                         clock pessimism              0.000     2.559    
                         clock uncertainty            0.085     2.644    
    SLICE_X24Y405        FDRE (Hold_fdre_C_D)         0.227     2.871    u_calib/off_r_reg[17]
  -------------------------------------------------------------------
                         required time                         -2.871    
                         arrival time                           0.510    
  -------------------------------------------------------------------
                         slack                                 -2.361    





Pulse Width Checks
--------------------------------------------------------------------------------------
Clock Name:         core_clk
Waveform(ns):       { 0.000 12.500 }
Period(ns):         25.000
Sources:            { clk }

Check Type        Corner  Lib Pin  Reference Pin  Required(ns)  Actual(ns)  Slack(ns)  Location       Pin
Min Period        n/a     BUFG/I   n/a            1.409         25.000      23.592     BUFGCTRL_X0Y0  __ooc_internal_bufg/I
Low Pulse Width   Slow    FDRE/C   n/a            0.400         12.500      12.100     SLICE_X11Y138  u_recon/u_output/result_sample_id_reg[25]/C
High Pulse Width  Slow    FDRE/C   n/a            0.350         12.500      12.150     SLICE_X8Y140   bus_err_reg[1]/C



