g++ -Os  -I.  -MMD -I/tmp/sar_verilator_5_020_build/verilator-5.020/include -I/tmp/sar_verilator_5_020_build/verilator-5.020/include/vltstd -DVM_COVERAGE=0 -DVM_SC=0 -DVM_TRACE=0 -DVM_TRACE_FST=0 -DVM_TRACE_VCD=0 -faligned-new -fbracket-depth=4096 -fcf-protection=none -Qunused-arguments -Wno-bool-operation -Wno-c++11-narrowing -Wno-constant-logical-operand -Wno-non-pod-varargs -Wno-overloaded-virtual -Wno-parentheses-equality -Wno-shadow -Wno-sign-compare -Wno-tautological-bitwise-compare -Wno-uninitialized -Wno-unused-but-set-parameter -Wno-unused-but-set-variable -Wno-unused-parameter -Wno-unused-variable     -std=c++20 -I/tmp/sar_verilator_5_020_build/compat -DVL_TIME_CONTEXT    -c -o verilated.o /tmp/sar_verilator_5_020_build/verilator-5.020/include/verilated.cpp
g++ -Os  -I.  -MMD -I/tmp/sar_verilator_5_020_build/verilator-5.020/include -I/tmp/sar_verilator_5_020_build/verilator-5.020/include/vltstd -DVM_COVERAGE=0 -DVM_SC=0 -DVM_TRACE=0 -DVM_TRACE_FST=0 -DVM_TRACE_VCD=0 -faligned-new -fbracket-depth=4096 -fcf-protection=none -Qunused-arguments -Wno-bool-operation -Wno-c++11-narrowing -Wno-constant-logical-operand -Wno-non-pod-varargs -Wno-overloaded-virtual -Wno-parentheses-equality -Wno-shadow -Wno-sign-compare -Wno-tautological-bitwise-compare -Wno-uninitialized -Wno-unused-but-set-parameter -Wno-unused-but-set-variable -Wno-unused-parameter -Wno-unused-variable     -std=c++20 -I/tmp/sar_verilator_5_020_build/compat -DVL_TIME_CONTEXT    -c -o verilated_timing.o /tmp/sar_verilator_5_020_build/verilator-5.020/include/verilated_timing.cpp
In file included from /tmp/sar_verilator_5_020_build/verilator-5.020/include/verilated_timing.cpp:23:
/tmp/sar_verilator_5_020_build/verilator-5.020/include/verilated_timing.h:37:36: warning: unknown warning group '-Wdeprecated-experimental-coroutine', ignored [-Wunknown-warning-option]
   37 | #  pragma clang diagnostic ignored "-Wdeprecated-experimental-coroutine"
      |                                    ^
1 warning generated.
g++ -Os  -I.  -MMD -I/tmp/sar_verilator_5_020_build/verilator-5.020/include -I/tmp/sar_verilator_5_020_build/verilator-5.020/include/vltstd -DVM_COVERAGE=0 -DVM_SC=0 -DVM_TRACE=0 -DVM_TRACE_FST=0 -DVM_TRACE_VCD=0 -faligned-new -fbracket-depth=4096 -fcf-protection=none -Qunused-arguments -Wno-bool-operation -Wno-c++11-narrowing -Wno-constant-logical-operand -Wno-non-pod-varargs -Wno-overloaded-virtual -Wno-parentheses-equality -Wno-shadow -Wno-sign-compare -Wno-tautological-bitwise-compare -Wno-uninitialized -Wno-unused-but-set-parameter -Wno-unused-but-set-variable -Wno-unused-parameter -Wno-unused-variable     -std=c++20 -I/tmp/sar_verilator_5_020_build/compat -DVL_TIME_CONTEXT    -c -o verilated_threads.o /tmp/sar_verilator_5_020_build/verilator-5.020/include/verilated_threads.cpp
/usr/bin/python3 /tmp/sar_verilator_5_020_build/verilator-5.020/bin/verilator_includer -DVL_INCLUDE_OPT=include Vcalibration_domain_tb.cpp Vcalibration_domain_tb___024root__DepSet_haadcaf02__0.cpp Vcalibration_domain_tb___024root__DepSet_h1210c2d5__0.cpp Vcalibration_domain_tb__main.cpp Vcalibration_domain_tb___024root__Slow.cpp Vcalibration_domain_tb___024root__DepSet_haadcaf02__0__Slow.cpp Vcalibration_domain_tb___024root__DepSet_h1210c2d5__0__Slow.cpp Vcalibration_domain_tb___024unit__Slow.cpp Vcalibration_domain_tb___024unit__DepSet_h21a962ea__0__Slow.cpp Vcalibration_domain_tb__Syms.cpp > Vcalibration_domain_tb__ALL.cpp
g++ -Os  -I.  -MMD -I/tmp/sar_verilator_5_020_build/verilator-5.020/include -I/tmp/sar_verilator_5_020_build/verilator-5.020/include/vltstd -DVM_COVERAGE=0 -DVM_SC=0 -DVM_TRACE=0 -DVM_TRACE_FST=0 -DVM_TRACE_VCD=0 -faligned-new -fbracket-depth=4096 -fcf-protection=none -Qunused-arguments -Wno-bool-operation -Wno-c++11-narrowing -Wno-constant-logical-operand -Wno-non-pod-varargs -Wno-overloaded-virtual -Wno-parentheses-equality -Wno-shadow -Wno-sign-compare -Wno-tautological-bitwise-compare -Wno-uninitialized -Wno-unused-but-set-parameter -Wno-unused-but-set-variable -Wno-unused-parameter -Wno-unused-variable     -std=c++20 -I/tmp/sar_verilator_5_020_build/compat -DVL_TIME_CONTEXT    -c -o Vcalibration_domain_tb__ALL.o Vcalibration_domain_tb__ALL.cpp
In file included from Vcalibration_domain_tb__ALL.cpp:3:
In file included from ./Vcalibration_domain_tb.cpp:4:
In file included from ./Vcalibration_domain_tb__pch.h:23:
In file included from ./Vcalibration_domain_tb__Syms.h:17:
In file included from ./Vcalibration_domain_tb___024root.h:9:
/tmp/sar_verilator_5_020_build/verilator-5.020/include/verilated_timing.h:37:36: warning: unknown warning group '-Wdeprecated-experimental-coroutine', ignored [-Wunknown-warning-option]
   37 | #  pragma clang diagnostic ignored "-Wdeprecated-experimental-coroutine"
      |                                    ^
1 warning generated.
echo "" > Vcalibration_domain_tb__ALL.verilator_deplist.tmp
Archive ar -rcs Vcalibration_domain_tb__ALL.a Vcalibration_domain_tb__ALL.o
g++   -Wl,-U,__Z15vl_time_stamp64v,-U,__Z13sc_time_stampv   verilated.o verilated_timing.o verilated_threads.o Vcalibration_domain_tb__ALL.a    -pthread -lpthread   -o Vcalibration_domain_tb
rm Vcalibration_domain_tb__ALL.verilator_deplist.tmp
