SCALAR_INPUT_CHECK check=1 weight00=000000000000 T=0000000000000000 G=0000000000000000 R=00000000000000000 expectedT=0000000000000000 expectedG=0000000000000000 expectedR=00000000000000000
SCALAR_INPUT_CHECK check=2 weight00=000000000000 T=0000000000000000 G=0000000000000000 R=00000000000000000 expectedT=0000000000000000 expectedG=0000000000000000 expectedR=00000000000000000
SCALAR_INPUT_CHECK check=3 weight00=000000000000 T=0000000000000000 G=0000000000000000 R=00000000000000000 expectedT=0000000000000000 expectedG=0000000000000000 expectedR=00000000000000000
SCALAR_INPUT_CHECK check=4 weight00=000000000000 T=0000000000000000 G=0000000000000000 R=00000000000000000 expectedT=0000000000000000 expectedG=0000000000000000 expectedR=00000000000000000
SCALAR_INPUT_CHECK check=5 weight00=000000000000 T=0000000000000000 G=0000000000000000 R=00000000000000000 expectedT=0000000000000000 expectedG=0000000000000000 expectedR=00000000000000000
SCALAR_INPUT_CHECK check=6 weight00=000000000000 T=0000000000000000 G=0000000000000000 R=00000000000000000 expectedT=0000000000000000 expectedG=0000000000000000 expectedR=00000000000000000
SCALAR_INPUT_CHECK check=7 weight00=000000000000 T=0000000000000000 G=0000000000000000 R=00000000000000000 expectedT=0000000000000000 expectedG=0000000000000000 expectedR=00000000000000000
SCALAR_INPUT_CHECK check=8 weight00=000000000000 T=0000000000000000 G=0000000000000000 R=00000000000000000 expectedT=0000000000000000 expectedG=0000000000000000 expectedR=00000000000000000
SCALAR_INPUT_CHECK check=9 weight00=000000000001 T=0000000000000018 G=0000000000000018 R=00000000000000018 expectedT=0000000000000018 expectedG=0000000000000018 expectedR=00000000000000018
SCALAR_INPUT_CHECK check=10 weight00=000000000001 T=0000000000000018 G=0000000000000018 R=00000000000000018 expectedT=0000000000000018 expectedG=0000000000000018 expectedR=00000000000000018
SCALAR_INPUT_CHECK check=11 weight00=000000000001 T=0000000000000018 G=0000000000000010 R=00000000000000010 expectedT=0000000000000018 expectedG=0000000000000010 expectedR=00000000000000010
SCALAR_INPUT_CHECK check=12 weight00=000000000001 T=0000000000000018 G=0000000000000010 R=00000000000000020 expectedT=0000000000000018 expectedG=0000000000000010 expectedR=00000000000000020
SCALAR_INPUT_CHECK check=13 weight00=000000000001 T=0000000000000018 G=0000000000000018 R=3ffffffffffffffe8 expectedT=0000000000000018 expectedG=0000000000000018 expectedR=3ffffffffffffffe8
SCALAR_INPUT_CHECK check=14 weight00=000000000001 T=0000000000000018 G=0000000000000018 R=3ffffffffffffffe8 expectedT=0000000000000018 expectedG=0000000000000018 expectedR=3ffffffffffffffe8
SCALAR_INPUT_CHECK check=15 weight00=000000000001 T=0000000000000018 G=0000000000000010 R=3ffffffffffffffe0 expectedT=0000000000000018 expectedG=0000000000000010 expectedR=3ffffffffffffffe0
SCALAR_INPUT_CHECK check=16 weight00=000000000001 T=0000000000000018 G=0000000000000010 R=3fffffffffffffff0 expectedT=0000000000000018 expectedG=0000000000000010 expectedR=3fffffffffffffff0
REDUCE_MITER_CASE_PASS ns=1 active=1 units=2 dither=1 end=2 checks=2176 allocations=0 cache=1
REDUCE_MITER_CASE_PASS ns=3 active=2 units=3 dither=2 end=3 checks=2608 allocations=0 cache=1
REDUCE_MITER_CASE_PASS ns=3 active=2 units=3 dither=2 end=4 checks=2608 allocations=0 cache=1
REDUCE_MITER_CASE_PASS ns=32 active=8 units=3 dither=1 end=3 checks=3072 allocations=0 cache=1
REDUCE_MITER_CASE_PASS ns=1 active=1 units=128 dither=4 end=128 checks=3408 allocations=0 cache=1
REDUCE_MITER_CASE_PASS ns=32 active=32 units=2 dither=1 end=2 checks=6144 allocations=0 cache=1
REDUCE_MITER_CASE_PASS ns=18 active=8 units=71 dither=4 end=71 checks=1410832 allocations=43758 cache=1
CAL_WEIGHT_REDUCE_PPA_COMPLETE
- sim/tb/cal_weight_reduce_ppa_tb.sv:223: Verilog $finish
- S i m u l a t i o n   R e p o r t: Verilator 5.49
- Verilator: $finish at 1ms; walltime 34.188 s; speed 43.528 us/s
- Verilator: cpu 32.412 s on 1 threads; allocated 6 MB
