........................................................................ [ 26%]
........................................................................ [ 52%]
........................................................................ [ 79%]
........................................................                 [100%]
============================= slowest 15 durations =============================
1.48s call     tests/unit/test_synth_flow.py::test_success_marker_cannot_hide_process_failure[0-OK]
0.50s call     tests/unit/test_synth_flow.py::test_ok_marker_requires_numeric_nonnegative_wns[-1e-3-3]
0.50s call     tests/unit/test_synth_flow.py::test_ok_marker_requires_numeric_nonnegative_wns[NaN-1]
0.49s call     tests/unit/test_synth_flow.py::test_success_marker_cannot_hide_process_failure[0-CHECK_ONLY_OK]
0.49s call     tests/unit/test_synth_flow.py::test_ok_marker_requires_numeric_nonnegative_wns[NA-1]
0.47s call     tests/unit/test_synth_flow.py::test_ok_marker_requires_numeric_nonnegative_wns[-1]
0.47s call     tests/unit/test_synth_flow.py::test_ok_marker_requires_numeric_nonnegative_wns[-0.1-3]
0.47s call     tests/unit/test_synth_flow.py::test_success_marker_cannot_hide_process_failure[9-PREFLIGHT_OK]
0.47s call     tests/unit/test_synth_flow.py::test_success_marker_cannot_hide_process_failure[0-PREFLIGHT_OK]
0.46s call     tests/unit/test_synth_flow.py::test_success_marker_cannot_hide_process_failure[9-CHECK_ONLY_OK]
0.45s call     tests/unit/test_synth_flow.py::test_success_marker_cannot_hide_process_failure[9-OK]
0.43s call     tests/unit/test_synth_flow.py::test_ok_marker_requires_numeric_nonnegative_wns[-.001-3]
0.41s call     tests/unit/test_synth_flow.py::test_ok_marker_requires_numeric_nonnegative_wns[1e-3-0]
0.41s call     tests/unit/test_synth_flow.py::test_ok_marker_requires_numeric_nonnegative_wns[-0.0-0]
0.11s call     tests/unit/test_vivado_buffered_impl.py::test_nonempty_path_groups_cannot_report_constraint_coverage[Unconstrained Path Table]
272 passed in 14.91s
