This is XeTeX, Version 3.141592653-2.6-0.999998 (TeX Live 2026) (preloaded format=xelatex)
entering extended mode
(./report.tex
LaTeX2e <2026-06-01>
L3 programming layer <2026-08-10>
(/Users/zhaoyi/Library/TinyTeX/texmf-dist/tex/latex/ctex/ctexrep.cls (/Users/zhaoyi/Library/TinyTeX/texmf-dist/tex/latex/ctex/config/ctexbackend.cfg) (/Users/zhaoyi/Library/TinyTeX/texmf-dist/tex/latex/l3kernel/expl3.sty (/Users/zhaoyi/Library/TinyTeX/texmf-dist/tex/latex/l3kernel/l3backend-xetex.def))
Document Class: ctexrep 2026/08/11 v2.6.5 Chinese adapter for class report (CTEX)
(/Users/zhaoyi/Library/TinyTeX/texmf-dist/tex/latex/ctex/ctexhook.sty) (/Users/zhaoyi/Library/TinyTeX/texmf-dist/tex/latex/ctex/ctexpatch.sty) (/Users/zhaoyi/Library/TinyTeX/texmf-dist/tex/latex/base/fix-cm.sty (/Users/zhaoyi/Library/TinyTeX/texmf-dist/tex/latex/base/ts1enc.def)) (/Users/zhaoyi/Library/TinyTeX/texmf-dist/tex/latex/ctex/config/ctexopts.cfg) (/Users/zhaoyi/Library/TinyTeX/texmf-dist/tex/latex/base/report.cls
Document Class: report 2025/01/22 v1.4n Standard LaTeX document class
(/Users/zhaoyi/Library/TinyTeX/texmf-dist/tex/latex/base/size11.clo)) (/Users/zhaoyi/Library/TinyTeX/texmf-dist/tex/latex/ctex/engine/ctex-engine-xetex.def (/Users/zhaoyi/Library/TinyTeX/texmf-dist/tex/xelatex/xecjk/xeCJK.sty (/Users/zhaoyi/Library/TinyTeX/texmf-dist/tex/latex/l3packages/xtemplate/xtemplate.sty) (/Users/zhaoyi/Library/TinyTeX/texmf-dist/tex/latex/fontspec/fontspec.sty (/Users/zhaoyi/Library/TinyTeX/texmf-dist/tex/latex/fontspec/fontspec-xetex.sty (/Users/zhaoyi/Library/TinyTeX/texmf-dist/tex/latex/base/fontenc.sty) (/Users/zhaoyi/Library/TinyTeX/texmf-dist/tex/latex/fontspec/fontspec.cfg))) (/Users/zhaoyi/Library/TinyTeX/texmf-dist/tex/xelatex/xecjk/xeCJK.cfg))) (/Users/zhaoyi/Library/TinyTeX/texmf-dist/tex/latex/zhnumber/zhnumber.sty (/Users/zhaoyi/Library/TinyTeX/texmf-dist/tex/latex/zhnumber/zhnumber-utf8.cfg)) (/Users/zhaoyi/Library/TinyTeX/texmf-dist/tex/latex/ctex/scheme/ctex-scheme-chinese-report.def (/Users/zhaoyi/Library/TinyTeX/texmf-dist/tex/latex/ctex/config/ctex-name-utf8.cfg)) (/Users/zhaoyi/Library/TinyTeX/texmf-dist/tex/latex/ctex/fontset/ctex-fontset-fandol.def)) (/Users/zhaoyi/Library/TinyTeX/texmf-dist/tex/latex/ctex/config/ctex.cfg) (/Users/zhaoyi/Library/TinyTeX/texmf-dist/tex/latex/geometry/geometry.sty (/Users/zhaoyi/Library/TinyTeX/texmf-dist/tex/latex/graphics/keyval.sty) (/Users/zhaoyi/Library/TinyTeX/texmf-dist/tex/generic/iftex/ifvtex.sty (/Users/zhaoyi/Library/TinyTeX/texmf-dist/tex/generic/iftex/iftex.sty))) (/Users/zhaoyi/Library/TinyTeX/texmf-dist/tex/latex/amsmath/amsmath.sty
For additional information on amsmath, use the `?' option.
(/Users/zhaoyi/Library/TinyTeX/texmf-dist/tex/latex/amsmath/amstext.sty (/Users/zhaoyi/Library/TinyTeX/texmf-dist/tex/latex/amsmath/amsgen.sty)) (/Users/zhaoyi/Library/TinyTeX/texmf-dist/tex/latex/amsmath/amsbsy.sty) (/Users/zhaoyi/Library/TinyTeX/texmf-dist/tex/latex/amsmath/amsopn.sty)) (/Users/zhaoyi/Library/TinyTeX/texmf-dist/tex/latex/amsfonts/amssymb.sty (/Users/zhaoyi/Library/TinyTeX/texmf-dist/tex/latex/amsfonts/amsfonts.sty)) (/Users/zhaoyi/Library/TinyTeX/texmf-dist/tex/latex/booktabs/booktabs.sty) (/Users/zhaoyi/Library/TinyTeX/texmf-dist/tex/latex/tools/longtable.sty) (/Users/zhaoyi/Library/TinyTeX/texmf-dist/tex/latex/tools/array.sty) (/Users/zhaoyi/Library/TinyTeX/texmf-dist/tex/latex/tools/tabularx.sty) (/Users/zhaoyi/Library/TinyTeX/texmf-dist/tex/latex/graphics/graphicx.sty (/Users/zhaoyi/Library/TinyTeX/texmf-dist/tex/latex/graphics/graphics.sty (/Users/zhaoyi/Library/TinyTeX/texmf-dist/tex/latex/graphics/trig.sty) (/Users/zhaoyi/Library/TinyTeX/texmf-dist/tex/latex/graphics-cfg/graphics.cfg) (/Users/zhaoyi/Library/TinyTeX/texmf-dist/tex/latex/graphics-def/xetex.def))) (/Users/zhaoyi/Library/TinyTeX/texmf-dist/tex/latex/xcolor/xcolor.sty (/Users/zhaoyi/Library/TinyTeX/texmf-dist/tex/latex/graphics-cfg/color.cfg) (/Users/zhaoyi/Library/TinyTeX/texmf-dist/tex/latex/graphics/mathcolor.ltx)) (/Users/zhaoyi/Library/TinyTeX/texmf-dist/tex/latex/hyperref/hyperref.sty (/Users/zhaoyi/Library/TinyTeX/texmf-dist/tex/latex/kvsetkeys/kvsetkeys.sty) (/Users/zhaoyi/Library/TinyTeX/texmf-dist/tex/generic/kvdefinekeys/kvdefinekeys.sty) (/Users/zhaoyi/Library/TinyTeX/texmf-dist/tex/generic/pdfescape/pdfescape.sty (/Users/zhaoyi/Library/TinyTeX/texmf-dist/tex/generic/ltxcmds/ltxcmds.sty) (/Users/zhaoyi/Library/TinyTeX/texmf-dist/tex/generic/pdftexcmds/pdftexcmds.sty (/Users/zhaoyi/Library/TinyTeX/texmf-dist/tex/generic/infwarerr/infwarerr.sty))) (/Users/zhaoyi/Library/TinyTeX/texmf-dist/tex/latex/hycolor/hycolor.sty) (/Users/zhaoyi/Library/TinyTeX/texmf-dist/tex/latex/hyperref/nameref.sty (/Users/zhaoyi/Library/TinyTeX/texmf-dist/tex/latex/refcount/refcount.sty) (/Users/zhaoyi/Library/TinyTeX/texmf-dist/tex/generic/gettitlestring/gettitlestring.sty (/Users/zhaoyi/Library/TinyTeX/texmf-dist/tex/latex/kvoptions/kvoptions.sty))) (/Users/zhaoyi/Library/TinyTeX/texmf-dist/tex/latex/etoolbox/etoolbox.sty) (/Users/zhaoyi/Library/TinyTeX/texmf-dist/tex/generic/stringenc/stringenc.sty) (/Users/zhaoyi/Library/TinyTeX/texmf-dist/tex/latex/hyperref/pd1enc.def) (/Users/zhaoyi/Library/TinyTeX/texmf-dist/tex/generic/intcalc/intcalc.sty) (/Users/zhaoyi/Library/TinyTeX/texmf-dist/tex/latex/hyperref/puenc.def) (/Users/zhaoyi/Library/TinyTeX/texmf-dist/tex/latex/url/url.sty) (/Users/zhaoyi/Library/TinyTeX/texmf-dist/tex/generic/bitset/bitset.sty (/Users/zhaoyi/Library/TinyTeX/texmf-dist/tex/generic/bigintcalc/bigintcalc.sty))) (/Users/zhaoyi/Library/TinyTeX/texmf-dist/tex/latex/hyperref/hxetex.def (/Users/zhaoyi/Library/TinyTeX/texmf-dist/tex/latex/rerunfilecheck/rerunfilecheck.sty (/Users/zhaoyi/Library/TinyTeX/texmf-dist/tex/generic/uniquecounter/uniquecounter.sty))) (/Users/zhaoyi/Library/TinyTeX/texmf-dist/tex/latex/fancyhdr/fancyhdr.sty) (/Users/zhaoyi/Library/TinyTeX/texmf-dist/tex/latex/enumitem/enumitem.sty) (/Users/zhaoyi/Library/TinyTeX/texmf-dist/tex/latex/float/float.sty) (/Users/zhaoyi/Library/TinyTeX/texmf-dist/tex/latex/pgf/frontendlayer/tikz.sty (/Users/zhaoyi/Library/TinyTeX/texmf-dist/tex/latex/pgf/basiclayer/pgf.sty (/Users/zhaoyi/Library/TinyTeX/texmf-dist/tex/latex/pgf/utilities/pgfrcs.sty (/Users/zhaoyi/Library/TinyTeX/texmf-dist/tex/generic/pgf/utilities/pgfutil-common.tex) (/Users/zhaoyi/Library/TinyTeX/texmf-dist/tex/generic/pgf/utilities/pgfutil-latex.def) (/Users/zhaoyi/Library/TinyTeX/texmf-dist/tex/generic/pgf/utilities/pgfrcs.code.tex (/Users/zhaoyi/Library/TinyTeX/texmf-dist/tex/generic/pgf/pgf.revision.tex))) (/Users/zhaoyi/Library/TinyTeX/texmf-dist/tex/latex/pgf/basiclayer/pgfcore.sty (/Users/zhaoyi/Library/TinyTeX/texmf-dist/tex/latex/pgf/systemlayer/pgfsys.sty (/Users/zhaoyi/Library/TinyTeX/texmf-dist/tex/generic/pgf/systemlayer/pgfsys.code.tex (/Users/zhaoyi/Library/TinyTeX/texmf-dist/tex/generic/pgf/utilities/pgfkeys.code.tex (/Users/zhaoyi/Library/TinyTeX/texmf-dist/tex/generic/pgf/utilities/pgfkeyslibraryfiltered.code.tex)) (/Users/zhaoyi/Library/TinyTeX/texmf-dist/tex/generic/pgf/systemlayer/pgf.cfg) (/Users/zhaoyi/Library/TinyTeX/texmf-dist/tex/generic/pgf/systemlayer/pgfsys-xetex.def (/Users/zhaoyi/Library/TinyTeX/texmf-dist/tex/generic/pgf/systemlayer/pgfsys-dvipdfmx.def (/Users/zhaoyi/Library/TinyTeX/texmf-dist/tex/generic/pgf/systemlayer/pgfsys-common-pdf.def)))) (/Users/zhaoyi/Library/TinyTeX/texmf-dist/tex/generic/pgf/systemlayer/pgfsyssoftpath.code.tex) (/Users/zhaoyi/Library/TinyTeX/texmf-dist/tex/generic/pgf/systemlayer/pgfsysprotocol.code.tex)) (/Users/zhaoyi/Library/TinyTeX/texmf-dist/tex/generic/pgf/basiclayer/pgfcore.code.tex (/Users/zhaoyi/Library/TinyTeX/texmf-dist/tex/generic/pgf/math/pgfmath.code.tex (/Users/zhaoyi/Library/TinyTeX/texmf-dist/tex/generic/pgf/math/pgfmathutil.code.tex) (/Users/zhaoyi/Library/TinyTeX/texmf-dist/tex/generic/pgf/math/pgfmathparser.code.tex) (/Users/zhaoyi/Library/TinyTeX/texmf-dist/tex/generic/pgf/math/pgfmathfunctions.code.tex) (/Users/zhaoyi/Library/TinyTeX/texmf-dist/tex/generic/pgf/math/pgfmathfunctions.basic.code.tex) (/Users/zhaoyi/Library/TinyTeX/texmf-dist/tex/generic/pgf/math/pgfmathfunctions.trigonometric.code.tex) (/Users/zhaoyi/Library/TinyTeX/texmf-dist/tex/generic/pgf/math/pgfmathfunctions.random.code.tex) (/Users/zhaoyi/Library/TinyTeX/texmf-dist/tex/generic/pgf/math/pgfmathfunctions.comparison.code.tex) (/Users/zhaoyi/Library/TinyTeX/texmf-dist/tex/generic/pgf/math/pgfmathfunctions.base.code.tex) (/Users/zhaoyi/Library/TinyTeX/texmf-dist/tex/generic/pgf/math/pgfmathfunctions.round.code.tex) (/Users/zhaoyi/Library/TinyTeX/texmf-dist/tex/generic/pgf/math/pgfmathfunctions.misc.code.tex) (/Users/zhaoyi/Library/TinyTeX/texmf-dist/tex/generic/pgf/math/pgfmathfunctions.integerarithmetics.code.tex) (/Users/zhaoyi/Library/TinyTeX/texmf-dist/tex/generic/pgf/math/pgfmathcalc.code.tex) (/Users/zhaoyi/Library/TinyTeX/texmf-dist/tex/generic/pgf/math/pgfmathfloat.code.tex)) (/Users/zhaoyi/Library/TinyTeX/texmf-dist/tex/generic/pgf/math/pgfint.code.tex) (/Users/zhaoyi/Library/TinyTeX/texmf-dist/tex/generic/pgf/basiclayer/pgfcorepoints.code.tex) (/Users/zhaoyi/Library/TinyTeX/texmf-dist/tex/generic/pgf/basiclayer/pgfcorepathconstruct.code.tex) (/Users/zhaoyi/Library/TinyTeX/texmf-dist/tex/generic/pgf/basiclayer/pgfcorepathusage.code.tex) (/Users/zhaoyi/Library/TinyTeX/texmf-dist/tex/generic/pgf/basiclayer/pgfcorescopes.code.tex) (/Users/zhaoyi/Library/TinyTeX/texmf-dist/tex/generic/pgf/basiclayer/pgfcoregraphicstate.code.tex) (/Users/zhaoyi/Library/TinyTeX/texmf-dist/tex/generic/pgf/basiclayer/pgfcoretransformations.code.tex) (/Users/zhaoyi/Library/TinyTeX/texmf-dist/tex/generic/pgf/basiclayer/pgfcorequick.code.tex) (/Users/zhaoyi/Library/TinyTeX/texmf-dist/tex/generic/pgf/basiclayer/pgfcoreobjects.code.tex) (/Users/zhaoyi/Library/TinyTeX/texmf-dist/tex/generic/pgf/basiclayer/pgfcorepathprocessing.code.tex) (/Users/zhaoyi/Library/TinyTeX/texmf-dist/tex/generic/pgf/basiclayer/pgfcorearrows.code.tex) (/Users/zhaoyi/Library/TinyTeX/texmf-dist/tex/generic/pgf/basiclayer/pgfcoreshade.code.tex) (/Users/zhaoyi/Library/TinyTeX/texmf-dist/tex/generic/pgf/basiclayer/pgfcoreimage.code.tex) (/Users/zhaoyi/Library/TinyTeX/texmf-dist/tex/generic/pgf/basiclayer/pgfcoreexternal.code.tex) (/Users/zhaoyi/Library/TinyTeX/texmf-dist/tex/generic/pgf/basiclayer/pgfcorelayers.code.tex) (/Users/zhaoyi/Library/TinyTeX/texmf-dist/tex/generic/pgf/basiclayer/pgfcoretransparency.code.tex) (/Users/zhaoyi/Library/TinyTeX/texmf-dist/tex/generic/pgf/basiclayer/pgfcorepatterns.code.tex) (/Users/zhaoyi/Library/TinyTeX/texmf-dist/tex/generic/pgf/basiclayer/pgfcorerdf.code.tex))) (/Users/zhaoyi/Library/TinyTeX/texmf-dist/tex/generic/pgf/modules/pgfmoduleshapes.code.tex) (/Users/zhaoyi/Library/TinyTeX/texmf-dist/tex/generic/pgf/modules/pgfmoduleplot.code.tex) (/Users/zhaoyi/Library/TinyTeX/texmf-dist/tex/latex/pgf/compatibility/pgfcomp-version-0-65.sty) (/Users/zhaoyi/Library/TinyTeX/texmf-dist/tex/latex/pgf/compatibility/pgfcomp-version-1-18.sty)) (/Users/zhaoyi/Library/TinyTeX/texmf-dist/tex/latex/pgf/utilities/pgffor.sty (/Users/zhaoyi/Library/TinyTeX/texmf-dist/tex/latex/pgf/utilities/pgfkeys.sty (/Users/zhaoyi/Library/TinyTeX/texmf-dist/tex/generic/pgf/utilities/pgfkeys.code.tex)) (/Users/zhaoyi/Library/TinyTeX/texmf-dist/tex/latex/pgf/math/pgfmath.sty (/Users/zhaoyi/Library/TinyTeX/texmf-dist/tex/generic/pgf/math/pgfmath.code.tex)) (/Users/zhaoyi/Library/TinyTeX/texmf-dist/tex/generic/pgf/utilities/pgffor.code.tex)) (/Users/zhaoyi/Library/TinyTeX/texmf-dist/tex/generic/pgf/frontendlayer/tikz/tikz.code.tex (/Users/zhaoyi/Library/TinyTeX/texmf-dist/tex/generic/pgf/libraries/pgflibraryplothandlers.code.tex) (/Users/zhaoyi/Library/TinyTeX/texmf-dist/tex/generic/pgf/modules/pgfmodulematrix.code.tex) (/Users/zhaoyi/Library/TinyTeX/texmf-dist/tex/generic/pgf/frontendlayer/tikz/libraries/tikzlibrarytopaths.code.tex))) (/Users/zhaoyi/Library/TinyTeX/texmf-dist/tex/generic/pgf/libraries/pgflibraryarrows.meta.code.tex) (/Users/zhaoyi/Library/TinyTeX/texmf-dist/tex/generic/pgf/frontendlayer/tikz/libraries/tikzlibrarypositioning.code.tex) (/Users/zhaoyi/Library/TinyTeX/texmf-dist/tex/generic/pgf/frontendlayer/tikz/libraries/tikzlibraryshapes.geometric.code.tex (/Users/zhaoyi/Library/TinyTeX/texmf-dist/tex/generic/pgf/libraries/shapes/pgflibraryshapes.geometric.code.tex)) (/Users/zhaoyi/Obsidan/项目库/outputs/sar_adc_review_20260919/calibration-closure/docs/reports/rtl_patent_audit_20260930/.build/report.G4u5ZL/report.aux)
*geometry* driver: auto-detecting
*geometry* detected driver: xetex
(/Users/zhaoyi/Obsidan/项目库/outputs/sar_adc_review_20260919/calibration-closure/docs/reports/rtl_patent_audit_20260930/.build/report.G4u5ZL/report.out) (/Users/zhaoyi/Obsidan/项目库/outputs/sar_adc_review_20260919/calibration-closure/docs/reports/rtl_patent_audit_20260930/.build/report.G4u5ZL/report.out) (/Users/zhaoyi/Library/TinyTeX/texmf-dist/tex/latex/amsfonts/umsa.fd) (/Users/zhaoyi/Library/TinyTeX/texmf-dist/tex/latex/amsfonts/umsb.fd) [1] [1] (/Users/zhaoyi/Obsidan/项目库/outputs/sar_adc_review_20260919/calibration-closure/docs/reports/rtl_patent_audit_20260930/.build/report.G4u5ZL/report.toc [1] [2] [3] [4]) [5]
第一章
[6]
第二章
[7] (./sections/prior_art_comparison.tex [8] [9]) [10]
第三章
[11] (./sections/calibration_principles.tex [12]
第四章
[13] [14] [15] [16] [17] [18] [19]) [20]
第五章
[21] (./sections/patent_principles.tex [22]
第六章
[23] [24] [25] [26] [27] [28] [29] [30] [31] [32] [33] [34]) [35]
第七章
[36] [37] [38] [39] [40] (./sections/verification_method.tex [41]
第八章
[42] [43] [44] [45] (./sections/reducer_scheduler_figure.tex) [46] [47]) (./sections/final_regression_evidence.tex [48] [49] [50] [51] [52]) [53] [54]
第九章
[55] [56] [57] [58] (./sections/divider_timing.tex [59]
第十章
[60] [61] [62]) (./sections/synthesis_repair.tex [63]
第十一章
[64] [65] (./sections/vivado_measured_table.tex [66]) [67] (./sections/weight_msb_figure.tex) [68] [69] [70] (./sections/row_cache_design.tex [71]
Underfull \hbox (badness 2865) in paragraph at lines 67--79
\TU/FandolSong-Regular(0)/m/n/10.95 仅 在 被 接 受 且 地 址 命 中 时 提 交。|  它 避 免 先 汇 合 成 一 条 全 局 旧 系 数 再 反 馈 到 任 意 行，|  却 可 能 复

Underfull \hbox (badness 1365) in paragraph at lines 67--79
\TU/FandolSong-Regular(0)/m/n/10.95 制 \TU/lmr/m/n/10.95 18 \TU/FandolSong-Regular(0)/m/n/10.95 组 减 加 电 路；|  所 以 不 能 仅 凭 更 短 的 逻 辑 连 线 推 断 \TU/lmr/m/n/10.95 PPA \TU/FandolSong-Regular(0)/m/n/10.95 收 益。|  此 候 选 \TU/lmr/m/n/10.95 RTL \TU/FandolSong-Regular(0)/m/n/10.95 内 容 摘 要

Underfull \hbox (badness 10000) in paragraph at lines 67--79
\TU/FandolSong-Regular(0)/m/n/10.95 为 $[][][][][][][][][][][][][][][][][][][][][][][][][][][][][][][][][][][][][][][][][][][][][][][][][][][][][][][][][][][][][][][][]$。|  官 方 \TU/lmr/m/n/10.95 Verila-

Underfull \hbox (badness 1584) in paragraph at lines 67--79
\TU/FandolSong-Regular(0)/m/n/10.95 输 出、| \TU/lmr/m/n/10.95 7,680 \TU/FandolSong-Regular(0)/m/n/10.95 个 协 议 周 期 和 \TU/lmr/m/n/10.95 438 \TU/FandolSong-Regular(0)/m/n/10.95 个 延 迟 观 测，|  分 别 为 \TU/lmr/m/n/10.95 15/13/11 \TU/FandolSong-Regular(0)/m/n/10.95 拍。|  逐 项 原 始 日 志 与 哈 希 见

Underfull \hbox (badness 3635) in paragraph at lines 67--79
[][][][] [] [][][][][][][][] [] [][][][][][][][] [] [][][][][] [] [][][] [] [][][][][] [] [][][][]$\TU/FandolSong-Regular(0)/m/n/10.95 。|  这 些 仅 是 零 延 迟 功 能 结 果。|  后 述 同 约 束 综
[72] (./sections/row_cache_evidence.tex [73])) [74]
Underfull \hbox (badness 3108) in paragraph at lines 192--200
[]\TU/FandolSong-Regular(0)/m/n/10.95 为 了 判 断 行 和 缓 存 是 否 真 正 带 来 面 积 与 时 序 收 益，|  已 冻 结 前 代 精 简 版 和 当 前 缓 存 版 的 源

Underfull \hbox (badness 1248) in paragraph at lines 192--200
\TU/FandolSong-Regular(0)/m/n/10.95 码，|  计 划 在 相 同 $[][][][][][][][][][][][][][][][][][][]$、| \TU/lmr/m/n/10.95 Vivado 2018.3\TU/FandolSong-Regular(0)/m/n/10.95 、| $\OML/cmm/m/it/10.95 P[] \OT1/cmr/m/n/10.95 = 5$\TU/FandolSong-Regular(0)/m/n/10.95 、| \TU/lmr/m/n/10.95 25ns \TU/FandolSong-Regular(0)/m/n/10.95 请 求 周 期、|  同

Underfull \hbox (badness 1635) in paragraph at lines 192--200
\TU/FandolSong-Regular(0)/m/n/10.95 一 综 合 脚 本 与 \TU/lmr/m/n/10.95 XDC \TU/FandolSong-Regular(0)/m/n/10.95 下 逐 项 比 较。|  前 代 精 简 版 的 第 一 轮 运 行 在 \TU/lmr/m/n/10.95 7,200s \TU/FandolSong-Regular(0)/m/n/10.95 运 行 时 限 处 被 脚 本 终

Underfull \hbox (badness 1776) in paragraph at lines 192--200
\TU/FandolSong-Regular(0)/m/n/10.95 止，|  结 束 前 仍 处 于 时 序 优 化 阶 段；|  没 有 $[][][][][][] [] [][][]$、| \TU/lmr/m/n/10.95 DCP\TU/FandolSong-Regular(0)/m/n/10.95 、|  完 整 利 用 率 或 时 序 报 告。|  该 轮 原

Underfull \hbox (badness 1331) in paragraph at lines 192--200
\TU/FandolSong-Regular(0)/m/n/10.95 始 失 败 记 录 见 $[][][][] [] [][][][][][][][] [] [][][][][][][][] [] [][][][][][] [] [][][][][][][] [] [][] [] [][][][][][][][]$，|  其 \TU/lmr/m/n/10.95 manifest \TU/FandolSong-Regular(0)/m/n/10.95 摘 要 为

Underfull \hbox (badness 1400) in paragraph at lines 192--200
[][][][][][][][][][][][][][][][][][][][][][][][][][][][][][][][][][][][][][][][][][][][][][][][][][][][][][][][][][][][][][][][]$\TU/FandolSong-Regular(0)/m/n/10.95 。|  它 只 说 明 在 记 录 的

Underfull \hbox (badness 4024) in paragraph at lines 208--212
[][][][]$ \TU/FandolSong-Regular(0)/m/n/10.95 复 验；|  恢 复 过 程 没 有 重 新 综 合、|  替 换 输 入 源 码 或 删 除 传 输 失 败 记 录。|  原 始 综 合 日 志 无
[75] [76] [77] [78] [79] (./sections/shared_selector_closure.tex [80] [81] [82] [83] [84] [85] [86]) [87]) [88]
第十二章
[89]
附录 A
[90]
Underfull \hbox (badness 10000) in paragraph at lines 324--325
[][][][][][] [] [][][] [] [][][][][] [] [][][][][][]$\TU/FandolSong-Regular(0)/m/n/10.95 、| $[][][][][][] [] [][][] [] [][][][][] [] [][][][][] [] [][][][][]$、| $[][][][][][] [] [][][] [] [][][][][] [] [][][][] []
[91] [92] (/Users/zhaoyi/Obsidan/项目库/outputs/sar_adc_review_20260919/calibration-closure/docs/reports/rtl_patent_audit_20260930/.build/report.G4u5ZL/report.aux)

LaTeX Warning: Label(s) may have changed. Rerun to get cross-references right.

 )
(see the transcript file for additional information)
Output written on /Users/zhaoyi/Obsidan/项目库/outputs/sar_adc_review_20260919/calibration-closure/docs/reports/rtl_patent_audit_20260930/.build/report.G4u5ZL/report.pdf (94 pages).
Transcript written on /Users/zhaoyi/Obsidan/项目库/outputs/sar_adc_review_20260919/calibration-closure/docs/reports/rtl_patent_audit_20260930/.build/report.G4u5ZL/report.log.
