2026-09-29T21:25:28.6208586Z HEAD is now at 63e9887 Merge 417f261f24fe917552ac71f6aadb6b3dbf779c5f into cacea23495dd986cfdf8b9cdd92a1f0013de4b8b
2026-09-29T21:25:28.6263576Z 63e9887fa0faf23565c35b6bd1a4edfa9eb8edd7
2026-09-29T21:25:28.8016476Z Successfully set up CPython (3.12.14)
2026-09-29T21:34:03.1221098Z 总耗时 464.3s
2026-09-29T21:34:03.1221815Z 验收汇总: v5 结构 5/5 + 动态 5/5 + 可观测性 5/5 + KTC矩阵 PASS + 噪声传递 PASS + 校准闭环 PASS + dither闭合 PASS + v6信号流 PASS + 审计缺口闭合(offset/dither量化/auto-zero/1-f/逐位装载) 5/5
2026-09-29T21:34:03.1222334Z 
2026-09-29T21:34:03.1222620Z ===== closure: physical-clock low-frequency state and noisy fixed-point holdout =====
2026-09-29T21:34:03.1223114Z   long_record_noise: True
2026-09-29T21:34:03.1223399Z   noisy_weight_holdout: True
2026-09-29T21:34:03.1223727Z 结果已写入 /tmp/run1/results.json
2026-09-29T21:34:03.1223922Z 
2026-09-29T21:34:03.1224068Z 硬性验收: 全部通过（52 条判据）
2026-09-29T21:42:21.9895801Z 总耗时 470.8s
2026-09-29T21:42:21.9896789Z 验收汇总: v5 结构 5/5 + 动态 5/5 + 可观测性 5/5 + KTC矩阵 PASS + 噪声传递 PASS + 校准闭环 PASS + dither闭合 PASS + v6信号流 PASS + 审计缺口闭合(offset/dither量化/auto-zero/1-f/逐位装载) 5/5
2026-09-29T21:42:21.9897316Z 
2026-09-29T21:42:21.9897603Z ===== closure: physical-clock low-frequency state and noisy fixed-point holdout =====
2026-09-29T21:42:21.9898140Z   long_record_noise: True
2026-09-29T21:42:21.9898432Z   noisy_weight_holdout: True
2026-09-29T21:42:21.9898791Z 结果已写入 /tmp/run2/results.json
2026-09-29T21:42:21.9898971Z 
2026-09-29T21:42:21.9899116Z 硬性验收: 全部通过（52 条判据）
2026-09-29T21:42:22.1082127Z OK: results.json byte-identical across runs
