Copyright 1986-2018 Xilinx, Inc. All Rights Reserved.
-------------------------------------------------------------------------------------------------------------------------------------------------------------------------------------------------------------------------------------------------------------------------------------
| Tool Version : Vivado v.2018.3 (win64) Build 2405991 Thu Dec  6 23:38:27 MST 2018
| Date         : Wed Sep 30 21:13:16 2026
| Host         : REEDZHAO running 64-bit major release  (build 9200)
| Command      : report_timing -from [all_registers -clock_pins] -to [all_registers -data_pins] -delay_type min -max_paths 20 -path_type full_clock_expanded -input_pins -file C:/Users/Administrator/adc_rtl_vivado/run.86ebbd7c9da34a33b49af64888b4797e/out/internal_min_paths.rpt
| Design       : sar20_digital_core
| Device       : 7vx690t-ffg1761
| Speed File   : -2  PRODUCTION 1.11 2014-09-11
-------------------------------------------------------------------------------------------------------------------------------------------------------------------------------------------------------------------------------------------------------------------------------------

Timing Report

Slack (MET) :             0.052ns  (arrival time - required time)
  Source:                 u_structure/u_context/residue_reg[570]/C
                            (rising edge-triggered cell FDRE clocked by core_clk  {rise@0.000ns fall@12.500ns period=25.000ns})
  Destination:            u_structure/u_context/fine_main_reg[6][59]/D
                            (rising edge-triggered cell FDRE clocked by core_clk  {rise@0.000ns fall@12.500ns period=25.000ns})
  Path Group:             core_clk
  Path Type:              Hold (Min at Fast Process Corner)
  Requirement:            0.000ns  (core_clk rise@0.000ns - core_clk rise@0.000ns)
  Data Path Delay:        0.263ns  (logic 0.118ns (44.849%)  route 0.145ns (55.151%))
  Logic Levels:           0  
  Clock Path Skew:        0.118ns (DCD - SCD - CPR)
    Destination Clock Delay (DCD):    1.151ns
    Source Clock Delay      (SCD):    0.987ns
    Clock Pessimism Removal (CPR):    0.046ns
  Clock Uncertainty:      0.050ns  ((TSJ^2 + TIJ^2)^1/2 + DJ) / 2 + PE + UU
    Total System Jitter     (TSJ):    0.000ns
    Total Input Jitter      (TIJ):    0.000ns
    Discrete Jitter          (DJ):    0.000ns
    Phase Error              (PE):    0.000ns
    User Uncertainty         (UU):    0.050ns

    Location             Delay type                Incr(ns)  Path(ns)    Netlist Resource(s)
  -------------------------------------------------------------------    -------------------
                         (clock core_clk rise edge)
                                                      0.000     0.000 r  
                                                      0.000     0.000 r  clk (IN)
                         net (fo=0)                   0.266     0.266    __ooc_clk_input
    BUFGCTRL_X0Y0                                                     r  __ooc_internal_bufg/I
    BUFGCTRL_X0Y0        BUFG (Prop_bufg_I_O)         0.026     0.292 r  __ooc_internal_bufg/O
                         net (fo=66508, routed)       0.695     0.987    u_structure/u_context/clk
    SLICE_X98Y350        FDRE                                         r  u_structure/u_context/residue_reg[570]/C
  -------------------------------------------------------------------    -------------------
    SLICE_X98Y350        FDRE (Prop_fdre_C_Q)         0.118     1.105 r  u_structure/u_context/residue_reg[570]/Q
                         net (fo=1, routed)           0.145     1.250    u_structure/u_context/residue_reg_n_0_[570]
    SLICE_X99Y349        FDRE                                         r  u_structure/u_context/fine_main_reg[6][59]/D
  -------------------------------------------------------------------    -------------------

                         (clock core_clk rise edge)
                                                      0.000     0.000 r  
                                                      0.000     0.000 r  clk (IN)
                         net (fo=0)                   0.280     0.280    __ooc_clk_input
    BUFGCTRL_X0Y0                                                     r  __ooc_internal_bufg/I
    BUFGCTRL_X0Y0        BUFG (Prop_bufg_I_O)         0.030     0.310 r  __ooc_internal_bufg/O
                         net (fo=66508, routed)       0.841     1.151    u_structure/u_context/clk
    SLICE_X99Y349        FDRE                                         r  u_structure/u_context/fine_main_reg[6][59]/C
                         clock pessimism             -0.046     1.105    
                         clock uncertainty            0.050     1.155    
    SLICE_X99Y349        FDRE (Hold_fdre_C_D)         0.043     1.198    u_structure/u_context/fine_main_reg[6][59]
  -------------------------------------------------------------------
                         required time                         -1.198    
                         arrival time                           1.250    
  -------------------------------------------------------------------
                         slack                                  0.052    

Slack (MET) :             0.061ns  (arrival time - required time)
  Source:                 u_structure/u_pool/random_state_reg[23]/C
                            (rising edge-triggered cell FDRE clocked by core_clk  {rise@0.000ns fall@12.500ns period=25.000ns})
  Destination:            u_structure/u_pool/random_state_reg[15]/D
                            (rising edge-triggered cell FDRE clocked by core_clk  {rise@0.000ns fall@12.500ns period=25.000ns})
  Path Group:             core_clk
  Path Type:              Hold (Min at Fast Process Corner)
  Requirement:            0.000ns  (core_clk rise@0.000ns - core_clk rise@0.000ns)
  Data Path Delay:        0.209ns  (logic 0.128ns (61.382%)  route 0.081ns (38.618%))
  Logic Levels:           1  (LUT3=1)
  Clock Path Skew:        0.011ns (DCD - SCD - CPR)
    Destination Clock Delay (DCD):    1.243ns
    Source Clock Delay      (SCD):    0.978ns
    Clock Pessimism Removal (CPR):    0.254ns
  Clock Uncertainty:      0.050ns  ((TSJ^2 + TIJ^2)^1/2 + DJ) / 2 + PE + UU
    Total System Jitter     (TSJ):    0.000ns
    Total Input Jitter      (TIJ):    0.000ns
    Discrete Jitter          (DJ):    0.000ns
    Phase Error              (PE):    0.000ns
    User Uncertainty         (UU):    0.050ns

    Location             Delay type                Incr(ns)  Path(ns)    Netlist Resource(s)
  -------------------------------------------------------------------    -------------------
                         (clock core_clk rise edge)
                                                      0.000     0.000 r  
                                                      0.000     0.000 r  clk (IN)
                         net (fo=0)                   0.266     0.266    __ooc_clk_input
    BUFGCTRL_X0Y0                                                     r  __ooc_internal_bufg/I
    BUFGCTRL_X0Y0        BUFG (Prop_bufg_I_O)         0.026     0.292 r  __ooc_internal_bufg/O
                         net (fo=66508, routed)       0.686     0.978    u_structure/u_pool/clk
    SLICE_X105Y391       FDRE                                         r  u_structure/u_pool/random_state_reg[23]/C
  -------------------------------------------------------------------    -------------------
    SLICE_X105Y391       FDRE (Prop_fdre_C_Q)         0.100     1.078 r  u_structure/u_pool/random_state_reg[23]/Q
                         net (fo=1, routed)           0.081     1.159    u_structure/u_pool/random_state_reg_n_0_[23]
    SLICE_X104Y391                                                    r  u_structure/u_pool/random_state[15]_i_1/I1
    SLICE_X104Y391       LUT3 (Prop_lut3_I1_O)        0.028     1.187 r  u_structure/u_pool/random_state[15]_i_1/O
                         net (fo=1, routed)           0.000     1.187    u_structure/u_pool/p_0_in2_out[21]
    SLICE_X104Y391       FDRE                                         r  u_structure/u_pool/random_state_reg[15]/D
  -------------------------------------------------------------------    -------------------

                         (clock core_clk rise edge)
                                                      0.000     0.000 r  
                                                      0.000     0.000 r  clk (IN)
                         net (fo=0)                   0.280     0.280    __ooc_clk_input
    BUFGCTRL_X0Y0                                                     r  __ooc_internal_bufg/I
    BUFGCTRL_X0Y0        BUFG (Prop_bufg_I_O)         0.030     0.310 r  __ooc_internal_bufg/O
                         net (fo=66508, routed)       0.933     1.243    u_structure/u_pool/clk
    SLICE_X104Y391       FDRE                                         r  u_structure/u_pool/random_state_reg[15]/C
                         clock pessimism             -0.254     0.989    
                         clock uncertainty            0.050     1.039    
    SLICE_X104Y391       FDRE (Hold_fdre_C_D)         0.087     1.126    u_structure/u_pool/random_state_reg[15]
  -------------------------------------------------------------------
                         required time                         -1.126    
                         arrival time                           1.187    
  -------------------------------------------------------------------
                         slack                                  0.061    

Slack (MET) :             0.072ns  (arrival time - required time)
  Source:                 u_structure/u_context/residue_reg[211]/C
                            (rising edge-triggered cell FDRE clocked by core_clk  {rise@0.000ns fall@12.500ns period=25.000ns})
  Destination:            u_structure/u_context/fine_main_reg[1][15]/D
                            (rising edge-triggered cell FDRE clocked by core_clk  {rise@0.000ns fall@12.500ns period=25.000ns})
  Path Group:             core_clk
  Path Type:              Hold (Min at Fast Process Corner)
  Requirement:            0.000ns  (core_clk rise@0.000ns - core_clk rise@0.000ns)
  Data Path Delay:        0.278ns  (logic 0.100ns (36.009%)  route 0.178ns (63.991%))
  Logic Levels:           0  
  Clock Path Skew:        0.119ns (DCD - SCD - CPR)
    Destination Clock Delay (DCD):    1.151ns
    Source Clock Delay      (SCD):    0.986ns
    Clock Pessimism Removal (CPR):    0.046ns
  Clock Uncertainty:      0.050ns  ((TSJ^2 + TIJ^2)^1/2 + DJ) / 2 + PE + UU
    Total System Jitter     (TSJ):    0.000ns
    Total Input Jitter      (TIJ):    0.000ns
    Discrete Jitter          (DJ):    0.000ns
    Phase Error              (PE):    0.000ns
    User Uncertainty         (UU):    0.050ns

    Location             Delay type                Incr(ns)  Path(ns)    Netlist Resource(s)
  -------------------------------------------------------------------    -------------------
                         (clock core_clk rise edge)
                                                      0.000     0.000 r  
                                                      0.000     0.000 r  clk (IN)
                         net (fo=0)                   0.266     0.266    __ooc_clk_input
    BUFGCTRL_X0Y0                                                     r  __ooc_internal_bufg/I
    BUFGCTRL_X0Y0        BUFG (Prop_bufg_I_O)         0.026     0.292 r  __ooc_internal_bufg/O
                         net (fo=66508, routed)       0.694     0.986    u_structure/u_context/clk
    SLICE_X117Y350       FDRE                                         r  u_structure/u_context/residue_reg[211]/C
  -------------------------------------------------------------------    -------------------
    SLICE_X117Y350       FDRE (Prop_fdre_C_Q)         0.100     1.086 r  u_structure/u_context/residue_reg[211]/Q
                         net (fo=1, routed)           0.178     1.264    u_structure/u_context/residue_reg_n_0_[211]
    SLICE_X116Y349       FDRE                                         r  u_structure/u_context/fine_main_reg[1][15]/D
  -------------------------------------------------------------------    -------------------

                         (clock core_clk rise edge)
                                                      0.000     0.000 r  
                                                      0.000     0.000 r  clk (IN)
                         net (fo=0)                   0.280     0.280    __ooc_clk_input
    BUFGCTRL_X0Y0                                                     r  __ooc_internal_bufg/I
    BUFGCTRL_X0Y0        BUFG (Prop_bufg_I_O)         0.030     0.310 r  __ooc_internal_bufg/O
                         net (fo=66508, routed)       0.841     1.151    u_structure/u_context/clk
    SLICE_X116Y349       FDRE                                         r  u_structure/u_context/fine_main_reg[1][15]/C
                         clock pessimism             -0.046     1.105    
                         clock uncertainty            0.050     1.155    
    SLICE_X116Y349       FDRE (Hold_fdre_C_D)         0.037     1.192    u_structure/u_context/fine_main_reg[1][15]
  -------------------------------------------------------------------
                         required time                         -1.192    
                         arrival time                           1.264    
  -------------------------------------------------------------------
                         slack                                  0.072    

Slack (MET) :             0.076ns  (arrival time - required time)
  Source:                 u_structure/u_context/residue_reg[688]/C
                            (rising edge-triggered cell FDRE clocked by core_clk  {rise@0.000ns fall@12.500ns period=25.000ns})
  Destination:            u_structure/u_context/fine_id_reg[11]/D
                            (rising edge-triggered cell FDRE clocked by core_clk  {rise@0.000ns fall@12.500ns period=25.000ns})
  Path Group:             core_clk
  Path Type:              Hold (Min at Fast Process Corner)
  Requirement:            0.000ns  (core_clk rise@0.000ns - core_clk rise@0.000ns)
  Data Path Delay:        0.218ns  (logic 0.118ns (54.022%)  route 0.100ns (45.978%))
  Logic Levels:           0  
  Clock Path Skew:        0.033ns (DCD - SCD - CPR)
    Destination Clock Delay (DCD):    1.289ns
    Source Clock Delay      (SCD):    1.025ns
    Clock Pessimism Removal (CPR):    0.231ns
  Clock Uncertainty:      0.050ns  ((TSJ^2 + TIJ^2)^1/2 + DJ) / 2 + PE + UU
    Total System Jitter     (TSJ):    0.000ns
    Total Input Jitter      (TIJ):    0.000ns
    Discrete Jitter          (DJ):    0.000ns
    Phase Error              (PE):    0.000ns
    User Uncertainty         (UU):    0.050ns

    Location             Delay type                Incr(ns)  Path(ns)    Netlist Resource(s)
  -------------------------------------------------------------------    -------------------
                         (clock core_clk rise edge)
                                                      0.000     0.000 r  
                                                      0.000     0.000 r  clk (IN)
                         net (fo=0)                   0.266     0.266    __ooc_clk_input
    BUFGCTRL_X0Y0                                                     r  __ooc_internal_bufg/I
    BUFGCTRL_X0Y0        BUFG (Prop_bufg_I_O)         0.026     0.292 r  __ooc_internal_bufg/O
                         net (fo=66508, routed)       0.733     1.025    u_structure/u_context/clk
    SLICE_X150Y383       FDRE                                         r  u_structure/u_context/residue_reg[688]/C
  -------------------------------------------------------------------    -------------------
    SLICE_X150Y383       FDRE (Prop_fdre_C_Q)         0.118     1.143 r  u_structure/u_context/residue_reg[688]/Q
                         net (fo=1, routed)           0.100     1.244    u_structure/u_context/residue_reg_n_0_[688]
    SLICE_X152Y383       FDRE                                         r  u_structure/u_context/fine_id_reg[11]/D
  -------------------------------------------------------------------    -------------------

                         (clock core_clk rise edge)
                                                      0.000     0.000 r  
                                                      0.000     0.000 r  clk (IN)
                         net (fo=0)                   0.280     0.280    __ooc_clk_input
    BUFGCTRL_X0Y0                                                     r  __ooc_internal_bufg/I
    BUFGCTRL_X0Y0        BUFG (Prop_bufg_I_O)         0.030     0.310 r  __ooc_internal_bufg/O
                         net (fo=66508, routed)       0.979     1.289    u_structure/u_context/clk
    SLICE_X152Y383       FDRE                                         r  u_structure/u_context/fine_id_reg[11]/C
                         clock pessimism             -0.231     1.058    
                         clock uncertainty            0.050     1.108    
    SLICE_X152Y383       FDRE (Hold_fdre_C_D)         0.059     1.167    u_structure/u_context/fine_id_reg[11]
  -------------------------------------------------------------------
                         required time                         -1.167    
                         arrival time                           1.244    
  -------------------------------------------------------------------
                         slack                                  0.076    

Slack (MET) :             0.077ns  (arrival time - required time)
  Source:                 u_structure/g_coarse[0].u_sar/resolved_code_reg[6]/C
                            (rising edge-triggered cell FDRE clocked by core_clk  {rise@0.000ns fall@12.500ns period=25.000ns})
  Destination:            u_structure/g_coarse[0].u_sar/trial_code_reg[6]/D
                            (rising edge-triggered cell FDRE clocked by core_clk  {rise@0.000ns fall@12.500ns period=25.000ns})
  Path Group:             core_clk
  Path Type:              Hold (Min at Fast Process Corner)
  Requirement:            0.000ns  (core_clk rise@0.000ns - core_clk rise@0.000ns)
  Data Path Delay:        0.199ns  (logic 0.128ns (64.298%)  route 0.071ns (35.702%))
  Logic Levels:           1  (LUT6=1)
  Clock Path Skew:        0.011ns (DCD - SCD - CPR)
    Destination Clock Delay (DCD):    1.264ns
    Source Clock Delay      (SCD):    0.999ns
    Clock Pessimism Removal (CPR):    0.254ns
  Clock Uncertainty:      0.050ns  ((TSJ^2 + TIJ^2)^1/2 + DJ) / 2 + PE + UU
    Total System Jitter     (TSJ):    0.000ns
    Total Input Jitter      (TIJ):    0.000ns
    Discrete Jitter          (DJ):    0.000ns
    Phase Error              (PE):    0.000ns
    User Uncertainty         (UU):    0.050ns

    Location             Delay type                Incr(ns)  Path(ns)    Netlist Resource(s)
  -------------------------------------------------------------------    -------------------
                         (clock core_clk rise edge)
                                                      0.000     0.000 r  
                                                      0.000     0.000 r  clk (IN)
                         net (fo=0)                   0.266     0.266    __ooc_clk_input
    BUFGCTRL_X0Y0                                                     r  __ooc_internal_bufg/I
    BUFGCTRL_X0Y0        BUFG (Prop_bufg_I_O)         0.026     0.292 r  __ooc_internal_bufg/O
                         net (fo=66508, routed)       0.707     0.999    u_structure/g_coarse[0].u_sar/clk
    SLICE_X82Y361        FDRE                                         r  u_structure/g_coarse[0].u_sar/resolved_code_reg[6]/C
  -------------------------------------------------------------------    -------------------
    SLICE_X82Y361        FDRE (Prop_fdre_C_Q)         0.100     1.099 r  u_structure/g_coarse[0].u_sar/resolved_code_reg[6]/Q
                         net (fo=4, routed)           0.071     1.170    u_structure/g_coarse[0].u_sar/p_8_out[6]
    SLICE_X83Y361                                                     r  u_structure/g_coarse[0].u_sar/trial_code[6]_i_1__1/I1
    SLICE_X83Y361        LUT6 (Prop_lut6_I1_O)        0.028     1.198 r  u_structure/g_coarse[0].u_sar/trial_code[6]_i_1__1/O
                         net (fo=1, routed)           0.000     1.198    u_structure/g_coarse[0].u_sar/trial_code[6]_i_1__1_n_0
    SLICE_X83Y361        FDRE                                         r  u_structure/g_coarse[0].u_sar/trial_code_reg[6]/D
  -------------------------------------------------------------------    -------------------

                         (clock core_clk rise edge)
                                                      0.000     0.000 r  
                                                      0.000     0.000 r  clk (IN)
                         net (fo=0)                   0.280     0.280    __ooc_clk_input
    BUFGCTRL_X0Y0                                                     r  __ooc_internal_bufg/I
    BUFGCTRL_X0Y0        BUFG (Prop_bufg_I_O)         0.030     0.310 r  __ooc_internal_bufg/O
                         net (fo=66508, routed)       0.954     1.264    u_structure/g_coarse[0].u_sar/clk
    SLICE_X83Y361        FDRE                                         r  u_structure/g_coarse[0].u_sar/trial_code_reg[6]/C
                         clock pessimism             -0.254     1.010    
                         clock uncertainty            0.050     1.060    
    SLICE_X83Y361        FDRE (Hold_fdre_C_D)         0.061     1.121    u_structure/g_coarse[0].u_sar/trial_code_reg[6]
  -------------------------------------------------------------------
                         required time                         -1.121    
                         arrival time                           1.198    
  -------------------------------------------------------------------
                         slack                                  0.077    

Slack (MET) :             0.078ns  (arrival time - required time)
  Source:                 u_structure/u_pool/acquiring_ids_reg[4][1]/C
                            (rising edge-triggered cell FDRE clocked by core_clk  {rise@0.000ns fall@12.500ns period=25.000ns})
  Destination:            u_structure/u_pool/converting_ids_reg[4][1]/D
                            (rising edge-triggered cell FDRE clocked by core_clk  {rise@0.000ns fall@12.500ns period=25.000ns})
  Path Group:             core_clk
  Path Type:              Hold (Min at Fast Process Corner)
  Requirement:            0.000ns  (core_clk rise@0.000ns - core_clk rise@0.000ns)
  Data Path Delay:        0.173ns  (logic 0.118ns (68.255%)  route 0.055ns (31.745%))
  Logic Levels:           0  
  Clock Path Skew:        0.000ns (DCD - SCD - CPR)
    Destination Clock Delay (DCD):    1.280ns
    Source Clock Delay      (SCD):    1.017ns
    Clock Pessimism Removal (CPR):    0.263ns
  Clock Uncertainty:      0.050ns  ((TSJ^2 + TIJ^2)^1/2 + DJ) / 2 + PE + UU
    Total System Jitter     (TSJ):    0.000ns
    Total Input Jitter      (TIJ):    0.000ns
    Discrete Jitter          (DJ):    0.000ns
    Phase Error              (PE):    0.000ns
    User Uncertainty         (UU):    0.050ns

    Location             Delay type                Incr(ns)  Path(ns)    Netlist Resource(s)
  -------------------------------------------------------------------    -------------------
                         (clock core_clk rise edge)
                                                      0.000     0.000 r  
                                                      0.000     0.000 r  clk (IN)
                         net (fo=0)                   0.266     0.266    __ooc_clk_input
    BUFGCTRL_X0Y0                                                     r  __ooc_internal_bufg/I
    BUFGCTRL_X0Y0        BUFG (Prop_bufg_I_O)         0.026     0.292 r  __ooc_internal_bufg/O
                         net (fo=66508, routed)       0.725     1.017    u_structure/u_pool/clk
    SLICE_X144Y370       FDRE                                         r  u_structure/u_pool/acquiring_ids_reg[4][1]/C
  -------------------------------------------------------------------    -------------------
    SLICE_X144Y370       FDRE (Prop_fdre_C_Q)         0.118     1.135 r  u_structure/u_pool/acquiring_ids_reg[4][1]/Q
                         net (fo=1, routed)           0.055     1.190    u_structure/u_pool/acquiring_ids_reg_n_0_[4][1]
    SLICE_X144Y370       FDRE                                         r  u_structure/u_pool/converting_ids_reg[4][1]/D
  -------------------------------------------------------------------    -------------------

                         (clock core_clk rise edge)
                                                      0.000     0.000 r  
                                                      0.000     0.000 r  clk (IN)
                         net (fo=0)                   0.280     0.280    __ooc_clk_input
    BUFGCTRL_X0Y0                                                     r  __ooc_internal_bufg/I
    BUFGCTRL_X0Y0        BUFG (Prop_bufg_I_O)         0.030     0.310 r  __ooc_internal_bufg/O
                         net (fo=66508, routed)       0.970     1.280    u_structure/u_pool/clk
    SLICE_X144Y370       FDRE                                         r  u_structure/u_pool/converting_ids_reg[4][1]/C
                         clock pessimism             -0.263     1.017    
                         clock uncertainty            0.050     1.067    
    SLICE_X144Y370       FDRE (Hold_fdre_C_D)         0.045     1.112    u_structure/u_pool/converting_ids_reg[4][1]
  -------------------------------------------------------------------
                         required time                         -1.112    
                         arrival time                           1.190    
  -------------------------------------------------------------------
                         slack                                  0.078    

Slack (MET) :             0.078ns  (arrival time - required time)
  Source:                 u_structure/u_context/residue_reg[527]/C
                            (rising edge-triggered cell FDRE clocked by core_clk  {rise@0.000ns fall@12.500ns period=25.000ns})
  Destination:            u_structure/u_context/fine_main_reg[6][16]/D
                            (rising edge-triggered cell FDRE clocked by core_clk  {rise@0.000ns fall@12.500ns period=25.000ns})
  Path Group:             core_clk
  Path Type:              Hold (Min at Fast Process Corner)
  Requirement:            0.000ns  (core_clk rise@0.000ns - core_clk rise@0.000ns)
  Data Path Delay:        0.202ns  (logic 0.100ns (49.418%)  route 0.102ns (50.582%))
  Logic Levels:           0  
  Clock Path Skew:        0.033ns (DCD - SCD - CPR)
    Destination Clock Delay (DCD):    1.151ns
    Source Clock Delay      (SCD):    0.907ns
    Clock Pessimism Removal (CPR):    0.211ns
  Clock Uncertainty:      0.050ns  ((TSJ^2 + TIJ^2)^1/2 + DJ) / 2 + PE + UU
    Total System Jitter     (TSJ):    0.000ns
    Total Input Jitter      (TIJ):    0.000ns
    Discrete Jitter          (DJ):    0.000ns
    Phase Error              (PE):    0.000ns
    User Uncertainty         (UU):    0.050ns

    Location             Delay type                Incr(ns)  Path(ns)    Netlist Resource(s)
  -------------------------------------------------------------------    -------------------
                         (clock core_clk rise edge)
                                                      0.000     0.000 r  
                                                      0.000     0.000 r  clk (IN)
                         net (fo=0)                   0.266     0.266    __ooc_clk_input
    BUFGCTRL_X0Y0                                                     r  __ooc_internal_bufg/I
    BUFGCTRL_X0Y0        BUFG (Prop_bufg_I_O)         0.026     0.292 r  __ooc_internal_bufg/O
                         net (fo=66508, routed)       0.615     0.907    u_structure/u_context/clk
    SLICE_X125Y343       FDRE                                         r  u_structure/u_context/residue_reg[527]/C
  -------------------------------------------------------------------    -------------------
    SLICE_X125Y343       FDRE (Prop_fdre_C_Q)         0.100     1.007 r  u_structure/u_context/residue_reg[527]/Q
                         net (fo=1, routed)           0.102     1.110    u_structure/u_context/residue_reg_n_0_[527]
    SLICE_X123Y343       FDRE                                         r  u_structure/u_context/fine_main_reg[6][16]/D
  -------------------------------------------------------------------    -------------------

                         (clock core_clk rise edge)
                                                      0.000     0.000 r  
                                                      0.000     0.000 r  clk (IN)
                         net (fo=0)                   0.280     0.280    __ooc_clk_input
    BUFGCTRL_X0Y0                                                     r  __ooc_internal_bufg/I
    BUFGCTRL_X0Y0        BUFG (Prop_bufg_I_O)         0.030     0.310 r  __ooc_internal_bufg/O
                         net (fo=66508, routed)       0.841     1.151    u_structure/u_context/clk
    SLICE_X123Y343       FDRE                                         r  u_structure/u_context/fine_main_reg[6][16]/C
                         clock pessimism             -0.211     0.940    
                         clock uncertainty            0.050     0.990    
    SLICE_X123Y343       FDRE (Hold_fdre_C_D)         0.041     1.031    u_structure/u_context/fine_main_reg[6][16]
  -------------------------------------------------------------------
                         required time                         -1.031    
                         arrival time                           1.110    
  -------------------------------------------------------------------
                         slack                                  0.078    

Slack (MET) :             0.078ns  (arrival time - required time)
  Source:                 u_structure/u_context/fine_id_reg[20]/C
                            (rising edge-triggered cell FDRE clocked by core_clk  {rise@0.000ns fall@12.500ns period=25.000ns})
  Destination:            u_recon/sample_id_r_reg[20]/D
                            (rising edge-triggered cell FDRE clocked by core_clk  {rise@0.000ns fall@12.500ns period=25.000ns})
  Path Group:             core_clk
  Path Type:              Hold (Min at Fast Process Corner)
  Requirement:            0.000ns  (core_clk rise@0.000ns - core_clk rise@0.000ns)
  Data Path Delay:        0.222ns  (logic 0.118ns (53.067%)  route 0.104ns (46.933%))
  Logic Levels:           0  
  Clock Path Skew:        0.035ns (DCD - SCD - CPR)
    Destination Clock Delay (DCD):    1.294ns
    Source Clock Delay      (SCD):    1.028ns
    Clock Pessimism Removal (CPR):    0.231ns
  Clock Uncertainty:      0.050ns  ((TSJ^2 + TIJ^2)^1/2 + DJ) / 2 + PE + UU
    Total System Jitter     (TSJ):    0.000ns
    Total Input Jitter      (TIJ):    0.000ns
    Discrete Jitter          (DJ):    0.000ns
    Phase Error              (PE):    0.000ns
    User Uncertainty         (UU):    0.050ns

    Location             Delay type                Incr(ns)  Path(ns)    Netlist Resource(s)
  -------------------------------------------------------------------    -------------------
                         (clock core_clk rise edge)
                                                      0.000     0.000 r  
                                                      0.000     0.000 r  clk (IN)
                         net (fo=0)                   0.266     0.266    __ooc_clk_input
    BUFGCTRL_X0Y0                                                     r  __ooc_internal_bufg/I
    BUFGCTRL_X0Y0        BUFG (Prop_bufg_I_O)         0.026     0.292 r  __ooc_internal_bufg/O
                         net (fo=66508, routed)       0.736     1.028    u_structure/u_context/clk
    SLICE_X150Y388       FDRE                                         r  u_structure/u_context/fine_id_reg[20]/C
  -------------------------------------------------------------------    -------------------
    SLICE_X150Y388       FDRE (Prop_fdre_C_Q)         0.118     1.146 r  u_structure/u_context/fine_id_reg[20]/Q
                         net (fo=1, routed)           0.104     1.251    u_recon/sample_id_r_reg[31]_0[20]
    SLICE_X152Y388       FDRE                                         r  u_recon/sample_id_r_reg[20]/D
  -------------------------------------------------------------------    -------------------

                         (clock core_clk rise edge)
                                                      0.000     0.000 r  
                                                      0.000     0.000 r  clk (IN)
                         net (fo=0)                   0.280     0.280    __ooc_clk_input
    BUFGCTRL_X0Y0                                                     r  __ooc_internal_bufg/I
    BUFGCTRL_X0Y0        BUFG (Prop_bufg_I_O)         0.030     0.310 r  __ooc_internal_bufg/O
                         net (fo=66508, routed)       0.984     1.294    u_recon/clk
    SLICE_X152Y388       FDRE                                         r  u_recon/sample_id_r_reg[20]/C
                         clock pessimism             -0.231     1.063    
                         clock uncertainty            0.050     1.113    
    SLICE_X152Y388       FDRE (Hold_fdre_C_D)         0.059     1.172    u_recon/sample_id_r_reg[20]
  -------------------------------------------------------------------
                         required time                         -1.172    
                         arrival time                           1.251    
  -------------------------------------------------------------------
                         slack                                  0.078    

Slack (MET) :             0.079ns  (arrival time - required time)
  Source:                 u_structure/current_injection_reg[31]/C
                            (rising edge-triggered cell FDRE clocked by core_clk  {rise@0.000ns fall@12.500ns period=25.000ns})
  Destination:            u_structure/u_context/residue_reg[31]/D
                            (rising edge-triggered cell FDRE clocked by core_clk  {rise@0.000ns fall@12.500ns period=25.000ns})
  Path Group:             core_clk
  Path Type:              Hold (Min at Fast Process Corner)
  Requirement:            0.000ns  (core_clk rise@0.000ns - core_clk rise@0.000ns)
  Data Path Delay:        0.200ns  (logic 0.100ns (49.934%)  route 0.100ns (50.066%))
  Logic Levels:           0  
  Clock Path Skew:        0.031ns (DCD - SCD - CPR)
    Destination Clock Delay (DCD):    1.088ns
    Source Clock Delay      (SCD):    0.871ns
    Clock Pessimism Removal (CPR):    0.186ns
  Clock Uncertainty:      0.050ns  ((TSJ^2 + TIJ^2)^1/2 + DJ) / 2 + PE + UU
    Total System Jitter     (TSJ):    0.000ns
    Total Input Jitter      (TIJ):    0.000ns
    Discrete Jitter          (DJ):    0.000ns
    Phase Error              (PE):    0.000ns
    User Uncertainty         (UU):    0.050ns

    Location             Delay type                Incr(ns)  Path(ns)    Netlist Resource(s)
  -------------------------------------------------------------------    -------------------
                         (clock core_clk rise edge)
                                                      0.000     0.000 r  
                                                      0.000     0.000 r  clk (IN)
                         net (fo=0)                   0.266     0.266    __ooc_clk_input
    BUFGCTRL_X0Y0                                                     r  __ooc_internal_bufg/I
    BUFGCTRL_X0Y0        BUFG (Prop_bufg_I_O)         0.026     0.292 r  __ooc_internal_bufg/O
                         net (fo=66508, routed)       0.579     0.871    u_structure/clk
    SLICE_X139Y216       FDRE                                         r  u_structure/current_injection_reg[31]/C
  -------------------------------------------------------------------    -------------------
    SLICE_X139Y216       FDRE (Prop_fdre_C_Q)         0.100     0.971 r  u_structure/current_injection_reg[31]/Q
                         net (fo=1, routed)           0.100     1.072    u_structure/u_context/D[31]
    SLICE_X137Y216       FDRE                                         r  u_structure/u_context/residue_reg[31]/D
  -------------------------------------------------------------------    -------------------

                         (clock core_clk rise edge)
                                                      0.000     0.000 r  
                                                      0.000     0.000 r  clk (IN)
                         net (fo=0)                   0.280     0.280    __ooc_clk_input
    BUFGCTRL_X0Y0                                                     r  __ooc_internal_bufg/I
    BUFGCTRL_X0Y0        BUFG (Prop_bufg_I_O)         0.030     0.310 r  __ooc_internal_bufg/O
                         net (fo=66508, routed)       0.778     1.088    u_structure/u_context/clk
    SLICE_X137Y216       FDRE                                         r  u_structure/u_context/residue_reg[31]/C
                         clock pessimism             -0.186     0.902    
                         clock uncertainty            0.050     0.952    
    SLICE_X137Y216       FDRE (Hold_fdre_C_D)         0.040     0.992    u_structure/u_context/residue_reg[31]
  -------------------------------------------------------------------
                         required time                         -0.992    
                         arrival time                           1.072    
  -------------------------------------------------------------------
                         slack                                  0.079    

Slack (MET) :             0.080ns  (arrival time - required time)
  Source:                 u_structure/u_context/residue_reg[126]/C
                            (rising edge-triggered cell FDRE clocked by core_clk  {rise@0.000ns fall@12.500ns period=25.000ns})
  Destination:            u_structure/u_context/fine_sub_reg[7][1]/D
                            (rising edge-triggered cell FDRE clocked by core_clk  {rise@0.000ns fall@12.500ns period=25.000ns})
  Path Group:             core_clk
  Path Type:              Hold (Min at Fast Process Corner)
  Requirement:            0.000ns  (core_clk rise@0.000ns - core_clk rise@0.000ns)
  Data Path Delay:        0.207ns  (logic 0.100ns (48.270%)  route 0.107ns (51.730%))
  Logic Levels:           0  
  Clock Path Skew:        0.036ns (DCD - SCD - CPR)
    Destination Clock Delay (DCD):    1.263ns
    Source Clock Delay      (SCD):    0.996ns
    Clock Pessimism Removal (CPR):    0.231ns
  Clock Uncertainty:      0.050ns  ((TSJ^2 + TIJ^2)^1/2 + DJ) / 2 + PE + UU
    Total System Jitter     (TSJ):    0.000ns
    Total Input Jitter      (TIJ):    0.000ns
    Discrete Jitter          (DJ):    0.000ns
    Phase Error              (PE):    0.000ns
    User Uncertainty         (UU):    0.050ns

    Location             Delay type                Incr(ns)  Path(ns)    Netlist Resource(s)
  -------------------------------------------------------------------    -------------------
                         (clock core_clk rise edge)
                                                      0.000     0.000 r  
                                                      0.000     0.000 r  clk (IN)
                         net (fo=0)                   0.266     0.266    __ooc_clk_input
    BUFGCTRL_X0Y0                                                     r  __ooc_internal_bufg/I
    BUFGCTRL_X0Y0        BUFG (Prop_bufg_I_O)         0.026     0.292 r  __ooc_internal_bufg/O
                         net (fo=66508, routed)       0.704     0.996    u_structure/u_context/clk
    SLICE_X90Y359        FDRE                                         r  u_structure/u_context/residue_reg[126]/C
  -------------------------------------------------------------------    -------------------
    SLICE_X90Y359        FDRE (Prop_fdre_C_Q)         0.100     1.096 r  u_structure/u_context/residue_reg[126]/Q
                         net (fo=1, routed)           0.107     1.203    u_structure/u_context/residue_reg_n_0_[126]
    SLICE_X89Y359        FDRE                                         r  u_structure/u_context/fine_sub_reg[7][1]/D
  -------------------------------------------------------------------    -------------------

                         (clock core_clk rise edge)
                                                      0.000     0.000 r  
                                                      0.000     0.000 r  clk (IN)
                         net (fo=0)                   0.280     0.280    __ooc_clk_input
    BUFGCTRL_X0Y0                                                     r  __ooc_internal_bufg/I
    BUFGCTRL_X0Y0        BUFG (Prop_bufg_I_O)         0.030     0.310 r  __ooc_internal_bufg/O
                         net (fo=66508, routed)       0.953     1.263    u_structure/u_context/clk
    SLICE_X89Y359        FDRE                                         r  u_structure/u_context/fine_sub_reg[7][1]/C
                         clock pessimism             -0.231     1.032    
                         clock uncertainty            0.050     1.082    
    SLICE_X89Y359        FDRE (Hold_fdre_C_D)         0.041     1.123    u_structure/u_context/fine_sub_reg[7][1]
  -------------------------------------------------------------------
                         required time                         -1.123    
                         arrival time                           1.203    
  -------------------------------------------------------------------
                         slack                                  0.080    

Slack (MET) :             0.081ns  (arrival time - required time)
  Source:                 u_structure/u_context/residue_reg[705]/C
                            (rising edge-triggered cell FDRE clocked by core_clk  {rise@0.000ns fall@12.500ns period=25.000ns})
  Destination:            u_structure/u_context/fine_id_reg[28]/D
                            (rising edge-triggered cell FDRE clocked by core_clk  {rise@0.000ns fall@12.500ns period=25.000ns})
  Path Group:             core_clk
  Path Type:              Hold (Min at Fast Process Corner)
  Requirement:            0.000ns  (core_clk rise@0.000ns - core_clk rise@0.000ns)
  Data Path Delay:        0.209ns  (logic 0.100ns (47.925%)  route 0.109ns (52.075%))
  Logic Levels:           0  
  Clock Path Skew:        0.036ns (DCD - SCD - CPR)
    Destination Clock Delay (DCD):    1.294ns
    Source Clock Delay      (SCD):    1.027ns
    Clock Pessimism Removal (CPR):    0.231ns
  Clock Uncertainty:      0.050ns  ((TSJ^2 + TIJ^2)^1/2 + DJ) / 2 + PE + UU
    Total System Jitter     (TSJ):    0.000ns
    Total Input Jitter      (TIJ):    0.000ns
    Discrete Jitter          (DJ):    0.000ns
    Phase Error              (PE):    0.000ns
    User Uncertainty         (UU):    0.050ns

    Location             Delay type                Incr(ns)  Path(ns)    Netlist Resource(s)
  -------------------------------------------------------------------    -------------------
                         (clock core_clk rise edge)
                                                      0.000     0.000 r  
                                                      0.000     0.000 r  clk (IN)
                         net (fo=0)                   0.266     0.266    __ooc_clk_input
    BUFGCTRL_X0Y0                                                     r  __ooc_internal_bufg/I
    BUFGCTRL_X0Y0        BUFG (Prop_bufg_I_O)         0.026     0.292 r  __ooc_internal_bufg/O
                         net (fo=66508, routed)       0.735     1.027    u_structure/u_context/clk
    SLICE_X149Y388       FDRE                                         r  u_structure/u_context/residue_reg[705]/C
  -------------------------------------------------------------------    -------------------
    SLICE_X149Y388       FDRE (Prop_fdre_C_Q)         0.100     1.127 r  u_structure/u_context/residue_reg[705]/Q
                         net (fo=1, routed)           0.109     1.236    u_structure/u_context/residue_reg_n_0_[705]
    SLICE_X150Y388       FDRE                                         r  u_structure/u_context/fine_id_reg[28]/D
  -------------------------------------------------------------------    -------------------

                         (clock core_clk rise edge)
                                                      0.000     0.000 r  
                                                      0.000     0.000 r  clk (IN)
                         net (fo=0)                   0.280     0.280    __ooc_clk_input
    BUFGCTRL_X0Y0                                                     r  __ooc_internal_bufg/I
    BUFGCTRL_X0Y0        BUFG (Prop_bufg_I_O)         0.030     0.310 r  __ooc_internal_bufg/O
                         net (fo=66508, routed)       0.984     1.294    u_structure/u_context/clk
    SLICE_X150Y388       FDRE                                         r  u_structure/u_context/fine_id_reg[28]/C
                         clock pessimism             -0.231     1.063    
                         clock uncertainty            0.050     1.113    
    SLICE_X150Y388       FDRE (Hold_fdre_C_D)         0.042     1.155    u_structure/u_context/fine_id_reg[28]
  -------------------------------------------------------------------
                         required time                         -1.155    
                         arrival time                           1.236    
  -------------------------------------------------------------------
                         slack                                  0.081    

Slack (MET) :             0.081ns  (arrival time - required time)
  Source:                 u_structure/u_pool/acquiring_ids_reg[2][0]/C
                            (rising edge-triggered cell FDRE clocked by core_clk  {rise@0.000ns fall@12.500ns period=25.000ns})
  Destination:            u_structure/u_pool/converting_ids_reg[2][0]/D
                            (rising edge-triggered cell FDRE clocked by core_clk  {rise@0.000ns fall@12.500ns period=25.000ns})
  Path Group:             core_clk
  Path Type:              Hold (Min at Fast Process Corner)
  Requirement:            0.000ns  (core_clk rise@0.000ns - core_clk rise@0.000ns)
  Data Path Delay:        0.173ns  (logic 0.118ns (68.255%)  route 0.055ns (31.745%))
  Logic Levels:           0  
  Clock Path Skew:        0.000ns (DCD - SCD - CPR)
    Destination Clock Delay (DCD):    1.286ns
    Source Clock Delay      (SCD):    1.022ns
    Clock Pessimism Removal (CPR):    0.264ns
  Clock Uncertainty:      0.050ns  ((TSJ^2 + TIJ^2)^1/2 + DJ) / 2 + PE + UU
    Total System Jitter     (TSJ):    0.000ns
    Total Input Jitter      (TIJ):    0.000ns
    Discrete Jitter          (DJ):    0.000ns
    Phase Error              (PE):    0.000ns
    User Uncertainty         (UU):    0.050ns

    Location             Delay type                Incr(ns)  Path(ns)    Netlist Resource(s)
  -------------------------------------------------------------------    -------------------
                         (clock core_clk rise edge)
                                                      0.000     0.000 r  
                                                      0.000     0.000 r  clk (IN)
                         net (fo=0)                   0.266     0.266    __ooc_clk_input
    BUFGCTRL_X0Y0                                                     r  __ooc_internal_bufg/I
    BUFGCTRL_X0Y0        BUFG (Prop_bufg_I_O)         0.026     0.292 r  __ooc_internal_bufg/O
                         net (fo=66508, routed)       0.730     1.022    u_structure/u_pool/clk
    SLICE_X146Y368       FDRE                                         r  u_structure/u_pool/acquiring_ids_reg[2][0]/C
  -------------------------------------------------------------------    -------------------
    SLICE_X146Y368       FDRE (Prop_fdre_C_Q)         0.118     1.140 r  u_structure/u_pool/acquiring_ids_reg[2][0]/Q
                         net (fo=1, routed)           0.055     1.195    u_structure/u_pool/acquiring_ids_reg_n_0_[2][0]
    SLICE_X146Y368       FDRE                                         r  u_structure/u_pool/converting_ids_reg[2][0]/D
  -------------------------------------------------------------------    -------------------

                         (clock core_clk rise edge)
                                                      0.000     0.000 r  
                                                      0.000     0.000 r  clk (IN)
                         net (fo=0)                   0.280     0.280    __ooc_clk_input
    BUFGCTRL_X0Y0                                                     r  __ooc_internal_bufg/I
    BUFGCTRL_X0Y0        BUFG (Prop_bufg_I_O)         0.030     0.310 r  __ooc_internal_bufg/O
                         net (fo=66508, routed)       0.976     1.286    u_structure/u_pool/clk
    SLICE_X146Y368       FDRE                                         r  u_structure/u_pool/converting_ids_reg[2][0]/C
                         clock pessimism             -0.264     1.022    
                         clock uncertainty            0.050     1.072    
    SLICE_X146Y368       FDRE (Hold_fdre_C_D)         0.042     1.114    u_structure/u_pool/converting_ids_reg[2][0]
  -------------------------------------------------------------------
                         required time                         -1.114    
                         arrival time                           1.195    
  -------------------------------------------------------------------
                         slack                                  0.081    

Slack (MET) :             0.081ns  (arrival time - required time)
  Source:                 u_structure/u_pool/acquiring_ids_reg[3][3]/C
                            (rising edge-triggered cell FDRE clocked by core_clk  {rise@0.000ns fall@12.500ns period=25.000ns})
  Destination:            u_structure/u_pool/converting_ids_reg[3][3]/D
                            (rising edge-triggered cell FDRE clocked by core_clk  {rise@0.000ns fall@12.500ns period=25.000ns})
  Path Group:             core_clk
  Path Type:              Hold (Min at Fast Process Corner)
  Requirement:            0.000ns  (core_clk rise@0.000ns - core_clk rise@0.000ns)
  Data Path Delay:        0.173ns  (logic 0.118ns (68.255%)  route 0.055ns (31.745%))
  Logic Levels:           0  
  Clock Path Skew:        0.000ns (DCD - SCD - CPR)
    Destination Clock Delay (DCD):    1.284ns
    Source Clock Delay      (SCD):    1.020ns
    Clock Pessimism Removal (CPR):    0.264ns
  Clock Uncertainty:      0.050ns  ((TSJ^2 + TIJ^2)^1/2 + DJ) / 2 + PE + UU
    Total System Jitter     (TSJ):    0.000ns
    Total Input Jitter      (TIJ):    0.000ns
    Discrete Jitter          (DJ):    0.000ns
    Phase Error              (PE):    0.000ns
    User Uncertainty         (UU):    0.050ns

    Location             Delay type                Incr(ns)  Path(ns)    Netlist Resource(s)
  -------------------------------------------------------------------    -------------------
                         (clock core_clk rise edge)
                                                      0.000     0.000 r  
                                                      0.000     0.000 r  clk (IN)
                         net (fo=0)                   0.266     0.266    __ooc_clk_input
    BUFGCTRL_X0Y0                                                     r  __ooc_internal_bufg/I
    BUFGCTRL_X0Y0        BUFG (Prop_bufg_I_O)         0.026     0.292 r  __ooc_internal_bufg/O
                         net (fo=66508, routed)       0.728     1.020    u_structure/u_pool/clk
    SLICE_X146Y370       FDRE                                         r  u_structure/u_pool/acquiring_ids_reg[3][3]/C
  -------------------------------------------------------------------    -------------------
    SLICE_X146Y370       FDRE (Prop_fdre_C_Q)         0.118     1.138 r  u_structure/u_pool/acquiring_ids_reg[3][3]/Q
                         net (fo=1, routed)           0.055     1.193    u_structure/u_pool/acquiring_ids_reg_n_0_[3][3]
    SLICE_X146Y370       FDRE                                         r  u_structure/u_pool/converting_ids_reg[3][3]/D
  -------------------------------------------------------------------    -------------------

                         (clock core_clk rise edge)
                                                      0.000     0.000 r  
                                                      0.000     0.000 r  clk (IN)
                         net (fo=0)                   0.280     0.280    __ooc_clk_input
    BUFGCTRL_X0Y0                                                     r  __ooc_internal_bufg/I
    BUFGCTRL_X0Y0        BUFG (Prop_bufg_I_O)         0.030     0.310 r  __ooc_internal_bufg/O
                         net (fo=66508, routed)       0.974     1.284    u_structure/u_pool/clk
    SLICE_X146Y370       FDRE                                         r  u_structure/u_pool/converting_ids_reg[3][3]/C
                         clock pessimism             -0.264     1.020    
                         clock uncertainty            0.050     1.070    
    SLICE_X146Y370       FDRE (Hold_fdre_C_D)         0.042     1.112    u_structure/u_pool/converting_ids_reg[3][3]
  -------------------------------------------------------------------
                         required time                         -1.112    
                         arrival time                           1.193    
  -------------------------------------------------------------------
                         slack                                  0.081    

Slack (MET) :             0.081ns  (arrival time - required time)
  Source:                 u_structure/u_pool/acquiring_ids_reg[6][4]/C
                            (rising edge-triggered cell FDRE clocked by core_clk  {rise@0.000ns fall@12.500ns period=25.000ns})
  Destination:            u_structure/u_pool/converting_ids_reg[6][4]/D
                            (rising edge-triggered cell FDRE clocked by core_clk  {rise@0.000ns fall@12.500ns period=25.000ns})
  Path Group:             core_clk
  Path Type:              Hold (Min at Fast Process Corner)
  Requirement:            0.000ns  (core_clk rise@0.000ns - core_clk rise@0.000ns)
  Data Path Delay:        0.173ns  (logic 0.118ns (68.255%)  route 0.055ns (31.745%))
  Logic Levels:           0  
  Clock Path Skew:        0.000ns (DCD - SCD - CPR)
    Destination Clock Delay (DCD):    1.286ns
    Source Clock Delay      (SCD):    1.022ns
    Clock Pessimism Removal (CPR):    0.264ns
  Clock Uncertainty:      0.050ns  ((TSJ^2 + TIJ^2)^1/2 + DJ) / 2 + PE + UU
    Total System Jitter     (TSJ):    0.000ns
    Total Input Jitter      (TIJ):    0.000ns
    Discrete Jitter          (DJ):    0.000ns
    Phase Error              (PE):    0.000ns
    User Uncertainty         (UU):    0.050ns

    Location             Delay type                Incr(ns)  Path(ns)    Netlist Resource(s)
  -------------------------------------------------------------------    -------------------
                         (clock core_clk rise edge)
                                                      0.000     0.000 r  
                                                      0.000     0.000 r  clk (IN)
                         net (fo=0)                   0.266     0.266    __ooc_clk_input
    BUFGCTRL_X0Y0                                                     r  __ooc_internal_bufg/I
    BUFGCTRL_X0Y0        BUFG (Prop_bufg_I_O)         0.026     0.292 r  __ooc_internal_bufg/O
                         net (fo=66508, routed)       0.730     1.022    u_structure/u_pool/clk
    SLICE_X148Y368       FDRE                                         r  u_structure/u_pool/acquiring_ids_reg[6][4]/C
  -------------------------------------------------------------------    -------------------
    SLICE_X148Y368       FDRE (Prop_fdre_C_Q)         0.118     1.140 r  u_structure/u_pool/acquiring_ids_reg[6][4]/Q
                         net (fo=1, routed)           0.055     1.195    u_structure/u_pool/acquiring_ids_reg_n_0_[6][4]
    SLICE_X148Y368       FDRE                                         r  u_structure/u_pool/converting_ids_reg[6][4]/D
  -------------------------------------------------------------------    -------------------

                         (clock core_clk rise edge)
                                                      0.000     0.000 r  
                                                      0.000     0.000 r  clk (IN)
                         net (fo=0)                   0.280     0.280    __ooc_clk_input
    BUFGCTRL_X0Y0                                                     r  __ooc_internal_bufg/I
    BUFGCTRL_X0Y0        BUFG (Prop_bufg_I_O)         0.030     0.310 r  __ooc_internal_bufg/O
                         net (fo=66508, routed)       0.976     1.286    u_structure/u_pool/clk
    SLICE_X148Y368       FDRE                                         r  u_structure/u_pool/converting_ids_reg[6][4]/C
                         clock pessimism             -0.264     1.022    
                         clock uncertainty            0.050     1.072    
    SLICE_X148Y368       FDRE (Hold_fdre_C_D)         0.042     1.114    u_structure/u_pool/converting_ids_reg[6][4]
  -------------------------------------------------------------------
                         required time                         -1.114    
                         arrival time                           1.195    
  -------------------------------------------------------------------
                         slack                                  0.081    

Slack (MET) :             0.081ns  (arrival time - required time)
  Source:                 u_structure/u_pool/acquiring_ids_reg[2][1]/C
                            (rising edge-triggered cell FDSE clocked by core_clk  {rise@0.000ns fall@12.500ns period=25.000ns})
  Destination:            u_structure/u_pool/converting_ids_reg[2][1]/D
                            (rising edge-triggered cell FDRE clocked by core_clk  {rise@0.000ns fall@12.500ns period=25.000ns})
  Path Group:             core_clk
  Path Type:              Hold (Min at Fast Process Corner)
  Requirement:            0.000ns  (core_clk rise@0.000ns - core_clk rise@0.000ns)
  Data Path Delay:        0.173ns  (logic 0.118ns (68.255%)  route 0.055ns (31.745%))
  Logic Levels:           0  
  Clock Path Skew:        0.000ns (DCD - SCD - CPR)
    Destination Clock Delay (DCD):    1.280ns
    Source Clock Delay      (SCD):    1.017ns
    Clock Pessimism Removal (CPR):    0.263ns
  Clock Uncertainty:      0.050ns  ((TSJ^2 + TIJ^2)^1/2 + DJ) / 2 + PE + UU
    Total System Jitter     (TSJ):    0.000ns
    Total Input Jitter      (TIJ):    0.000ns
    Discrete Jitter          (DJ):    0.000ns
    Phase Error              (PE):    0.000ns
    User Uncertainty         (UU):    0.050ns

    Location             Delay type                Incr(ns)  Path(ns)    Netlist Resource(s)
  -------------------------------------------------------------------    -------------------
                         (clock core_clk rise edge)
                                                      0.000     0.000 r  
                                                      0.000     0.000 r  clk (IN)
                         net (fo=0)                   0.266     0.266    __ooc_clk_input
    BUFGCTRL_X0Y0                                                     r  __ooc_internal_bufg/I
    BUFGCTRL_X0Y0        BUFG (Prop_bufg_I_O)         0.026     0.292 r  __ooc_internal_bufg/O
                         net (fo=66508, routed)       0.725     1.017    u_structure/u_pool/clk
    SLICE_X144Y370       FDSE                                         r  u_structure/u_pool/acquiring_ids_reg[2][1]/C
  -------------------------------------------------------------------    -------------------
    SLICE_X144Y370       FDSE (Prop_fdse_C_Q)         0.118     1.135 r  u_structure/u_pool/acquiring_ids_reg[2][1]/Q
                         net (fo=1, routed)           0.055     1.190    u_structure/u_pool/acquiring_ids_reg_n_0_[2][1]
    SLICE_X144Y370       FDRE                                         r  u_structure/u_pool/converting_ids_reg[2][1]/D
  -------------------------------------------------------------------    -------------------

                         (clock core_clk rise edge)
                                                      0.000     0.000 r  
                                                      0.000     0.000 r  clk (IN)
                         net (fo=0)                   0.280     0.280    __ooc_clk_input
    BUFGCTRL_X0Y0                                                     r  __ooc_internal_bufg/I
    BUFGCTRL_X0Y0        BUFG (Prop_bufg_I_O)         0.030     0.310 r  __ooc_internal_bufg/O
                         net (fo=66508, routed)       0.970     1.280    u_structure/u_pool/clk
    SLICE_X144Y370       FDRE                                         r  u_structure/u_pool/converting_ids_reg[2][1]/C
                         clock pessimism             -0.263     1.017    
                         clock uncertainty            0.050     1.067    
    SLICE_X144Y370       FDRE (Hold_fdre_C_D)         0.042     1.109    u_structure/u_pool/converting_ids_reg[2][1]
  -------------------------------------------------------------------
                         required time                         -1.109    
                         arrival time                           1.190    
  -------------------------------------------------------------------
                         slack                                  0.081    

Slack (MET) :             0.081ns  (arrival time - required time)
  Source:                 u_structure/u_pool/acquiring_ids_reg[3][2]/C
                            (rising edge-triggered cell FDRE clocked by core_clk  {rise@0.000ns fall@12.500ns period=25.000ns})
  Destination:            u_structure/u_pool/converting_ids_reg[3][2]/D
                            (rising edge-triggered cell FDRE clocked by core_clk  {rise@0.000ns fall@12.500ns period=25.000ns})
  Path Group:             core_clk
  Path Type:              Hold (Min at Fast Process Corner)
  Requirement:            0.000ns  (core_clk rise@0.000ns - core_clk rise@0.000ns)
  Data Path Delay:        0.173ns  (logic 0.118ns (68.255%)  route 0.055ns (31.745%))
  Logic Levels:           0  
  Clock Path Skew:        0.000ns (DCD - SCD - CPR)
    Destination Clock Delay (DCD):    1.283ns
    Source Clock Delay      (SCD):    1.019ns
    Clock Pessimism Removal (CPR):    0.264ns
  Clock Uncertainty:      0.050ns  ((TSJ^2 + TIJ^2)^1/2 + DJ) / 2 + PE + UU
    Total System Jitter     (TSJ):    0.000ns
    Total Input Jitter      (TIJ):    0.000ns
    Discrete Jitter          (DJ):    0.000ns
    Phase Error              (PE):    0.000ns
    User Uncertainty         (UU):    0.050ns

    Location             Delay type                Incr(ns)  Path(ns)    Netlist Resource(s)
  -------------------------------------------------------------------    -------------------
                         (clock core_clk rise edge)
                                                      0.000     0.000 r  
                                                      0.000     0.000 r  clk (IN)
                         net (fo=0)                   0.266     0.266    __ooc_clk_input
    BUFGCTRL_X0Y0                                                     r  __ooc_internal_bufg/I
    BUFGCTRL_X0Y0        BUFG (Prop_bufg_I_O)         0.026     0.292 r  __ooc_internal_bufg/O
                         net (fo=66508, routed)       0.727     1.019    u_structure/u_pool/clk
    SLICE_X148Y371       FDRE                                         r  u_structure/u_pool/acquiring_ids_reg[3][2]/C
  -------------------------------------------------------------------    -------------------
    SLICE_X148Y371       FDRE (Prop_fdre_C_Q)         0.118     1.137 r  u_structure/u_pool/acquiring_ids_reg[3][2]/Q
                         net (fo=1, routed)           0.055     1.192    u_structure/u_pool/acquiring_ids_reg_n_0_[3][2]
    SLICE_X148Y371       FDRE                                         r  u_structure/u_pool/converting_ids_reg[3][2]/D
  -------------------------------------------------------------------    -------------------

                         (clock core_clk rise edge)
                                                      0.000     0.000 r  
                                                      0.000     0.000 r  clk (IN)
                         net (fo=0)                   0.280     0.280    __ooc_clk_input
    BUFGCTRL_X0Y0                                                     r  __ooc_internal_bufg/I
    BUFGCTRL_X0Y0        BUFG (Prop_bufg_I_O)         0.030     0.310 r  __ooc_internal_bufg/O
                         net (fo=66508, routed)       0.973     1.283    u_structure/u_pool/clk
    SLICE_X148Y371       FDRE                                         r  u_structure/u_pool/converting_ids_reg[3][2]/C
                         clock pessimism             -0.264     1.019    
                         clock uncertainty            0.050     1.069    
    SLICE_X148Y371       FDRE (Hold_fdre_C_D)         0.042     1.111    u_structure/u_pool/converting_ids_reg[3][2]
  -------------------------------------------------------------------
                         required time                         -1.111    
                         arrival time                           1.192    
  -------------------------------------------------------------------
                         slack                                  0.081    

Slack (MET) :             0.081ns  (arrival time - required time)
  Source:                 u_structure/current_injection_reg[33]/C
                            (rising edge-triggered cell FDRE clocked by core_clk  {rise@0.000ns fall@12.500ns period=25.000ns})
  Destination:            u_structure/u_context/residue_reg[33]/D
                            (rising edge-triggered cell FDRE clocked by core_clk  {rise@0.000ns fall@12.500ns period=25.000ns})
  Path Group:             core_clk
  Path Type:              Hold (Min at Fast Process Corner)
  Requirement:            0.000ns  (core_clk rise@0.000ns - core_clk rise@0.000ns)
  Data Path Delay:        0.200ns  (logic 0.100ns (49.934%)  route 0.100ns (50.066%))
  Logic Levels:           0  
  Clock Path Skew:        0.031ns (DCD - SCD - CPR)
    Destination Clock Delay (DCD):    1.088ns
    Source Clock Delay      (SCD):    0.871ns
    Clock Pessimism Removal (CPR):    0.186ns
  Clock Uncertainty:      0.050ns  ((TSJ^2 + TIJ^2)^1/2 + DJ) / 2 + PE + UU
    Total System Jitter     (TSJ):    0.000ns
    Total Input Jitter      (TIJ):    0.000ns
    Discrete Jitter          (DJ):    0.000ns
    Phase Error              (PE):    0.000ns
    User Uncertainty         (UU):    0.050ns

    Location             Delay type                Incr(ns)  Path(ns)    Netlist Resource(s)
  -------------------------------------------------------------------    -------------------
                         (clock core_clk rise edge)
                                                      0.000     0.000 r  
                                                      0.000     0.000 r  clk (IN)
                         net (fo=0)                   0.266     0.266    __ooc_clk_input
    BUFGCTRL_X0Y0                                                     r  __ooc_internal_bufg/I
    BUFGCTRL_X0Y0        BUFG (Prop_bufg_I_O)         0.026     0.292 r  __ooc_internal_bufg/O
                         net (fo=66508, routed)       0.579     0.871    u_structure/clk
    SLICE_X139Y216       FDRE                                         r  u_structure/current_injection_reg[33]/C
  -------------------------------------------------------------------    -------------------
    SLICE_X139Y216       FDRE (Prop_fdre_C_Q)         0.100     0.971 r  u_structure/current_injection_reg[33]/Q
                         net (fo=1, routed)           0.100     1.072    u_structure/u_context/D[33]
    SLICE_X137Y216       FDRE                                         r  u_structure/u_context/residue_reg[33]/D
  -------------------------------------------------------------------    -------------------

                         (clock core_clk rise edge)
                                                      0.000     0.000 r  
                                                      0.000     0.000 r  clk (IN)
                         net (fo=0)                   0.280     0.280    __ooc_clk_input
    BUFGCTRL_X0Y0                                                     r  __ooc_internal_bufg/I
    BUFGCTRL_X0Y0        BUFG (Prop_bufg_I_O)         0.030     0.310 r  __ooc_internal_bufg/O
                         net (fo=66508, routed)       0.778     1.088    u_structure/u_context/clk
    SLICE_X137Y216       FDRE                                         r  u_structure/u_context/residue_reg[33]/C
                         clock pessimism             -0.186     0.902    
                         clock uncertainty            0.050     0.952    
    SLICE_X137Y216       FDRE (Hold_fdre_C_D)         0.038     0.990    u_structure/u_context/residue_reg[33]
  -------------------------------------------------------------------
                         required time                         -0.990    
                         arrival time                           1.072    
  -------------------------------------------------------------------
                         slack                                  0.081    

Slack (MET) :             0.081ns  (arrival time - required time)
  Source:                 u_structure/u_context/fine_id_reg[23]/C
                            (rising edge-triggered cell FDRE clocked by core_clk  {rise@0.000ns fall@12.500ns period=25.000ns})
  Destination:            u_recon/sample_id_r_reg[23]/D
                            (rising edge-triggered cell FDRE clocked by core_clk  {rise@0.000ns fall@12.500ns period=25.000ns})
  Path Group:             core_clk
  Path Type:              Hold (Min at Fast Process Corner)
  Requirement:            0.000ns  (core_clk rise@0.000ns - core_clk rise@0.000ns)
  Data Path Delay:        0.204ns  (logic 0.100ns (48.936%)  route 0.104ns (51.064%))
  Logic Levels:           0  
  Clock Path Skew:        0.033ns (DCD - SCD - CPR)
    Destination Clock Delay (DCD):    1.291ns
    Source Clock Delay      (SCD):    1.027ns
    Clock Pessimism Removal (CPR):    0.231ns
  Clock Uncertainty:      0.050ns  ((TSJ^2 + TIJ^2)^1/2 + DJ) / 2 + PE + UU
    Total System Jitter     (TSJ):    0.000ns
    Total Input Jitter      (TIJ):    0.000ns
    Discrete Jitter          (DJ):    0.000ns
    Phase Error              (PE):    0.000ns
    User Uncertainty         (UU):    0.050ns

    Location             Delay type                Incr(ns)  Path(ns)    Netlist Resource(s)
  -------------------------------------------------------------------    -------------------
                         (clock core_clk rise edge)
                                                      0.000     0.000 r  
                                                      0.000     0.000 r  clk (IN)
                         net (fo=0)                   0.266     0.266    __ooc_clk_input
    BUFGCTRL_X0Y0                                                     r  __ooc_internal_bufg/I
    BUFGCTRL_X0Y0        BUFG (Prop_bufg_I_O)         0.026     0.292 r  __ooc_internal_bufg/O
                         net (fo=66508, routed)       0.735     1.027    u_structure/u_context/clk
    SLICE_X153Y386       FDRE                                         r  u_structure/u_context/fine_id_reg[23]/C
  -------------------------------------------------------------------    -------------------
    SLICE_X153Y386       FDRE (Prop_fdre_C_Q)         0.100     1.127 r  u_structure/u_context/fine_id_reg[23]/Q
                         net (fo=1, routed)           0.104     1.232    u_recon/sample_id_r_reg[31]_0[23]
    SLICE_X150Y386       FDRE                                         r  u_recon/sample_id_r_reg[23]/D
  -------------------------------------------------------------------    -------------------

                         (clock core_clk rise edge)
                                                      0.000     0.000 r  
                                                      0.000     0.000 r  clk (IN)
                         net (fo=0)                   0.280     0.280    __ooc_clk_input
    BUFGCTRL_X0Y0                                                     r  __ooc_internal_bufg/I
    BUFGCTRL_X0Y0        BUFG (Prop_bufg_I_O)         0.030     0.310 r  __ooc_internal_bufg/O
                         net (fo=66508, routed)       0.981     1.291    u_recon/clk
    SLICE_X150Y386       FDRE                                         r  u_recon/sample_id_r_reg[23]/C
                         clock pessimism             -0.231     1.060    
                         clock uncertainty            0.050     1.110    
    SLICE_X150Y386       FDRE (Hold_fdre_C_D)         0.040     1.150    u_recon/sample_id_r_reg[23]
  -------------------------------------------------------------------
                         required time                         -1.150    
                         arrival time                           1.232    
  -------------------------------------------------------------------
                         slack                                  0.081    

Slack (MET) :             0.081ns  (arrival time - required time)
  Source:                 u_structure/u_context/residue_reg[185]/C
                            (rising edge-triggered cell FDRE clocked by core_clk  {rise@0.000ns fall@12.500ns period=25.000ns})
  Destination:            u_structure/u_context/fine_main_reg[0][52]/D
                            (rising edge-triggered cell FDRE clocked by core_clk  {rise@0.000ns fall@12.500ns period=25.000ns})
  Path Group:             core_clk
  Path Type:              Hold (Min at Fast Process Corner)
  Requirement:            0.000ns  (core_clk rise@0.000ns - core_clk rise@0.000ns)
  Data Path Delay:        0.287ns  (logic 0.100ns (34.783%)  route 0.187ns (65.217%))
  Logic Levels:           0  
  Clock Path Skew:        0.118ns (DCD - SCD - CPR)
    Destination Clock Delay (DCD):    1.151ns
    Source Clock Delay      (SCD):    0.987ns
    Clock Pessimism Removal (CPR):    0.046ns
  Clock Uncertainty:      0.050ns  ((TSJ^2 + TIJ^2)^1/2 + DJ) / 2 + PE + UU
    Total System Jitter     (TSJ):    0.000ns
    Total Input Jitter      (TIJ):    0.000ns
    Discrete Jitter          (DJ):    0.000ns
    Phase Error              (PE):    0.000ns
    User Uncertainty         (UU):    0.050ns

    Location             Delay type                Incr(ns)  Path(ns)    Netlist Resource(s)
  -------------------------------------------------------------------    -------------------
                         (clock core_clk rise edge)
                                                      0.000     0.000 r  
                                                      0.000     0.000 r  clk (IN)
                         net (fo=0)                   0.266     0.266    __ooc_clk_input
    BUFGCTRL_X0Y0                                                     r  __ooc_internal_bufg/I
    BUFGCTRL_X0Y0        BUFG (Prop_bufg_I_O)         0.026     0.292 r  __ooc_internal_bufg/O
                         net (fo=66508, routed)       0.695     0.987    u_structure/u_context/clk
    SLICE_X99Y350        FDRE                                         r  u_structure/u_context/residue_reg[185]/C
  -------------------------------------------------------------------    -------------------
    SLICE_X99Y350        FDRE (Prop_fdre_C_Q)         0.100     1.087 r  u_structure/u_context/residue_reg[185]/Q
                         net (fo=1, routed)           0.187     1.275    u_structure/u_context/residue_reg_n_0_[185]
    SLICE_X99Y349        FDRE                                         r  u_structure/u_context/fine_main_reg[0][52]/D
  -------------------------------------------------------------------    -------------------

                         (clock core_clk rise edge)
                                                      0.000     0.000 r  
                                                      0.000     0.000 r  clk (IN)
                         net (fo=0)                   0.280     0.280    __ooc_clk_input
    BUFGCTRL_X0Y0                                                     r  __ooc_internal_bufg/I
    BUFGCTRL_X0Y0        BUFG (Prop_bufg_I_O)         0.030     0.310 r  __ooc_internal_bufg/O
                         net (fo=66508, routed)       0.841     1.151    u_structure/u_context/clk
    SLICE_X99Y349        FDRE                                         r  u_structure/u_context/fine_main_reg[0][52]/C
                         clock pessimism             -0.046     1.105    
                         clock uncertainty            0.050     1.155    
    SLICE_X99Y349        FDRE (Hold_fdre_C_D)         0.038     1.193    u_structure/u_context/fine_main_reg[0][52]
  -------------------------------------------------------------------
                         required time                         -1.193    
                         arrival time                           1.275    
  -------------------------------------------------------------------
                         slack                                  0.081    

Slack (MET) :             0.082ns  (arrival time - required time)
  Source:                 u_structure/u_context/residue_reg[128]/C
                            (rising edge-triggered cell FDRE clocked by core_clk  {rise@0.000ns fall@12.500ns period=25.000ns})
  Destination:            u_structure/u_context/fine_sub_reg[7][3]/D
                            (rising edge-triggered cell FDRE clocked by core_clk  {rise@0.000ns fall@12.500ns period=25.000ns})
  Path Group:             core_clk
  Path Type:              Hold (Min at Fast Process Corner)
  Requirement:            0.000ns  (core_clk rise@0.000ns - core_clk rise@0.000ns)
  Data Path Delay:        0.202ns  (logic 0.100ns (49.457%)  route 0.102ns (50.543%))
  Logic Levels:           0  
  Clock Path Skew:        0.032ns (DCD - SCD - CPR)
    Destination Clock Delay (DCD):    1.265ns
    Source Clock Delay      (SCD):    1.002ns
    Clock Pessimism Removal (CPR):    0.231ns
  Clock Uncertainty:      0.050ns  ((TSJ^2 + TIJ^2)^1/2 + DJ) / 2 + PE + UU
    Total System Jitter     (TSJ):    0.000ns
    Total Input Jitter      (TIJ):    0.000ns
    Discrete Jitter          (DJ):    0.000ns
    Phase Error              (PE):    0.000ns
    User Uncertainty         (UU):    0.050ns

    Location             Delay type                Incr(ns)  Path(ns)    Netlist Resource(s)
  -------------------------------------------------------------------    -------------------
                         (clock core_clk rise edge)
                                                      0.000     0.000 r  
                                                      0.000     0.000 r  clk (IN)
                         net (fo=0)                   0.266     0.266    __ooc_clk_input
    BUFGCTRL_X0Y0                                                     r  __ooc_internal_bufg/I
    BUFGCTRL_X0Y0        BUFG (Prop_bufg_I_O)         0.026     0.292 r  __ooc_internal_bufg/O
                         net (fo=66508, routed)       0.710     1.002    u_structure/u_context/clk
    SLICE_X81Y358        FDRE                                         r  u_structure/u_context/residue_reg[128]/C
  -------------------------------------------------------------------    -------------------
    SLICE_X81Y358        FDRE (Prop_fdre_C_Q)         0.100     1.102 r  u_structure/u_context/residue_reg[128]/Q
                         net (fo=1, routed)           0.102     1.204    u_structure/u_context/residue_reg_n_0_[128]
    SLICE_X82Y358        FDRE                                         r  u_structure/u_context/fine_sub_reg[7][3]/D
  -------------------------------------------------------------------    -------------------

                         (clock core_clk rise edge)
                                                      0.000     0.000 r  
                                                      0.000     0.000 r  clk (IN)
                         net (fo=0)                   0.280     0.280    __ooc_clk_input
    BUFGCTRL_X0Y0                                                     r  __ooc_internal_bufg/I
    BUFGCTRL_X0Y0        BUFG (Prop_bufg_I_O)         0.030     0.310 r  __ooc_internal_bufg/O
                         net (fo=66508, routed)       0.955     1.265    u_structure/u_context/clk
    SLICE_X82Y358        FDRE                                         r  u_structure/u_context/fine_sub_reg[7][3]/C
                         clock pessimism             -0.231     1.034    
                         clock uncertainty            0.050     1.084    
    SLICE_X82Y358        FDRE (Hold_fdre_C_D)         0.038     1.122    u_structure/u_context/fine_sub_reg[7][3]
  -------------------------------------------------------------------
                         required time                         -1.122    
                         arrival time                           1.204    
  -------------------------------------------------------------------
                         slack                                  0.082    




