Copyright 1986-2018 Xilinx, Inc. All Rights Reserved.
-----------------------------------------------------------------------------------------------------------------------------------------------------------------------------------------
| Tool Version : Vivado v.2018.3 (win64) Build 2405991 Thu Dec  6 23:38:27 MST 2018
| Date         : Wed Sep 30 21:13:01 2026
| Host         : REEDZHAO running 64-bit major release  (build 9200)
| Command      : report_timing_summary -delay_type min_max -report_unconstrained -file C:/Users/Administrator/adc_rtl_vivado/run.86ebbd7c9da34a33b49af64888b4797e/out/timing_summary.rpt
| Design       : sar20_digital_core
| Device       : 7vx690t-ffg1761
| Speed File   : -2  PRODUCTION 1.11 2014-09-11
-----------------------------------------------------------------------------------------------------------------------------------------------------------------------------------------

Timing Summary Report

------------------------------------------------------------------------------------------------
| Timer Settings
| --------------
------------------------------------------------------------------------------------------------

  Enable Multi Corner Analysis               :  Yes
  Enable Pessimism Removal                   :  Yes
  Pessimism Removal Resolution               :  Nearest Common Node
  Enable Input Delay Default Clock           :  No
  Enable Preset / Clear Arcs                 :  No
  Disable Flight Delays                      :  No
  Ignore I/O Paths                           :  No
  Timing Early Launch at Borrowing Latches   :  false

  Corner  Analyze    Analyze    
  Name    Max Paths  Min Paths  
  ------  ---------  ---------  
  Slow    Yes        Yes        
  Fast    Yes        Yes        



check_timing report

Table of Contents
-----------------
1. checking no_clock
2. checking constant_clock
3. checking pulse_width_clock
4. checking unconstrained_internal_endpoints
5. checking no_input_delay
6. checking no_output_delay
7. checking multiple_clock
8. checking generated_clocks
9. checking loops
10. checking partial_input_delay
11. checking partial_output_delay
12. checking latch_loops

1. checking no_clock
--------------------
 There are 0 register/latch pins with no clock.


2. checking constant_clock
--------------------------
 There are 0 register/latch pins with constant_clock.


3. checking pulse_width_clock
-----------------------------
 There are 0 register/latch pins which need pulse_width check


4. checking unconstrained_internal_endpoints
--------------------------------------------
 There are 0 pins that are not constrained for maximum delay.

 There are 0 pins that are not constrained for maximum delay due to constant clock.


5. checking no_input_delay
--------------------------
 There are 0 input ports with no input delay specified.

 There are 0 input ports with no input delay but user has a false path constraint.


6. checking no_output_delay
---------------------------
 There are 0 ports with no output delay specified.

 There are 0 ports with no output delay but user has a false path constraint

 There are 0 ports with no output delay but with a timing clock defined on it or propagating through it


7. checking multiple_clock
--------------------------
 There are 0 register/latch pins with multiple clocks.


8. checking generated_clocks
----------------------------
 There are 0 generated clocks that are not connected to a clock source.


9. checking loops
-----------------
 There are 0 combinational loops in the design.


10. checking partial_input_delay
--------------------------------
 There are 0 input ports with partial input delay specified.


11. checking partial_output_delay
---------------------------------
 There are 0 ports with partial output delay specified.


12. checking latch_loops
------------------------
 There are 0 combinational latch loops in the design through latch input



------------------------------------------------------------------------------------------------
| Design Timing Summary
| ---------------------
------------------------------------------------------------------------------------------------

    WNS(ns)      TNS(ns)  TNS Failing Endpoints  TNS Total Endpoints      WHS(ns)      THS(ns)  THS Failing Endpoints  THS Total Endpoints     WPWS(ns)     TPWS(ns)  TPWS Failing Endpoints  TPWS Total Endpoints  
    -------      -------  ---------------------  -------------------      -------      -------  ---------------------  -------------------     --------     --------  ----------------------  --------------------  
      0.946        0.000                      0               200285       -2.278  -110433.469                  65048               200285       12.100        0.000                       0                 66493  


Timing constraints are not met.


------------------------------------------------------------------------------------------------
| Clock Summary
| -------------
------------------------------------------------------------------------------------------------

Clock     Waveform(ns)       Period(ns)      Frequency(MHz)
-----     ------------       ----------      --------------
core_clk  {0.000 12.500}     25.000          40.000          


------------------------------------------------------------------------------------------------
| Intra Clock Table
| -----------------
------------------------------------------------------------------------------------------------

Clock             WNS(ns)      TNS(ns)  TNS Failing Endpoints  TNS Total Endpoints      WHS(ns)      THS(ns)  THS Failing Endpoints  THS Total Endpoints     WPWS(ns)     TPWS(ns)  TPWS Failing Endpoints  TPWS Total Endpoints  
-----             -------      -------  ---------------------  -------------------      -------      -------  ---------------------  -------------------     --------     --------  ----------------------  --------------------  
core_clk            0.946        0.000                      0               200285       -2.278  -110433.469                  65048               200285       12.100        0.000                       0                 66493  


------------------------------------------------------------------------------------------------
| Inter Clock Table
| -----------------
------------------------------------------------------------------------------------------------

From Clock    To Clock          WNS(ns)      TNS(ns)  TNS Failing Endpoints  TNS Total Endpoints      WHS(ns)      THS(ns)  THS Failing Endpoints  THS Total Endpoints  
----------    --------          -------      -------  ---------------------  -------------------      -------      -------  ---------------------  -------------------  


------------------------------------------------------------------------------------------------
| Other Path Groups Table
| -----------------------
------------------------------------------------------------------------------------------------

Path Group    From Clock    To Clock          WNS(ns)      TNS(ns)  TNS Failing Endpoints  TNS Total Endpoints      WHS(ns)      THS(ns)  THS Failing Endpoints  THS Total Endpoints  
----------    ----------    --------          -------      -------  ---------------------  -------------------      -------      -------  ---------------------  -------------------  


------------------------------------------------------------------------------------------------
| User Ignored Path Table
| -----------------------
------------------------------------------------------------------------------------------------

Path Group    From Clock    To Clock    
----------    ----------    --------    


------------------------------------------------------------------------------------------------
| Unconstrained Path Table
| ------------------------
------------------------------------------------------------------------------------------------

Path Group    From Clock    To Clock    
----------    ----------    --------    


------------------------------------------------------------------------------------------------
| Timing Details
| --------------
------------------------------------------------------------------------------------------------


---------------------------------------------------------------------------------------------------
From Clock:  core_clk
  To Clock:  core_clk

Setup :            0  Failing Endpoints,  Worst Slack        0.946ns,  Total Violation        0.000ns
Hold  :        65048  Failing Endpoints,  Worst Slack       -2.278ns,  Total Violation  -110433.466ns
PW    :            0  Failing Endpoints,  Worst Slack       12.100ns,  Total Violation        0.000ns
---------------------------------------------------------------------------------------------------


Max Delay Paths
--------------------------------------------------------------------------------------
Slack (MET) :             0.946ns  (required time - arrival time)
  Source:                 u_structure/u_context/fine_slices_reg[1][3]/C
                            (rising edge-triggered cell FDRE clocked by core_clk  {rise@0.000ns fall@12.500ns period=25.000ns})
  Destination:            u_recon/rails_s_reg[65]/D
                            (rising edge-triggered cell FDRE clocked by core_clk  {rise@0.000ns fall@12.500ns period=25.000ns})
  Path Group:             core_clk
  Path Type:              Setup (Max at Slow Process Corner)
  Requirement:            25.000ns  (core_clk rise@25.000ns - core_clk rise@0.000ns)
  Data Path Delay:        23.914ns  (logic 5.291ns (22.125%)  route 18.623ns (77.875%))
  Logic Levels:           40  (CARRY4=21 LUT3=7 LUT4=7 LUT5=3 LUT6=2)
  Clock Path Skew:        -0.103ns (DCD - SCD + CPR)
    Destination Clock Delay (DCD):    1.718ns = ( 26.718 - 25.000 ) 
    Source Clock Delay      (SCD):    1.858ns
    Clock Pessimism Removal (CPR):    0.037ns
  Clock Uncertainty:      0.085ns  ((TSJ^2 + TIJ^2)^1/2 + DJ) / 2 + PE + UU
    Total System Jitter     (TSJ):    0.071ns
    Total Input Jitter      (TIJ):    0.000ns
    Discrete Jitter          (DJ):    0.000ns
    Phase Error              (PE):    0.000ns
    User Uncertainty         (UU):    0.050ns

    Location             Delay type                Incr(ns)  Path(ns)    Netlist Resource(s)
  -------------------------------------------------------------------    -------------------
                         (clock core_clk rise edge)
                                                      0.000     0.000 r  
                                                      0.000     0.000 r  clk (IN)
                         net (fo=0)                   0.537     0.537    __ooc_clk_input
    BUFGCTRL_X0Y0        BUFG (Prop_bufg_I_O)         0.093     0.630 r  __ooc_internal_bufg/O
                         net (fo=66508, routed)       1.228     1.858    u_structure/u_context/clk
    SLICE_X101Y287       FDRE                                         r  u_structure/u_context/fine_slices_reg[1][3]/C
  -------------------------------------------------------------------    -------------------
    SLICE_X101Y287       FDRE (Prop_fdre_C_Q)         0.223     2.081 r  u_structure/u_context/fine_slices_reg[1][3]/Q
                         net (fo=81, routed)          0.628     2.709    u_structure/u_context/structural_ids[1][3]
    SLICE_X106Y286       LUT5 (Prop_lut5_I2_O)        0.043     2.752 r  u_structure/u_context/op3_w_i_363/O
                         net (fo=72, routed)          2.434     5.186    u_structure/u_context/op3_w_i_363_n_0
    SLICE_X161Y354       LUT4 (Prop_lut4_I3_O)        0.043     5.229 r  u_structure/u_context/rails_s[63]_i_36495/O
                         net (fo=1, routed)           0.355     5.584    u_structure/u_context/rails_s[63]_i_36495_n_0
    SLICE_X161Y354       LUT5 (Prop_lut5_I4_O)        0.043     5.627 r  u_structure/u_context/rails_s[63]_i_29203/O
                         net (fo=1, routed)           0.385     6.012    u_structure/u_context/rails_s[63]_i_29203_n_0
    SLICE_X164Y354       LUT6 (Prop_lut6_I5_O)        0.043     6.055 r  u_structure/u_context/rails_s[63]_i_23433/O
                         net (fo=47, routed)          4.375    10.430    u_structure/u_context/u_recon/u_weight_reduce/physical_on34_out[50]
    SLICE_X167Y104       LUT3 (Prop_lut3_I0_O)        0.054    10.484 r  u_structure/u_context/rails_s[31]_i_6052/O
                         net (fo=2, routed)           0.460    10.944    u_recon/u_weight_reduce/on_tree[3092]_933[4]
    SLICE_X166Y106       LUT3 (Prop_lut3_I1_O)        0.141    11.085 r  u_recon/u_weight_reduce/rails_s[31]_i_3039/O
                         net (fo=2, routed)           0.470    11.555    u_recon/u_weight_reduce/rails_s[31]_i_3039_n_0
    SLICE_X166Y106       LUT4 (Prop_lut4_I3_O)        0.134    11.689 r  u_recon/u_weight_reduce/rails_s[31]_i_3043/O
                         net (fo=1, routed)           0.000    11.689    u_recon/u_weight_reduce/rails_s[31]_i_3043_n_0
    SLICE_X166Y106       CARRY4 (Prop_carry4_S[1]_CO[3])
                                                      0.256    11.945 r  u_recon/u_weight_reduce/rails_s_reg[31]_i_1817/CO[3]
                         net (fo=1, routed)           0.000    11.945    u_recon/u_weight_reduce/rails_s_reg[31]_i_1817_n_0
    SLICE_X166Y107       CARRY4 (Prop_carry4_CI_O[0])
                                                      0.108    12.053 r  u_recon/u_weight_reduce/rails_s_reg[35]_i_1817/O[0]
                         net (fo=2, routed)           0.490    12.543    u_recon/u_weight_reduce/rails_s_reg[35]_i_1817_n_7
    SLICE_X161Y107       LUT3 (Prop_lut3_I2_O)        0.132    12.675 r  u_recon/u_weight_reduce/rails_s[31]_i_1163/O
                         net (fo=2, routed)           0.608    13.283    u_recon/u_weight_reduce/rails_s[31]_i_1163_n_0
    SLICE_X161Y107       LUT4 (Prop_lut4_I3_O)        0.136    13.419 r  u_recon/u_weight_reduce/rails_s[31]_i_1167/O
                         net (fo=1, routed)           0.000    13.419    u_recon/u_weight_reduce/rails_s[31]_i_1167_n_0
    SLICE_X161Y107       CARRY4 (Prop_carry4_S[1]_CO[3])
                                                      0.267    13.686 r  u_recon/u_weight_reduce/rails_s_reg[31]_i_735/CO[3]
                         net (fo=1, routed)           0.000    13.686    u_recon/u_weight_reduce/rails_s_reg[31]_i_735_n_0
    SLICE_X161Y108       CARRY4 (Prop_carry4_CI_CO[3])
                                                      0.053    13.739 r  u_recon/u_weight_reduce/rails_s_reg[35]_i_735/CO[3]
                         net (fo=1, routed)           0.000    13.739    u_recon/u_weight_reduce/rails_s_reg[35]_i_735_n_0
    SLICE_X161Y109       CARRY4 (Prop_carry4_CI_CO[3])
                                                      0.053    13.792 r  u_recon/u_weight_reduce/rails_s_reg[39]_i_735/CO[3]
                         net (fo=1, routed)           0.000    13.792    u_recon/u_weight_reduce/rails_s_reg[39]_i_735_n_0
    SLICE_X161Y110       CARRY4 (Prop_carry4_CI_CO[3])
                                                      0.053    13.845 r  u_recon/u_weight_reduce/rails_s_reg[43]_i_737/CO[3]
                         net (fo=1, routed)           0.000    13.845    u_recon/u_weight_reduce/rails_s_reg[43]_i_737_n_0
    SLICE_X161Y111       CARRY4 (Prop_carry4_CI_CO[3])
                                                      0.053    13.898 r  u_recon/u_weight_reduce/rails_s_reg[47]_i_735/CO[3]
                         net (fo=1, routed)           0.000    13.898    u_recon/u_weight_reduce/rails_s_reg[47]_i_735_n_0
    SLICE_X161Y112       CARRY4 (Prop_carry4_CI_O[3])
                                                      0.149    14.047 r  u_recon/u_weight_reduce/rails_s_reg[51]_i_735/O[3]
                         net (fo=2, routed)           1.778    15.825    u_recon/u_weight_reduce/rails_s_reg[51]_i_735_n_4
    SLICE_X114Y142       LUT3 (Prop_lut3_I0_O)        0.124    15.949 r  u_recon/u_weight_reduce/rails_s[51]_i_472/O
                         net (fo=2, routed)           0.565    16.515    u_recon/u_weight_reduce/rails_s[51]_i_472_n_0
    SLICE_X114Y143       CARRY4 (Prop_carry4_DI[0]_CO[3])
                                                      0.374    16.889 r  u_recon/u_weight_reduce/rails_s_reg[51]_i_305/CO[3]
                         net (fo=1, routed)           0.000    16.889    u_recon/u_weight_reduce/rails_s_reg[51]_i_305_n_0
    SLICE_X114Y144       CARRY4 (Prop_carry4_CI_CO[3])
                                                      0.054    16.943 r  u_recon/u_weight_reduce/rails_s_reg[55]_i_305/CO[3]
                         net (fo=1, routed)           0.000    16.943    u_recon/u_weight_reduce/rails_s_reg[55]_i_305_n_0
    SLICE_X114Y145       CARRY4 (Prop_carry4_CI_CO[3])
                                                      0.054    16.997 r  u_recon/u_weight_reduce/rails_s_reg[59]_i_336/CO[3]
                         net (fo=1, routed)           0.000    16.997    u_recon/u_weight_reduce/rails_s_reg[59]_i_336_n_0
    SLICE_X114Y146       CARRY4 (Prop_carry4_CI_O[0])
                                                      0.108    17.105 r  u_recon/u_weight_reduce/rails_s_reg[63]_i_341/O[0]
                         net (fo=2, routed)           0.777    17.882    u_recon/u_weight_reduce/rails_s_reg[63]_i_341_n_7
    SLICE_X109Y160       LUT3 (Prop_lut3_I2_O)        0.132    18.014 r  u_recon/u_weight_reduce/rails_s[59]_i_184/O
                         net (fo=2, routed)           0.468    18.482    u_recon/u_weight_reduce/rails_s[59]_i_184_n_0
    SLICE_X109Y160       LUT4 (Prop_lut4_I3_O)        0.136    18.618 r  u_recon/u_weight_reduce/rails_s[59]_i_188/O
                         net (fo=1, routed)           0.000    18.618    u_recon/u_weight_reduce/rails_s[59]_i_188_n_0
    SLICE_X109Y160       CARRY4 (Prop_carry4_S[1]_CO[3])
                                                      0.267    18.885 r  u_recon/u_weight_reduce/rails_s_reg[59]_i_108/CO[3]
                         net (fo=1, routed)           0.000    18.885    u_recon/u_weight_reduce/rails_s_reg[59]_i_108_n_0
    SLICE_X109Y161       CARRY4 (Prop_carry4_CI_O[0])
                                                      0.111    18.996 r  u_recon/u_weight_reduce/rails_s_reg[63]_i_84/O[0]
                         net (fo=2, routed)           1.542    20.538    u_recon/u_weight_reduce/rails_s_reg[63]_i_84_n_7
    SLICE_X82Y191        LUT3 (Prop_lut3_I1_O)        0.132    20.670 r  u_recon/u_weight_reduce/rails_s[59]_i_58/O
                         net (fo=2, routed)           0.278    20.948    u_recon/u_weight_reduce/rails_s[59]_i_58_n_0
    SLICE_X82Y191        LUT4 (Prop_lut4_I3_O)        0.136    21.084 r  u_recon/u_weight_reduce/rails_s[59]_i_62/O
                         net (fo=1, routed)           0.000    21.084    u_recon/u_weight_reduce/rails_s[59]_i_62_n_0
    SLICE_X82Y191        CARRY4 (Prop_carry4_S[1]_CO[3])
                                                      0.267    21.351 r  u_recon/u_weight_reduce/rails_s_reg[59]_i_32/CO[3]
                         net (fo=1, routed)           0.000    21.351    u_recon/u_weight_reduce/rails_s_reg[59]_i_32_n_0
    SLICE_X82Y192        CARRY4 (Prop_carry4_CI_O[1])
                                                      0.166    21.517 r  u_recon/u_weight_reduce/rails_s_reg[63]_i_19/O[1]
                         net (fo=3, routed)           1.511    23.028    u_recon/u_weight_reduce/rails_s_reg[63]_i_19_n_6
    SLICE_X76Y240        LUT3 (Prop_lut3_I2_O)        0.123    23.151 r  u_recon/u_weight_reduce/rails_s[59]_i_29/O
                         net (fo=2, routed)           0.333    23.484    u_recon/u_weight_reduce/rails_s[59]_i_29_n_0
    SLICE_X75Y238        LUT5 (Prop_lut5_I1_O)        0.043    23.527 r  u_recon/u_weight_reduce/rails_s[59]_i_13/O
                         net (fo=2, routed)           0.493    24.020    u_recon/u_weight_reduce/rails_s[59]_i_13_n_0
    SLICE_X76Y238        LUT6 (Prop_lut6_I0_O)        0.043    24.063 r  u_recon/u_weight_reduce/rails_s[59]_i_17/O
                         net (fo=1, routed)           0.000    24.063    u_recon/u_weight_reduce/rails_s[59]_i_17_n_0
    SLICE_X76Y238        CARRY4 (Prop_carry4_S[2]_CO[3])
                                                      0.195    24.258 r  u_recon/u_weight_reduce/rails_s_reg[59]_i_10/CO[3]
                         net (fo=1, routed)           0.000    24.258    u_recon/u_weight_reduce/rails_s_reg[59]_i_10_n_0
    SLICE_X76Y239        CARRY4 (Prop_carry4_CI_O[1])
                                                      0.166    24.424 f  u_recon/u_weight_reduce/rails_s_reg[63]_i_10/O[1]
                         net (fo=2, routed)           0.348    24.772    u_recon/u_weight_reduce/sum_Won[57]
    SLICE_X77Y238        LUT4 (Prop_lut4_I2_O)        0.132    24.904 r  u_recon/u_weight_reduce/rails_s[59]_i_2/O
                         net (fo=2, routed)           0.324    25.228    u_recon/u_weight_reduce/rails_s[59]_i_2_n_0
    SLICE_X77Y238        LUT4 (Prop_lut4_I0_O)        0.132    25.360 r  u_recon/u_weight_reduce/rails_s[59]_i_6/O
                         net (fo=1, routed)           0.000    25.360    u_recon/u_weight_reduce/rails_s[59]_i_6_n_0
    SLICE_X77Y238        CARRY4 (Prop_carry4_S[3]_CO[3])
                                                      0.193    25.553 r  u_recon/u_weight_reduce/rails_s_reg[59]_i_1/CO[3]
                         net (fo=1, routed)           0.000    25.553    u_recon/u_weight_reduce/rails_s_reg[59]_i_1_n_0
    SLICE_X77Y239        CARRY4 (Prop_carry4_CI_CO[3])
                                                      0.053    25.606 r  u_recon/u_weight_reduce/rails_s_reg[63]_i_1/CO[3]
                         net (fo=1, routed)           0.000    25.606    u_recon/u_weight_reduce/rails_s_reg[63]_i_1_n_0
    SLICE_X77Y240        CARRY4 (Prop_carry4_CI_O[1])
                                                      0.166    25.772 r  u_recon/u_weight_reduce/rails_s_reg[64]_i_3/O[1]
                         net (fo=1, routed)           0.000    25.772    u_recon/rails__0[65]
    SLICE_X77Y240        FDRE                                         r  u_recon/rails_s_reg[65]/D
  -------------------------------------------------------------------    -------------------

                         (clock core_clk rise edge)
                                                     25.000    25.000 r  
                                                      0.000    25.000 r  clk (IN)
                         net (fo=0)                   0.510    25.510    __ooc_clk_input
    BUFGCTRL_X0Y0        BUFG (Prop_bufg_I_O)         0.083    25.593 r  __ooc_internal_bufg/O
                         net (fo=66508, routed)       1.125    26.718    u_recon/clk
    SLICE_X77Y240        FDRE                                         r  u_recon/rails_s_reg[65]/C
                         clock pessimism              0.037    26.755    
                         clock uncertainty           -0.085    26.670    
    SLICE_X77Y240        FDRE (Setup_fdre_C_D)        0.049    26.719    u_recon/rails_s_reg[65]
  -------------------------------------------------------------------
                         required time                         26.719    
                         arrival time                         -25.772    
  -------------------------------------------------------------------
                         slack                                  0.946    





Min Delay Paths
--------------------------------------------------------------------------------------
Slack (VIOLATED) :        -2.278ns  (arrival time - required time)
  Source:                 cfg_wdata[3]
                            (input port clocked by core_clk  {rise@0.000ns fall@12.500ns period=25.000ns})
  Destination:            u_wstore/w_q_reg[13][36][3]/D
                            (rising edge-triggered cell FDRE clocked by core_clk  {rise@0.000ns fall@12.500ns period=25.000ns})
  Path Group:             core_clk
  Path Type:              Hold (Min at Slow Process Corner)
  Requirement:            0.000ns  (core_clk rise@0.000ns - core_clk rise@0.000ns)
  Data Path Delay:        0.510ns  (logic 0.000ns (0.000%)  route 0.510ns (100.000%))
  Logic Levels:           0  
  Input Delay:            0.000ns
  Clock Path Skew:        2.476ns (DCD - SCD - CPR)
    Destination Clock Delay (DCD):    2.476ns
    Source Clock Delay      (SCD):    0.000ns
    Clock Pessimism Removal (CPR):    -0.000ns
  Clock Uncertainty:      0.085ns  ((TSJ^2 + TIJ^2)^1/2 + DJ) / 2 + PE + UU
    Total System Jitter     (TSJ):    0.071ns
    Total Input Jitter      (TIJ):    0.000ns
    Discrete Jitter          (DJ):    0.000ns
    Phase Error              (PE):    0.000ns
    User Uncertainty         (UU):    0.050ns

    Location             Delay type                Incr(ns)  Path(ns)    Netlist Resource(s)
  -------------------------------------------------------------------    -------------------
                         (clock core_clk rise edge)
                                                      0.000     0.000 r  
                         input delay                  0.000     0.000    
                                                      0.000     0.000 r  cfg_wdata[3] (IN)
                         net (fo=1320, unset)         0.510     0.510    u_wstore/cfg_wdata[3]
    SLICE_X58Y98         FDRE                                         r  u_wstore/w_q_reg[13][36][3]/D
  -------------------------------------------------------------------    -------------------

                         (clock core_clk rise edge)
                                                      0.000     0.000 r  
                                                      0.000     0.000 r  clk (IN)
                         net (fo=0)                   0.537     0.537    __ooc_clk_input
    BUFGCTRL_X0Y0        BUFG (Prop_bufg_I_O)         0.093     0.630 r  __ooc_internal_bufg/O
                         net (fo=66508, routed)       1.846     2.476    u_wstore/clk
    SLICE_X58Y98         FDRE                                         r  u_wstore/w_q_reg[13][36][3]/C
                         clock pessimism              0.000     2.476    
                         clock uncertainty            0.085     2.561    
    SLICE_X58Y98         FDRE (Hold_fdre_C_D)         0.227     2.788    u_wstore/w_q_reg[13][36][3]
  -------------------------------------------------------------------
                         required time                         -2.788    
                         arrival time                           0.510    
  -------------------------------------------------------------------
                         slack                                 -2.278    





Pulse Width Checks
--------------------------------------------------------------------------------------
Clock Name:         core_clk
Waveform(ns):       { 0.000 12.500 }
Period(ns):         25.000
Sources:            { clk }

Check Type        Corner  Lib Pin  Reference Pin  Required(ns)  Actual(ns)  Slack(ns)  Location        Pin
Min Period        n/a     BUFG/I   n/a            1.409         25.000      23.592     BUFGCTRL_X0Y0   __ooc_internal_bufg/I
Low Pulse Width   Slow    FDRE/C   n/a            0.400         12.500      12.100     SLICE_X110Y314  u_wstore/w_q_reg[5][59][7]/C
High Pulse Width  Fast    FDRE/C   n/a            0.350         12.500      12.150     SLICE_X141Y221  bus_err_reg[0]/C



