Copyright 1986-2018 Xilinx, Inc. All Rights Reserved.
------------------------------------------------------------------------------------------------------------------------------------------------------------------------------------------------------------------
| Tool Version : Vivado v.2018.3 (win64) Build 2405991 Thu Dec  6 23:38:27 MST 2018
| Date         : Wed Sep 30 21:13:11 2026
| Host         : REEDZHAO running 64-bit major release  (build 9200)
| Command      : report_timing -delay_type min -max_paths 20 -path_type full_clock_expanded -input_pins -file C:/Users/Administrator/adc_rtl_vivado/run.86ebbd7c9da34a33b49af64888b4797e/out/timing_min_paths.rpt
| Design       : sar20_digital_core
| Device       : 7vx690t-ffg1761
| Speed File   : -2  PRODUCTION 1.11 2014-09-11
------------------------------------------------------------------------------------------------------------------------------------------------------------------------------------------------------------------

Timing Report

Slack (VIOLATED) :        -2.278ns  (arrival time - required time)
  Source:                 cfg_wdata[3]
                            (input port clocked by core_clk  {rise@0.000ns fall@12.500ns period=25.000ns})
  Destination:            u_wstore/w_q_reg[13][36][3]/D
                            (rising edge-triggered cell FDRE clocked by core_clk  {rise@0.000ns fall@12.500ns period=25.000ns})
  Path Group:             core_clk
  Path Type:              Hold (Min at Slow Process Corner)
  Requirement:            0.000ns  (core_clk rise@0.000ns - core_clk rise@0.000ns)
  Data Path Delay:        0.510ns  (logic 0.000ns (0.000%)  route 0.510ns (100.000%))
  Logic Levels:           0  
  Input Delay:            0.000ns
  Clock Path Skew:        2.476ns (DCD - SCD - CPR)
    Destination Clock Delay (DCD):    2.476ns
    Source Clock Delay      (SCD):    0.000ns
    Clock Pessimism Removal (CPR):    -0.000ns
  Clock Uncertainty:      0.085ns  ((TSJ^2 + TIJ^2)^1/2 + DJ) / 2 + PE + UU
    Total System Jitter     (TSJ):    0.071ns
    Total Input Jitter      (TIJ):    0.000ns
    Discrete Jitter          (DJ):    0.000ns
    Phase Error              (PE):    0.000ns
    User Uncertainty         (UU):    0.050ns

    Location             Delay type                Incr(ns)  Path(ns)    Netlist Resource(s)
  -------------------------------------------------------------------    -------------------
                         (clock core_clk rise edge)
                                                      0.000     0.000 r  
                         input delay                  0.000     0.000    
                                                      0.000     0.000 r  cfg_wdata[3] (IN)
                         net (fo=1320, unset)         0.510     0.510    u_wstore/cfg_wdata[3]
    SLICE_X58Y98         FDRE                                         r  u_wstore/w_q_reg[13][36][3]/D
  -------------------------------------------------------------------    -------------------

                         (clock core_clk rise edge)
                                                      0.000     0.000 r  
                                                      0.000     0.000 r  clk (IN)
                         net (fo=0)                   0.537     0.537    __ooc_clk_input
    BUFGCTRL_X0Y0                                                     r  __ooc_internal_bufg/I
    BUFGCTRL_X0Y0        BUFG (Prop_bufg_I_O)         0.093     0.630 r  __ooc_internal_bufg/O
                         net (fo=66508, routed)       1.846     2.476    u_wstore/clk
    SLICE_X58Y98         FDRE                                         r  u_wstore/w_q_reg[13][36][3]/C
                         clock pessimism              0.000     2.476    
                         clock uncertainty            0.085     2.561    
    SLICE_X58Y98         FDRE (Hold_fdre_C_D)         0.227     2.788    u_wstore/w_q_reg[13][36][3]
  -------------------------------------------------------------------
                         required time                         -2.788    
                         arrival time                           0.510    
  -------------------------------------------------------------------
                         slack                                 -2.278    

Slack (VIOLATED) :        -2.278ns  (arrival time - required time)
  Source:                 cfg_wdata[4]
                            (input port clocked by core_clk  {rise@0.000ns fall@12.500ns period=25.000ns})
  Destination:            u_wstore/w_q_reg[13][36][4]/D
                            (rising edge-triggered cell FDRE clocked by core_clk  {rise@0.000ns fall@12.500ns period=25.000ns})
  Path Group:             core_clk
  Path Type:              Hold (Min at Slow Process Corner)
  Requirement:            0.000ns  (core_clk rise@0.000ns - core_clk rise@0.000ns)
  Data Path Delay:        0.510ns  (logic 0.000ns (0.000%)  route 0.510ns (100.000%))
  Logic Levels:           0  
  Input Delay:            0.000ns
  Clock Path Skew:        2.476ns (DCD - SCD - CPR)
    Destination Clock Delay (DCD):    2.476ns
    Source Clock Delay      (SCD):    0.000ns
    Clock Pessimism Removal (CPR):    -0.000ns
  Clock Uncertainty:      0.085ns  ((TSJ^2 + TIJ^2)^1/2 + DJ) / 2 + PE + UU
    Total System Jitter     (TSJ):    0.071ns
    Total Input Jitter      (TIJ):    0.000ns
    Discrete Jitter          (DJ):    0.000ns
    Phase Error              (PE):    0.000ns
    User Uncertainty         (UU):    0.050ns

    Location             Delay type                Incr(ns)  Path(ns)    Netlist Resource(s)
  -------------------------------------------------------------------    -------------------
                         (clock core_clk rise edge)
                                                      0.000     0.000 r  
                         input delay                  0.000     0.000    
                                                      0.000     0.000 r  cfg_wdata[4] (IN)
                         net (fo=1320, unset)         0.510     0.510    u_wstore/cfg_wdata[4]
    SLICE_X58Y98         FDRE                                         r  u_wstore/w_q_reg[13][36][4]/D
  -------------------------------------------------------------------    -------------------

                         (clock core_clk rise edge)
                                                      0.000     0.000 r  
                                                      0.000     0.000 r  clk (IN)
                         net (fo=0)                   0.537     0.537    __ooc_clk_input
    BUFGCTRL_X0Y0                                                     r  __ooc_internal_bufg/I
    BUFGCTRL_X0Y0        BUFG (Prop_bufg_I_O)         0.093     0.630 r  __ooc_internal_bufg/O
                         net (fo=66508, routed)       1.846     2.476    u_wstore/clk
    SLICE_X58Y98         FDRE                                         r  u_wstore/w_q_reg[13][36][4]/C
                         clock pessimism              0.000     2.476    
                         clock uncertainty            0.085     2.561    
    SLICE_X58Y98         FDRE (Hold_fdre_C_D)         0.227     2.788    u_wstore/w_q_reg[13][36][4]
  -------------------------------------------------------------------
                         required time                         -2.788    
                         arrival time                           0.510    
  -------------------------------------------------------------------
                         slack                                 -2.278    

Slack (VIOLATED) :        -2.254ns  (arrival time - required time)
  Source:                 cfg_wdata[10]
                            (input port clocked by core_clk  {rise@0.000ns fall@12.500ns period=25.000ns})
  Destination:            u_wstore/w_q_reg[14][38][10]/D
                            (rising edge-triggered cell FDRE clocked by core_clk  {rise@0.000ns fall@12.500ns period=25.000ns})
  Path Group:             core_clk
  Path Type:              Hold (Min at Slow Process Corner)
  Requirement:            0.000ns  (core_clk rise@0.000ns - core_clk rise@0.000ns)
  Data Path Delay:        0.510ns  (logic 0.000ns (0.000%)  route 0.510ns (100.000%))
  Logic Levels:           0  
  Input Delay:            0.000ns
  Clock Path Skew:        2.452ns (DCD - SCD - CPR)
    Destination Clock Delay (DCD):    2.452ns
    Source Clock Delay      (SCD):    0.000ns
    Clock Pessimism Removal (CPR):    -0.000ns
  Clock Uncertainty:      0.085ns  ((TSJ^2 + TIJ^2)^1/2 + DJ) / 2 + PE + UU
    Total System Jitter     (TSJ):    0.071ns
    Total Input Jitter      (TIJ):    0.000ns
    Discrete Jitter          (DJ):    0.000ns
    Phase Error              (PE):    0.000ns
    User Uncertainty         (UU):    0.050ns

    Location             Delay type                Incr(ns)  Path(ns)    Netlist Resource(s)
  -------------------------------------------------------------------    -------------------
                         (clock core_clk rise edge)
                                                      0.000     0.000 r  
                         input delay                  0.000     0.000    
                                                      0.000     0.000 r  cfg_wdata[10] (IN)
                         net (fo=1319, unset)         0.510     0.510    u_wstore/cfg_wdata[10]
    SLICE_X150Y93        FDRE                                         r  u_wstore/w_q_reg[14][38][10]/D
  -------------------------------------------------------------------    -------------------

                         (clock core_clk rise edge)
                                                      0.000     0.000 r  
                                                      0.000     0.000 r  clk (IN)
                         net (fo=0)                   0.537     0.537    __ooc_clk_input
    BUFGCTRL_X0Y0                                                     r  __ooc_internal_bufg/I
    BUFGCTRL_X0Y0        BUFG (Prop_bufg_I_O)         0.093     0.630 r  __ooc_internal_bufg/O
                         net (fo=66508, routed)       1.822     2.452    u_wstore/clk
    SLICE_X150Y93        FDRE                                         r  u_wstore/w_q_reg[14][38][10]/C
                         clock pessimism              0.000     2.452    
                         clock uncertainty            0.085     2.537    
    SLICE_X150Y93        FDRE (Hold_fdre_C_D)         0.227     2.764    u_wstore/w_q_reg[14][38][10]
  -------------------------------------------------------------------
                         required time                         -2.764    
                         arrival time                           0.510    
  -------------------------------------------------------------------
                         slack                                 -2.254    

Slack (VIOLATED) :        -2.254ns  (arrival time - required time)
  Source:                 cfg_wdata[12]
                            (input port clocked by core_clk  {rise@0.000ns fall@12.500ns period=25.000ns})
  Destination:            u_wstore/w_q_reg[14][38][12]/D
                            (rising edge-triggered cell FDRE clocked by core_clk  {rise@0.000ns fall@12.500ns period=25.000ns})
  Path Group:             core_clk
  Path Type:              Hold (Min at Slow Process Corner)
  Requirement:            0.000ns  (core_clk rise@0.000ns - core_clk rise@0.000ns)
  Data Path Delay:        0.510ns  (logic 0.000ns (0.000%)  route 0.510ns (100.000%))
  Logic Levels:           0  
  Input Delay:            0.000ns
  Clock Path Skew:        2.452ns (DCD - SCD - CPR)
    Destination Clock Delay (DCD):    2.452ns
    Source Clock Delay      (SCD):    0.000ns
    Clock Pessimism Removal (CPR):    -0.000ns
  Clock Uncertainty:      0.085ns  ((TSJ^2 + TIJ^2)^1/2 + DJ) / 2 + PE + UU
    Total System Jitter     (TSJ):    0.071ns
    Total Input Jitter      (TIJ):    0.000ns
    Discrete Jitter          (DJ):    0.000ns
    Phase Error              (PE):    0.000ns
    User Uncertainty         (UU):    0.050ns

    Location             Delay type                Incr(ns)  Path(ns)    Netlist Resource(s)
  -------------------------------------------------------------------    -------------------
                         (clock core_clk rise edge)
                                                      0.000     0.000 r  
                         input delay                  0.000     0.000    
                                                      0.000     0.000 r  cfg_wdata[12] (IN)
                         net (fo=1320, unset)         0.510     0.510    u_wstore/cfg_wdata[12]
    SLICE_X150Y93        FDRE                                         r  u_wstore/w_q_reg[14][38][12]/D
  -------------------------------------------------------------------    -------------------

                         (clock core_clk rise edge)
                                                      0.000     0.000 r  
                                                      0.000     0.000 r  clk (IN)
                         net (fo=0)                   0.537     0.537    __ooc_clk_input
    BUFGCTRL_X0Y0                                                     r  __ooc_internal_bufg/I
    BUFGCTRL_X0Y0        BUFG (Prop_bufg_I_O)         0.093     0.630 r  __ooc_internal_bufg/O
                         net (fo=66508, routed)       1.822     2.452    u_wstore/clk
    SLICE_X150Y93        FDRE                                         r  u_wstore/w_q_reg[14][38][12]/C
                         clock pessimism              0.000     2.452    
                         clock uncertainty            0.085     2.537    
    SLICE_X150Y93        FDRE (Hold_fdre_C_D)         0.227     2.764    u_wstore/w_q_reg[14][38][12]
  -------------------------------------------------------------------
                         required time                         -2.764    
                         arrival time                           0.510    
  -------------------------------------------------------------------
                         slack                                 -2.254    

Slack (VIOLATED) :        -2.252ns  (arrival time - required time)
  Source:                 cfg_wdata[15]
                            (input port clocked by core_clk  {rise@0.000ns fall@12.500ns period=25.000ns})
  Destination:            u_wstore/w_q_reg[14][35][15]/D
                            (rising edge-triggered cell FDRE clocked by core_clk  {rise@0.000ns fall@12.500ns period=25.000ns})
  Path Group:             core_clk
  Path Type:              Hold (Min at Slow Process Corner)
  Requirement:            0.000ns  (core_clk rise@0.000ns - core_clk rise@0.000ns)
  Data Path Delay:        0.510ns  (logic 0.000ns (0.000%)  route 0.510ns (100.000%))
  Logic Levels:           0  
  Input Delay:            0.000ns
  Clock Path Skew:        2.450ns (DCD - SCD - CPR)
    Destination Clock Delay (DCD):    2.450ns
    Source Clock Delay      (SCD):    0.000ns
    Clock Pessimism Removal (CPR):    -0.000ns
  Clock Uncertainty:      0.085ns  ((TSJ^2 + TIJ^2)^1/2 + DJ) / 2 + PE + UU
    Total System Jitter     (TSJ):    0.071ns
    Total Input Jitter      (TIJ):    0.000ns
    Discrete Jitter          (DJ):    0.000ns
    Phase Error              (PE):    0.000ns
    User Uncertainty         (UU):    0.050ns

    Location             Delay type                Incr(ns)  Path(ns)    Netlist Resource(s)
  -------------------------------------------------------------------    -------------------
                         (clock core_clk rise edge)
                                                      0.000     0.000 r  
                         input delay                  0.000     0.000    
                                                      0.000     0.000 r  cfg_wdata[15] (IN)
                         net (fo=1320, unset)         0.510     0.510    u_wstore/cfg_wdata[15]
    SLICE_X148Y91        FDRE                                         r  u_wstore/w_q_reg[14][35][15]/D
  -------------------------------------------------------------------    -------------------

                         (clock core_clk rise edge)
                                                      0.000     0.000 r  
                                                      0.000     0.000 r  clk (IN)
                         net (fo=0)                   0.537     0.537    __ooc_clk_input
    BUFGCTRL_X0Y0                                                     r  __ooc_internal_bufg/I
    BUFGCTRL_X0Y0        BUFG (Prop_bufg_I_O)         0.093     0.630 r  __ooc_internal_bufg/O
                         net (fo=66508, routed)       1.820     2.450    u_wstore/clk
    SLICE_X148Y91        FDRE                                         r  u_wstore/w_q_reg[14][35][15]/C
                         clock pessimism              0.000     2.450    
                         clock uncertainty            0.085     2.535    
    SLICE_X148Y91        FDRE (Hold_fdre_C_D)         0.227     2.762    u_wstore/w_q_reg[14][35][15]
  -------------------------------------------------------------------
                         required time                         -2.762    
                         arrival time                           0.510    
  -------------------------------------------------------------------
                         slack                                 -2.252    

Slack (VIOLATED) :        -2.252ns  (arrival time - required time)
  Source:                 cfg_wdata[5]
                            (input port clocked by core_clk  {rise@0.000ns fall@12.500ns period=25.000ns})
  Destination:            u_wstore/w_q_reg[14][35][5]/D
                            (rising edge-triggered cell FDRE clocked by core_clk  {rise@0.000ns fall@12.500ns period=25.000ns})
  Path Group:             core_clk
  Path Type:              Hold (Min at Slow Process Corner)
  Requirement:            0.000ns  (core_clk rise@0.000ns - core_clk rise@0.000ns)
  Data Path Delay:        0.510ns  (logic 0.000ns (0.000%)  route 0.510ns (100.000%))
  Logic Levels:           0  
  Input Delay:            0.000ns
  Clock Path Skew:        2.450ns (DCD - SCD - CPR)
    Destination Clock Delay (DCD):    2.450ns
    Source Clock Delay      (SCD):    0.000ns
    Clock Pessimism Removal (CPR):    -0.000ns
  Clock Uncertainty:      0.085ns  ((TSJ^2 + TIJ^2)^1/2 + DJ) / 2 + PE + UU
    Total System Jitter     (TSJ):    0.071ns
    Total Input Jitter      (TIJ):    0.000ns
    Discrete Jitter          (DJ):    0.000ns
    Phase Error              (PE):    0.000ns
    User Uncertainty         (UU):    0.050ns

    Location             Delay type                Incr(ns)  Path(ns)    Netlist Resource(s)
  -------------------------------------------------------------------    -------------------
                         (clock core_clk rise edge)
                                                      0.000     0.000 r  
                         input delay                  0.000     0.000    
                                                      0.000     0.000 r  cfg_wdata[5] (IN)
                         net (fo=1320, unset)         0.510     0.510    u_wstore/cfg_wdata[5]
    SLICE_X148Y91        FDRE                                         r  u_wstore/w_q_reg[14][35][5]/D
  -------------------------------------------------------------------    -------------------

                         (clock core_clk rise edge)
                                                      0.000     0.000 r  
                                                      0.000     0.000 r  clk (IN)
                         net (fo=0)                   0.537     0.537    __ooc_clk_input
    BUFGCTRL_X0Y0                                                     r  __ooc_internal_bufg/I
    BUFGCTRL_X0Y0        BUFG (Prop_bufg_I_O)         0.093     0.630 r  __ooc_internal_bufg/O
                         net (fo=66508, routed)       1.820     2.450    u_wstore/clk
    SLICE_X148Y91        FDRE                                         r  u_wstore/w_q_reg[14][35][5]/C
                         clock pessimism              0.000     2.450    
                         clock uncertainty            0.085     2.535    
    SLICE_X148Y91        FDRE (Hold_fdre_C_D)         0.227     2.762    u_wstore/w_q_reg[14][35][5]
  -------------------------------------------------------------------
                         required time                         -2.762    
                         arrival time                           0.510    
  -------------------------------------------------------------------
                         slack                                 -2.252    

Slack (VIOLATED) :        -2.250ns  (arrival time - required time)
  Source:                 cfg_wdata[12]
                            (input port clocked by core_clk  {rise@0.000ns fall@12.500ns period=25.000ns})
  Destination:            u_wstore/w_q_reg[13][34][12]/D
                            (rising edge-triggered cell FDRE clocked by core_clk  {rise@0.000ns fall@12.500ns period=25.000ns})
  Path Group:             core_clk
  Path Type:              Hold (Min at Slow Process Corner)
  Requirement:            0.000ns  (core_clk rise@0.000ns - core_clk rise@0.000ns)
  Data Path Delay:        0.510ns  (logic 0.000ns (0.000%)  route 0.510ns (100.000%))
  Logic Levels:           0  
  Input Delay:            0.000ns
  Clock Path Skew:        2.481ns (DCD - SCD - CPR)
    Destination Clock Delay (DCD):    2.481ns
    Source Clock Delay      (SCD):    0.000ns
    Clock Pessimism Removal (CPR):    -0.000ns
  Clock Uncertainty:      0.085ns  ((TSJ^2 + TIJ^2)^1/2 + DJ) / 2 + PE + UU
    Total System Jitter     (TSJ):    0.071ns
    Total Input Jitter      (TIJ):    0.000ns
    Discrete Jitter          (DJ):    0.000ns
    Phase Error              (PE):    0.000ns
    User Uncertainty         (UU):    0.050ns

    Location             Delay type                Incr(ns)  Path(ns)    Netlist Resource(s)
  -------------------------------------------------------------------    -------------------
                         (clock core_clk rise edge)
                                                      0.000     0.000 r  
                         input delay                  0.000     0.000    
                                                      0.000     0.000 r  cfg_wdata[12] (IN)
                         net (fo=1320, unset)         0.510     0.510    u_wstore/cfg_wdata[12]
    SLICE_X55Y98         FDRE                                         r  u_wstore/w_q_reg[13][34][12]/D
  -------------------------------------------------------------------    -------------------

                         (clock core_clk rise edge)
                                                      0.000     0.000 r  
                                                      0.000     0.000 r  clk (IN)
                         net (fo=0)                   0.537     0.537    __ooc_clk_input
    BUFGCTRL_X0Y0                                                     r  __ooc_internal_bufg/I
    BUFGCTRL_X0Y0        BUFG (Prop_bufg_I_O)         0.093     0.630 r  __ooc_internal_bufg/O
                         net (fo=66508, routed)       1.851     2.481    u_wstore/clk
    SLICE_X55Y98         FDRE                                         r  u_wstore/w_q_reg[13][34][12]/C
                         clock pessimism              0.000     2.481    
                         clock uncertainty            0.085     2.566    
    SLICE_X55Y98         FDRE (Hold_fdre_C_D)         0.194     2.760    u_wstore/w_q_reg[13][34][12]
  -------------------------------------------------------------------
                         required time                         -2.760    
                         arrival time                           0.510    
  -------------------------------------------------------------------
                         slack                                 -2.250    

Slack (VIOLATED) :        -2.249ns  (arrival time - required time)
  Source:                 cfg_wdata[3]
                            (input port clocked by core_clk  {rise@0.000ns fall@12.500ns period=25.000ns})
  Destination:            u_wstore/w_q_reg[14][44][3]/D
                            (rising edge-triggered cell FDRE clocked by core_clk  {rise@0.000ns fall@12.500ns period=25.000ns})
  Path Group:             core_clk
  Path Type:              Hold (Min at Slow Process Corner)
  Requirement:            0.000ns  (core_clk rise@0.000ns - core_clk rise@0.000ns)
  Data Path Delay:        0.510ns  (logic 0.000ns (0.000%)  route 0.510ns (100.000%))
  Logic Levels:           0  
  Input Delay:            0.000ns
  Clock Path Skew:        2.447ns (DCD - SCD - CPR)
    Destination Clock Delay (DCD):    2.447ns
    Source Clock Delay      (SCD):    0.000ns
    Clock Pessimism Removal (CPR):    -0.000ns
  Clock Uncertainty:      0.085ns  ((TSJ^2 + TIJ^2)^1/2 + DJ) / 2 + PE + UU
    Total System Jitter     (TSJ):    0.071ns
    Total Input Jitter      (TIJ):    0.000ns
    Discrete Jitter          (DJ):    0.000ns
    Phase Error              (PE):    0.000ns
    User Uncertainty         (UU):    0.050ns

    Location             Delay type                Incr(ns)  Path(ns)    Netlist Resource(s)
  -------------------------------------------------------------------    -------------------
                         (clock core_clk rise edge)
                                                      0.000     0.000 r  
                         input delay                  0.000     0.000    
                                                      0.000     0.000 r  cfg_wdata[3] (IN)
                         net (fo=1320, unset)         0.510     0.510    u_wstore/cfg_wdata[3]
    SLICE_X144Y93        FDRE                                         r  u_wstore/w_q_reg[14][44][3]/D
  -------------------------------------------------------------------    -------------------

                         (clock core_clk rise edge)
                                                      0.000     0.000 r  
                                                      0.000     0.000 r  clk (IN)
                         net (fo=0)                   0.537     0.537    __ooc_clk_input
    BUFGCTRL_X0Y0                                                     r  __ooc_internal_bufg/I
    BUFGCTRL_X0Y0        BUFG (Prop_bufg_I_O)         0.093     0.630 r  __ooc_internal_bufg/O
                         net (fo=66508, routed)       1.817     2.447    u_wstore/clk
    SLICE_X144Y93        FDRE                                         r  u_wstore/w_q_reg[14][44][3]/C
                         clock pessimism              0.000     2.447    
                         clock uncertainty            0.085     2.532    
    SLICE_X144Y93        FDRE (Hold_fdre_C_D)         0.227     2.759    u_wstore/w_q_reg[14][44][3]
  -------------------------------------------------------------------
                         required time                         -2.759    
                         arrival time                           0.510    
  -------------------------------------------------------------------
                         slack                                 -2.249    

Slack (VIOLATED) :        -2.249ns  (arrival time - required time)
  Source:                 cfg_wdata[20]
                            (input port clocked by core_clk  {rise@0.000ns fall@12.500ns period=25.000ns})
  Destination:            u_wstore/w_q_reg[14][38][20]/D
                            (rising edge-triggered cell FDRE clocked by core_clk  {rise@0.000ns fall@12.500ns period=25.000ns})
  Path Group:             core_clk
  Path Type:              Hold (Min at Slow Process Corner)
  Requirement:            0.000ns  (core_clk rise@0.000ns - core_clk rise@0.000ns)
  Data Path Delay:        0.510ns  (logic 0.000ns (0.000%)  route 0.510ns (100.000%))
  Logic Levels:           0  
  Input Delay:            0.000ns
  Clock Path Skew:        2.447ns (DCD - SCD - CPR)
    Destination Clock Delay (DCD):    2.447ns
    Source Clock Delay      (SCD):    0.000ns
    Clock Pessimism Removal (CPR):    -0.000ns
  Clock Uncertainty:      0.085ns  ((TSJ^2 + TIJ^2)^1/2 + DJ) / 2 + PE + UU
    Total System Jitter     (TSJ):    0.071ns
    Total Input Jitter      (TIJ):    0.000ns
    Discrete Jitter          (DJ):    0.000ns
    Phase Error              (PE):    0.000ns
    User Uncertainty         (UU):    0.050ns

    Location             Delay type                Incr(ns)  Path(ns)    Netlist Resource(s)
  -------------------------------------------------------------------    -------------------
                         (clock core_clk rise edge)
                                                      0.000     0.000 r  
                         input delay                  0.000     0.000    
                                                      0.000     0.000 r  cfg_wdata[20] (IN)
                         net (fo=1319, unset)         0.510     0.510    u_wstore/cfg_wdata[20]
    SLICE_X142Y98        FDRE                                         r  u_wstore/w_q_reg[14][38][20]/D
  -------------------------------------------------------------------    -------------------

                         (clock core_clk rise edge)
                                                      0.000     0.000 r  
                                                      0.000     0.000 r  clk (IN)
                         net (fo=0)                   0.537     0.537    __ooc_clk_input
    BUFGCTRL_X0Y0                                                     r  __ooc_internal_bufg/I
    BUFGCTRL_X0Y0        BUFG (Prop_bufg_I_O)         0.093     0.630 r  __ooc_internal_bufg/O
                         net (fo=66508, routed)       1.817     2.447    u_wstore/clk
    SLICE_X142Y98        FDRE                                         r  u_wstore/w_q_reg[14][38][20]/C
                         clock pessimism              0.000     2.447    
                         clock uncertainty            0.085     2.532    
    SLICE_X142Y98        FDRE (Hold_fdre_C_D)         0.227     2.759    u_wstore/w_q_reg[14][38][20]
  -------------------------------------------------------------------
                         required time                         -2.759    
                         arrival time                           0.510    
  -------------------------------------------------------------------
                         slack                                 -2.249    

Slack (VIOLATED) :        -2.249ns  (arrival time - required time)
  Source:                 cfg_wdata[21]
                            (input port clocked by core_clk  {rise@0.000ns fall@12.500ns period=25.000ns})
  Destination:            u_wstore/w_q_reg[14][38][21]/D
                            (rising edge-triggered cell FDRE clocked by core_clk  {rise@0.000ns fall@12.500ns period=25.000ns})
  Path Group:             core_clk
  Path Type:              Hold (Min at Slow Process Corner)
  Requirement:            0.000ns  (core_clk rise@0.000ns - core_clk rise@0.000ns)
  Data Path Delay:        0.510ns  (logic 0.000ns (0.000%)  route 0.510ns (100.000%))
  Logic Levels:           0  
  Input Delay:            0.000ns
  Clock Path Skew:        2.447ns (DCD - SCD - CPR)
    Destination Clock Delay (DCD):    2.447ns
    Source Clock Delay      (SCD):    0.000ns
    Clock Pessimism Removal (CPR):    -0.000ns
  Clock Uncertainty:      0.085ns  ((TSJ^2 + TIJ^2)^1/2 + DJ) / 2 + PE + UU
    Total System Jitter     (TSJ):    0.071ns
    Total Input Jitter      (TIJ):    0.000ns
    Discrete Jitter          (DJ):    0.000ns
    Phase Error              (PE):    0.000ns
    User Uncertainty         (UU):    0.050ns

    Location             Delay type                Incr(ns)  Path(ns)    Netlist Resource(s)
  -------------------------------------------------------------------    -------------------
                         (clock core_clk rise edge)
                                                      0.000     0.000 r  
                         input delay                  0.000     0.000    
                                                      0.000     0.000 r  cfg_wdata[21] (IN)
                         net (fo=1319, unset)         0.510     0.510    u_wstore/cfg_wdata[21]
    SLICE_X142Y98        FDRE                                         r  u_wstore/w_q_reg[14][38][21]/D
  -------------------------------------------------------------------    -------------------

                         (clock core_clk rise edge)
                                                      0.000     0.000 r  
                                                      0.000     0.000 r  clk (IN)
                         net (fo=0)                   0.537     0.537    __ooc_clk_input
    BUFGCTRL_X0Y0                                                     r  __ooc_internal_bufg/I
    BUFGCTRL_X0Y0        BUFG (Prop_bufg_I_O)         0.093     0.630 r  __ooc_internal_bufg/O
                         net (fo=66508, routed)       1.817     2.447    u_wstore/clk
    SLICE_X142Y98        FDRE                                         r  u_wstore/w_q_reg[14][38][21]/C
                         clock pessimism              0.000     2.447    
                         clock uncertainty            0.085     2.532    
    SLICE_X142Y98        FDRE (Hold_fdre_C_D)         0.227     2.759    u_wstore/w_q_reg[14][38][21]
  -------------------------------------------------------------------
                         required time                         -2.759    
                         arrival time                           0.510    
  -------------------------------------------------------------------
                         slack                                 -2.249    

Slack (VIOLATED) :        -2.248ns  (arrival time - required time)
  Source:                 cfg_wdata[19]
                            (input port clocked by core_clk  {rise@0.000ns fall@12.500ns period=25.000ns})
  Destination:            u_wstore/w_q_reg[14][39][19]/D
                            (rising edge-triggered cell FDRE clocked by core_clk  {rise@0.000ns fall@12.500ns period=25.000ns})
  Path Group:             core_clk
  Path Type:              Hold (Min at Slow Process Corner)
  Requirement:            0.000ns  (core_clk rise@0.000ns - core_clk rise@0.000ns)
  Data Path Delay:        0.510ns  (logic 0.000ns (0.000%)  route 0.510ns (100.000%))
  Logic Levels:           0  
  Input Delay:            0.000ns
  Clock Path Skew:        2.446ns (DCD - SCD - CPR)
    Destination Clock Delay (DCD):    2.446ns
    Source Clock Delay      (SCD):    0.000ns
    Clock Pessimism Removal (CPR):    -0.000ns
  Clock Uncertainty:      0.085ns  ((TSJ^2 + TIJ^2)^1/2 + DJ) / 2 + PE + UU
    Total System Jitter     (TSJ):    0.071ns
    Total Input Jitter      (TIJ):    0.000ns
    Discrete Jitter          (DJ):    0.000ns
    Phase Error              (PE):    0.000ns
    User Uncertainty         (UU):    0.050ns

    Location             Delay type                Incr(ns)  Path(ns)    Netlist Resource(s)
  -------------------------------------------------------------------    -------------------
                         (clock core_clk rise edge)
                                                      0.000     0.000 r  
                         input delay                  0.000     0.000    
                                                      0.000     0.000 r  cfg_wdata[19] (IN)
                         net (fo=1320, unset)         0.510     0.510    u_wstore/cfg_wdata[19]
    SLICE_X142Y92        FDRE                                         r  u_wstore/w_q_reg[14][39][19]/D
  -------------------------------------------------------------------    -------------------

                         (clock core_clk rise edge)
                                                      0.000     0.000 r  
                                                      0.000     0.000 r  clk (IN)
                         net (fo=0)                   0.537     0.537    __ooc_clk_input
    BUFGCTRL_X0Y0                                                     r  __ooc_internal_bufg/I
    BUFGCTRL_X0Y0        BUFG (Prop_bufg_I_O)         0.093     0.630 r  __ooc_internal_bufg/O
                         net (fo=66508, routed)       1.816     2.446    u_wstore/clk
    SLICE_X142Y92        FDRE                                         r  u_wstore/w_q_reg[14][39][19]/C
                         clock pessimism              0.000     2.446    
                         clock uncertainty            0.085     2.531    
    SLICE_X142Y92        FDRE (Hold_fdre_C_D)         0.227     2.758    u_wstore/w_q_reg[14][39][19]
  -------------------------------------------------------------------
                         required time                         -2.758    
                         arrival time                           0.510    
  -------------------------------------------------------------------
                         slack                                 -2.248    

Slack (VIOLATED) :        -2.248ns  (arrival time - required time)
  Source:                 cfg_wdata[1]
                            (input port clocked by core_clk  {rise@0.000ns fall@12.500ns period=25.000ns})
  Destination:            u_wstore/w_q_reg[14][39][1]/D
                            (rising edge-triggered cell FDRE clocked by core_clk  {rise@0.000ns fall@12.500ns period=25.000ns})
  Path Group:             core_clk
  Path Type:              Hold (Min at Slow Process Corner)
  Requirement:            0.000ns  (core_clk rise@0.000ns - core_clk rise@0.000ns)
  Data Path Delay:        0.510ns  (logic 0.000ns (0.000%)  route 0.510ns (100.000%))
  Logic Levels:           0  
  Input Delay:            0.000ns
  Clock Path Skew:        2.446ns (DCD - SCD - CPR)
    Destination Clock Delay (DCD):    2.446ns
    Source Clock Delay      (SCD):    0.000ns
    Clock Pessimism Removal (CPR):    -0.000ns
  Clock Uncertainty:      0.085ns  ((TSJ^2 + TIJ^2)^1/2 + DJ) / 2 + PE + UU
    Total System Jitter     (TSJ):    0.071ns
    Total Input Jitter      (TIJ):    0.000ns
    Discrete Jitter          (DJ):    0.000ns
    Phase Error              (PE):    0.000ns
    User Uncertainty         (UU):    0.050ns

    Location             Delay type                Incr(ns)  Path(ns)    Netlist Resource(s)
  -------------------------------------------------------------------    -------------------
                         (clock core_clk rise edge)
                                                      0.000     0.000 r  
                         input delay                  0.000     0.000    
                                                      0.000     0.000 r  cfg_wdata[1] (IN)
                         net (fo=1320, unset)         0.510     0.510    u_wstore/cfg_wdata[1]
    SLICE_X142Y92        FDRE                                         r  u_wstore/w_q_reg[14][39][1]/D
  -------------------------------------------------------------------    -------------------

                         (clock core_clk rise edge)
                                                      0.000     0.000 r  
                                                      0.000     0.000 r  clk (IN)
                         net (fo=0)                   0.537     0.537    __ooc_clk_input
    BUFGCTRL_X0Y0                                                     r  __ooc_internal_bufg/I
    BUFGCTRL_X0Y0        BUFG (Prop_bufg_I_O)         0.093     0.630 r  __ooc_internal_bufg/O
                         net (fo=66508, routed)       1.816     2.446    u_wstore/clk
    SLICE_X142Y92        FDRE                                         r  u_wstore/w_q_reg[14][39][1]/C
                         clock pessimism              0.000     2.446    
                         clock uncertainty            0.085     2.531    
    SLICE_X142Y92        FDRE (Hold_fdre_C_D)         0.227     2.758    u_wstore/w_q_reg[14][39][1]
  -------------------------------------------------------------------
                         required time                         -2.758    
                         arrival time                           0.510    
  -------------------------------------------------------------------
                         slack                                 -2.248    

Slack (VIOLATED) :        -2.248ns  (arrival time - required time)
  Source:                 cfg_wdata[0]
                            (input port clocked by core_clk  {rise@0.000ns fall@12.500ns period=25.000ns})
  Destination:            u_wstore/w_q_reg[14][41][0]/D
                            (rising edge-triggered cell FDRE clocked by core_clk  {rise@0.000ns fall@12.500ns period=25.000ns})
  Path Group:             core_clk
  Path Type:              Hold (Min at Slow Process Corner)
  Requirement:            0.000ns  (core_clk rise@0.000ns - core_clk rise@0.000ns)
  Data Path Delay:        0.510ns  (logic 0.000ns (0.000%)  route 0.510ns (100.000%))
  Logic Levels:           0  
  Input Delay:            0.000ns
  Clock Path Skew:        2.446ns (DCD - SCD - CPR)
    Destination Clock Delay (DCD):    2.446ns
    Source Clock Delay      (SCD):    0.000ns
    Clock Pessimism Removal (CPR):    -0.000ns
  Clock Uncertainty:      0.085ns  ((TSJ^2 + TIJ^2)^1/2 + DJ) / 2 + PE + UU
    Total System Jitter     (TSJ):    0.071ns
    Total Input Jitter      (TIJ):    0.000ns
    Discrete Jitter          (DJ):    0.000ns
    Phase Error              (PE):    0.000ns
    User Uncertainty         (UU):    0.050ns

    Location             Delay type                Incr(ns)  Path(ns)    Netlist Resource(s)
  -------------------------------------------------------------------    -------------------
                         (clock core_clk rise edge)
                                                      0.000     0.000 r  
                         input delay                  0.000     0.000    
                                                      0.000     0.000 r  cfg_wdata[0] (IN)
                         net (fo=1320, unset)         0.510     0.510    u_wstore/cfg_wdata[0]
    SLICE_X144Y91        FDRE                                         r  u_wstore/w_q_reg[14][41][0]/D
  -------------------------------------------------------------------    -------------------

                         (clock core_clk rise edge)
                                                      0.000     0.000 r  
                                                      0.000     0.000 r  clk (IN)
                         net (fo=0)                   0.537     0.537    __ooc_clk_input
    BUFGCTRL_X0Y0                                                     r  __ooc_internal_bufg/I
    BUFGCTRL_X0Y0        BUFG (Prop_bufg_I_O)         0.093     0.630 r  __ooc_internal_bufg/O
                         net (fo=66508, routed)       1.816     2.446    u_wstore/clk
    SLICE_X144Y91        FDRE                                         r  u_wstore/w_q_reg[14][41][0]/C
                         clock pessimism              0.000     2.446    
                         clock uncertainty            0.085     2.531    
    SLICE_X144Y91        FDRE (Hold_fdre_C_D)         0.227     2.758    u_wstore/w_q_reg[14][41][0]
  -------------------------------------------------------------------
                         required time                         -2.758    
                         arrival time                           0.510    
  -------------------------------------------------------------------
                         slack                                 -2.248    

Slack (VIOLATED) :        -2.247ns  (arrival time - required time)
  Source:                 cfg_wdata[0]
                            (input port clocked by core_clk  {rise@0.000ns fall@12.500ns period=25.000ns})
  Destination:            u_wstore/w_q_reg[14][43][0]/D
                            (rising edge-triggered cell FDRE clocked by core_clk  {rise@0.000ns fall@12.500ns period=25.000ns})
  Path Group:             core_clk
  Path Type:              Hold (Min at Slow Process Corner)
  Requirement:            0.000ns  (core_clk rise@0.000ns - core_clk rise@0.000ns)
  Data Path Delay:        0.510ns  (logic 0.000ns (0.000%)  route 0.510ns (100.000%))
  Logic Levels:           0  
  Input Delay:            0.000ns
  Clock Path Skew:        2.445ns (DCD - SCD - CPR)
    Destination Clock Delay (DCD):    2.445ns
    Source Clock Delay      (SCD):    0.000ns
    Clock Pessimism Removal (CPR):    -0.000ns
  Clock Uncertainty:      0.085ns  ((TSJ^2 + TIJ^2)^1/2 + DJ) / 2 + PE + UU
    Total System Jitter     (TSJ):    0.071ns
    Total Input Jitter      (TIJ):    0.000ns
    Discrete Jitter          (DJ):    0.000ns
    Phase Error              (PE):    0.000ns
    User Uncertainty         (UU):    0.050ns

    Location             Delay type                Incr(ns)  Path(ns)    Netlist Resource(s)
  -------------------------------------------------------------------    -------------------
                         (clock core_clk rise edge)
                                                      0.000     0.000 r  
                         input delay                  0.000     0.000    
                                                      0.000     0.000 r  cfg_wdata[0] (IN)
                         net (fo=1320, unset)         0.510     0.510    u_wstore/cfg_wdata[0]
    SLICE_X142Y91        FDRE                                         r  u_wstore/w_q_reg[14][43][0]/D
  -------------------------------------------------------------------    -------------------

                         (clock core_clk rise edge)
                                                      0.000     0.000 r  
                                                      0.000     0.000 r  clk (IN)
                         net (fo=0)                   0.537     0.537    __ooc_clk_input
    BUFGCTRL_X0Y0                                                     r  __ooc_internal_bufg/I
    BUFGCTRL_X0Y0        BUFG (Prop_bufg_I_O)         0.093     0.630 r  __ooc_internal_bufg/O
                         net (fo=66508, routed)       1.815     2.445    u_wstore/clk
    SLICE_X142Y91        FDRE                                         r  u_wstore/w_q_reg[14][43][0]/C
                         clock pessimism              0.000     2.445    
                         clock uncertainty            0.085     2.530    
    SLICE_X142Y91        FDRE (Hold_fdre_C_D)         0.227     2.757    u_wstore/w_q_reg[14][43][0]
  -------------------------------------------------------------------
                         required time                         -2.757    
                         arrival time                           0.510    
  -------------------------------------------------------------------
                         slack                                 -2.247    

Slack (VIOLATED) :        -2.246ns  (arrival time - required time)
  Source:                 cfg_wdata[0]
                            (input port clocked by core_clk  {rise@0.000ns fall@12.500ns period=25.000ns})
  Destination:            u_wstore/w_q_reg[14][32][0]/D
                            (rising edge-triggered cell FDRE clocked by core_clk  {rise@0.000ns fall@12.500ns period=25.000ns})
  Path Group:             core_clk
  Path Type:              Hold (Min at Slow Process Corner)
  Requirement:            0.000ns  (core_clk rise@0.000ns - core_clk rise@0.000ns)
  Data Path Delay:        0.510ns  (logic 0.000ns (0.000%)  route 0.510ns (100.000%))
  Logic Levels:           0  
  Input Delay:            0.000ns
  Clock Path Skew:        2.444ns (DCD - SCD - CPR)
    Destination Clock Delay (DCD):    2.444ns
    Source Clock Delay      (SCD):    0.000ns
    Clock Pessimism Removal (CPR):    -0.000ns
  Clock Uncertainty:      0.085ns  ((TSJ^2 + TIJ^2)^1/2 + DJ) / 2 + PE + UU
    Total System Jitter     (TSJ):    0.071ns
    Total Input Jitter      (TIJ):    0.000ns
    Discrete Jitter          (DJ):    0.000ns
    Phase Error              (PE):    0.000ns
    User Uncertainty         (UU):    0.050ns

    Location             Delay type                Incr(ns)  Path(ns)    Netlist Resource(s)
  -------------------------------------------------------------------    -------------------
                         (clock core_clk rise edge)
                                                      0.000     0.000 r  
                         input delay                  0.000     0.000    
                                                      0.000     0.000 r  cfg_wdata[0] (IN)
                         net (fo=1320, unset)         0.510     0.510    u_wstore/cfg_wdata[0]
    SLICE_X140Y93        FDRE                                         r  u_wstore/w_q_reg[14][32][0]/D
  -------------------------------------------------------------------    -------------------

                         (clock core_clk rise edge)
                                                      0.000     0.000 r  
                                                      0.000     0.000 r  clk (IN)
                         net (fo=0)                   0.537     0.537    __ooc_clk_input
    BUFGCTRL_X0Y0                                                     r  __ooc_internal_bufg/I
    BUFGCTRL_X0Y0        BUFG (Prop_bufg_I_O)         0.093     0.630 r  __ooc_internal_bufg/O
                         net (fo=66508, routed)       1.814     2.444    u_wstore/clk
    SLICE_X140Y93        FDRE                                         r  u_wstore/w_q_reg[14][32][0]/C
                         clock pessimism              0.000     2.444    
                         clock uncertainty            0.085     2.529    
    SLICE_X140Y93        FDRE (Hold_fdre_C_D)         0.227     2.756    u_wstore/w_q_reg[14][32][0]
  -------------------------------------------------------------------
                         required time                         -2.756    
                         arrival time                           0.510    
  -------------------------------------------------------------------
                         slack                                 -2.246    

Slack (VIOLATED) :        -2.246ns  (arrival time - required time)
  Source:                 cfg_wdata[1]
                            (input port clocked by core_clk  {rise@0.000ns fall@12.500ns period=25.000ns})
  Destination:            u_wstore/w_q_reg[14][32][1]/D
                            (rising edge-triggered cell FDRE clocked by core_clk  {rise@0.000ns fall@12.500ns period=25.000ns})
  Path Group:             core_clk
  Path Type:              Hold (Min at Slow Process Corner)
  Requirement:            0.000ns  (core_clk rise@0.000ns - core_clk rise@0.000ns)
  Data Path Delay:        0.510ns  (logic 0.000ns (0.000%)  route 0.510ns (100.000%))
  Logic Levels:           0  
  Input Delay:            0.000ns
  Clock Path Skew:        2.444ns (DCD - SCD - CPR)
    Destination Clock Delay (DCD):    2.444ns
    Source Clock Delay      (SCD):    0.000ns
    Clock Pessimism Removal (CPR):    -0.000ns
  Clock Uncertainty:      0.085ns  ((TSJ^2 + TIJ^2)^1/2 + DJ) / 2 + PE + UU
    Total System Jitter     (TSJ):    0.071ns
    Total Input Jitter      (TIJ):    0.000ns
    Discrete Jitter          (DJ):    0.000ns
    Phase Error              (PE):    0.000ns
    User Uncertainty         (UU):    0.050ns

    Location             Delay type                Incr(ns)  Path(ns)    Netlist Resource(s)
  -------------------------------------------------------------------    -------------------
                         (clock core_clk rise edge)
                                                      0.000     0.000 r  
                         input delay                  0.000     0.000    
                                                      0.000     0.000 r  cfg_wdata[1] (IN)
                         net (fo=1320, unset)         0.510     0.510    u_wstore/cfg_wdata[1]
    SLICE_X140Y93        FDRE                                         r  u_wstore/w_q_reg[14][32][1]/D
  -------------------------------------------------------------------    -------------------

                         (clock core_clk rise edge)
                                                      0.000     0.000 r  
                                                      0.000     0.000 r  clk (IN)
                         net (fo=0)                   0.537     0.537    __ooc_clk_input
    BUFGCTRL_X0Y0                                                     r  __ooc_internal_bufg/I
    BUFGCTRL_X0Y0        BUFG (Prop_bufg_I_O)         0.093     0.630 r  __ooc_internal_bufg/O
                         net (fo=66508, routed)       1.814     2.444    u_wstore/clk
    SLICE_X140Y93        FDRE                                         r  u_wstore/w_q_reg[14][32][1]/C
                         clock pessimism              0.000     2.444    
                         clock uncertainty            0.085     2.529    
    SLICE_X140Y93        FDRE (Hold_fdre_C_D)         0.227     2.756    u_wstore/w_q_reg[14][32][1]
  -------------------------------------------------------------------
                         required time                         -2.756    
                         arrival time                           0.510    
  -------------------------------------------------------------------
                         slack                                 -2.246    

Slack (VIOLATED) :        -2.246ns  (arrival time - required time)
  Source:                 cfg_wdata[2]
                            (input port clocked by core_clk  {rise@0.000ns fall@12.500ns period=25.000ns})
  Destination:            u_wstore/w_q_reg[14][32][2]/D
                            (rising edge-triggered cell FDRE clocked by core_clk  {rise@0.000ns fall@12.500ns period=25.000ns})
  Path Group:             core_clk
  Path Type:              Hold (Min at Slow Process Corner)
  Requirement:            0.000ns  (core_clk rise@0.000ns - core_clk rise@0.000ns)
  Data Path Delay:        0.510ns  (logic 0.000ns (0.000%)  route 0.510ns (100.000%))
  Logic Levels:           0  
  Input Delay:            0.000ns
  Clock Path Skew:        2.444ns (DCD - SCD - CPR)
    Destination Clock Delay (DCD):    2.444ns
    Source Clock Delay      (SCD):    0.000ns
    Clock Pessimism Removal (CPR):    -0.000ns
  Clock Uncertainty:      0.085ns  ((TSJ^2 + TIJ^2)^1/2 + DJ) / 2 + PE + UU
    Total System Jitter     (TSJ):    0.071ns
    Total Input Jitter      (TIJ):    0.000ns
    Discrete Jitter          (DJ):    0.000ns
    Phase Error              (PE):    0.000ns
    User Uncertainty         (UU):    0.050ns

    Location             Delay type                Incr(ns)  Path(ns)    Netlist Resource(s)
  -------------------------------------------------------------------    -------------------
                         (clock core_clk rise edge)
                                                      0.000     0.000 r  
                         input delay                  0.000     0.000    
                                                      0.000     0.000 r  cfg_wdata[2] (IN)
                         net (fo=1320, unset)         0.510     0.510    u_wstore/cfg_wdata[2]
    SLICE_X140Y93        FDRE                                         r  u_wstore/w_q_reg[14][32][2]/D
  -------------------------------------------------------------------    -------------------

                         (clock core_clk rise edge)
                                                      0.000     0.000 r  
                                                      0.000     0.000 r  clk (IN)
                         net (fo=0)                   0.537     0.537    __ooc_clk_input
    BUFGCTRL_X0Y0                                                     r  __ooc_internal_bufg/I
    BUFGCTRL_X0Y0        BUFG (Prop_bufg_I_O)         0.093     0.630 r  __ooc_internal_bufg/O
                         net (fo=66508, routed)       1.814     2.444    u_wstore/clk
    SLICE_X140Y93        FDRE                                         r  u_wstore/w_q_reg[14][32][2]/C
                         clock pessimism              0.000     2.444    
                         clock uncertainty            0.085     2.529    
    SLICE_X140Y93        FDRE (Hold_fdre_C_D)         0.227     2.756    u_wstore/w_q_reg[14][32][2]
  -------------------------------------------------------------------
                         required time                         -2.756    
                         arrival time                           0.510    
  -------------------------------------------------------------------
                         slack                                 -2.246    

Slack (VIOLATED) :        -2.245ns  (arrival time - required time)
  Source:                 cfg_wdata[0]
                            (input port clocked by core_clk  {rise@0.000ns fall@12.500ns period=25.000ns})
  Destination:            u_wstore/w_q_reg[14][34][0]/D
                            (rising edge-triggered cell FDRE clocked by core_clk  {rise@0.000ns fall@12.500ns period=25.000ns})
  Path Group:             core_clk
  Path Type:              Hold (Min at Slow Process Corner)
  Requirement:            0.000ns  (core_clk rise@0.000ns - core_clk rise@0.000ns)
  Data Path Delay:        0.510ns  (logic 0.000ns (0.000%)  route 0.510ns (100.000%))
  Logic Levels:           0  
  Input Delay:            0.000ns
  Clock Path Skew:        2.443ns (DCD - SCD - CPR)
    Destination Clock Delay (DCD):    2.443ns
    Source Clock Delay      (SCD):    0.000ns
    Clock Pessimism Removal (CPR):    -0.000ns
  Clock Uncertainty:      0.085ns  ((TSJ^2 + TIJ^2)^1/2 + DJ) / 2 + PE + UU
    Total System Jitter     (TSJ):    0.071ns
    Total Input Jitter      (TIJ):    0.000ns
    Discrete Jitter          (DJ):    0.000ns
    Phase Error              (PE):    0.000ns
    User Uncertainty         (UU):    0.050ns

    Location             Delay type                Incr(ns)  Path(ns)    Netlist Resource(s)
  -------------------------------------------------------------------    -------------------
                         (clock core_clk rise edge)
                                                      0.000     0.000 r  
                         input delay                  0.000     0.000    
                                                      0.000     0.000 r  cfg_wdata[0] (IN)
                         net (fo=1320, unset)         0.510     0.510    u_wstore/cfg_wdata[0]
    SLICE_X140Y91        FDRE                                         r  u_wstore/w_q_reg[14][34][0]/D
  -------------------------------------------------------------------    -------------------

                         (clock core_clk rise edge)
                                                      0.000     0.000 r  
                                                      0.000     0.000 r  clk (IN)
                         net (fo=0)                   0.537     0.537    __ooc_clk_input
    BUFGCTRL_X0Y0                                                     r  __ooc_internal_bufg/I
    BUFGCTRL_X0Y0        BUFG (Prop_bufg_I_O)         0.093     0.630 r  __ooc_internal_bufg/O
                         net (fo=66508, routed)       1.813     2.443    u_wstore/clk
    SLICE_X140Y91        FDRE                                         r  u_wstore/w_q_reg[14][34][0]/C
                         clock pessimism              0.000     2.443    
                         clock uncertainty            0.085     2.528    
    SLICE_X140Y91        FDRE (Hold_fdre_C_D)         0.227     2.755    u_wstore/w_q_reg[14][34][0]
  -------------------------------------------------------------------
                         required time                         -2.755    
                         arrival time                           0.510    
  -------------------------------------------------------------------
                         slack                                 -2.245    

Slack (VIOLATED) :        -2.245ns  (arrival time - required time)
  Source:                 cfg_wdata[11]
                            (input port clocked by core_clk  {rise@0.000ns fall@12.500ns period=25.000ns})
  Destination:            u_wstore/w_q_reg[14][34][11]/D
                            (rising edge-triggered cell FDRE clocked by core_clk  {rise@0.000ns fall@12.500ns period=25.000ns})
  Path Group:             core_clk
  Path Type:              Hold (Min at Slow Process Corner)
  Requirement:            0.000ns  (core_clk rise@0.000ns - core_clk rise@0.000ns)
  Data Path Delay:        0.510ns  (logic 0.000ns (0.000%)  route 0.510ns (100.000%))
  Logic Levels:           0  
  Input Delay:            0.000ns
  Clock Path Skew:        2.443ns (DCD - SCD - CPR)
    Destination Clock Delay (DCD):    2.443ns
    Source Clock Delay      (SCD):    0.000ns
    Clock Pessimism Removal (CPR):    -0.000ns
  Clock Uncertainty:      0.085ns  ((TSJ^2 + TIJ^2)^1/2 + DJ) / 2 + PE + UU
    Total System Jitter     (TSJ):    0.071ns
    Total Input Jitter      (TIJ):    0.000ns
    Discrete Jitter          (DJ):    0.000ns
    Phase Error              (PE):    0.000ns
    User Uncertainty         (UU):    0.050ns

    Location             Delay type                Incr(ns)  Path(ns)    Netlist Resource(s)
  -------------------------------------------------------------------    -------------------
                         (clock core_clk rise edge)
                                                      0.000     0.000 r  
                         input delay                  0.000     0.000    
                                                      0.000     0.000 r  cfg_wdata[11] (IN)
                         net (fo=1319, unset)         0.510     0.510    u_wstore/cfg_wdata[11]
    SLICE_X140Y91        FDRE                                         r  u_wstore/w_q_reg[14][34][11]/D
  -------------------------------------------------------------------    -------------------

                         (clock core_clk rise edge)
                                                      0.000     0.000 r  
                                                      0.000     0.000 r  clk (IN)
                         net (fo=0)                   0.537     0.537    __ooc_clk_input
    BUFGCTRL_X0Y0                                                     r  __ooc_internal_bufg/I
    BUFGCTRL_X0Y0        BUFG (Prop_bufg_I_O)         0.093     0.630 r  __ooc_internal_bufg/O
                         net (fo=66508, routed)       1.813     2.443    u_wstore/clk
    SLICE_X140Y91        FDRE                                         r  u_wstore/w_q_reg[14][34][11]/C
                         clock pessimism              0.000     2.443    
                         clock uncertainty            0.085     2.528    
    SLICE_X140Y91        FDRE (Hold_fdre_C_D)         0.227     2.755    u_wstore/w_q_reg[14][34][11]
  -------------------------------------------------------------------
                         required time                         -2.755    
                         arrival time                           0.510    
  -------------------------------------------------------------------
                         slack                                 -2.245    

Slack (VIOLATED) :        -2.245ns  (arrival time - required time)
  Source:                 cfg_wdata[12]
                            (input port clocked by core_clk  {rise@0.000ns fall@12.500ns period=25.000ns})
  Destination:            u_wstore/w_q_reg[15][3][12]/D
                            (rising edge-triggered cell FDRE clocked by core_clk  {rise@0.000ns fall@12.500ns period=25.000ns})
  Path Group:             core_clk
  Path Type:              Hold (Min at Slow Process Corner)
  Requirement:            0.000ns  (core_clk rise@0.000ns - core_clk rise@0.000ns)
  Data Path Delay:        0.510ns  (logic 0.000ns (0.000%)  route 0.510ns (100.000%))
  Logic Levels:           0  
  Input Delay:            0.000ns
  Clock Path Skew:        2.443ns (DCD - SCD - CPR)
    Destination Clock Delay (DCD):    2.443ns
    Source Clock Delay      (SCD):    0.000ns
    Clock Pessimism Removal (CPR):    -0.000ns
  Clock Uncertainty:      0.085ns  ((TSJ^2 + TIJ^2)^1/2 + DJ) / 2 + PE + UU
    Total System Jitter     (TSJ):    0.071ns
    Total Input Jitter      (TIJ):    0.000ns
    Discrete Jitter          (DJ):    0.000ns
    Phase Error              (PE):    0.000ns
    User Uncertainty         (UU):    0.050ns

    Location             Delay type                Incr(ns)  Path(ns)    Netlist Resource(s)
  -------------------------------------------------------------------    -------------------
                         (clock core_clk rise edge)
                                                      0.000     0.000 r  
                         input delay                  0.000     0.000    
                                                      0.000     0.000 r  cfg_wdata[12] (IN)
                         net (fo=1320, unset)         0.510     0.510    u_wstore/cfg_wdata[12]
    SLICE_X136Y94        FDRE                                         r  u_wstore/w_q_reg[15][3][12]/D
  -------------------------------------------------------------------    -------------------

                         (clock core_clk rise edge)
                                                      0.000     0.000 r  
                                                      0.000     0.000 r  clk (IN)
                         net (fo=0)                   0.537     0.537    __ooc_clk_input
    BUFGCTRL_X0Y0                                                     r  __ooc_internal_bufg/I
    BUFGCTRL_X0Y0        BUFG (Prop_bufg_I_O)         0.093     0.630 r  __ooc_internal_bufg/O
                         net (fo=66508, routed)       1.813     2.443    u_wstore/clk
    SLICE_X136Y94        FDRE                                         r  u_wstore/w_q_reg[15][3][12]/C
                         clock pessimism              0.000     2.443    
                         clock uncertainty            0.085     2.528    
    SLICE_X136Y94        FDRE (Hold_fdre_C_D)         0.227     2.755    u_wstore/w_q_reg[15][3][12]
  -------------------------------------------------------------------
                         required time                         -2.755    
                         arrival time                           0.510    
  -------------------------------------------------------------------
                         slack                                 -2.245    




