2026-09-29T20:50:19.5531114Z ##[group]Run pip install pytest numpy
2026-09-29T20:50:19.5531673Z [36;1mpip install pytest numpy[0m
2026-09-29T20:50:19.5532919Z [36;1mpytest tests/unit/test_synth_flow.py tests/unit/test_vivado_flow.py tests/unit/test_vivado_impl.py tests/unit/test_clockless_inspection.py tests/unit/test_vivado_buffered_impl.py tests/unit/test_vivado_full_mapped.py -q[0m
2026-09-29T20:50:19.5613036Z shell: /usr/bin/bash -e {0}
2026-09-29T20:50:19.5613361Z env:
2026-09-29T20:50:19.5613618Z   OPENBLAS_NUM_THREADS: 1
2026-09-29T20:50:19.5613881Z   MPLBACKEND: Agg
2026-09-29T20:50:19.5614190Z   pythonLocation: /opt/hostedtoolcache/Python/3.12.14/x64
2026-09-29T20:50:19.5614649Z   PKG_CONFIG_PATH: /opt/hostedtoolcache/Python/3.12.14/x64/lib/pkgconfig
2026-09-29T20:50:19.5615081Z   Python_ROOT_DIR: /opt/hostedtoolcache/Python/3.12.14/x64
2026-09-29T20:50:19.5615471Z   Python2_ROOT_DIR: /opt/hostedtoolcache/Python/3.12.14/x64
2026-09-29T20:50:19.5615921Z   Python3_ROOT_DIR: /opt/hostedtoolcache/Python/3.12.14/x64
2026-09-29T20:50:19.5616325Z   LD_LIBRARY_PATH: /opt/hostedtoolcache/Python/3.12.14/x64/lib
2026-09-29T20:50:19.5616684Z ##[endgroup]
2026-09-29T20:50:24.0168215Z Collecting pytest
2026-09-29T20:50:24.0643662Z   Downloading pytest-9.1.1-py3-none-any.whl.metadata (7.6 kB)
2026-09-29T20:50:24.2708259Z Collecting numpy
2026-09-29T20:50:24.2746159Z   Downloading numpy-2.5.3-cp312-cp312-manylinux_2_27_x86_64.manylinux_2_28_x86_64.whl.metadata (6.6 kB)
2026-09-29T20:50:24.2862675Z Collecting iniconfig>=1.0.1 (from pytest)
2026-09-29T20:50:24.2897833Z   Downloading iniconfig-2.3.0-py3-none-any.whl.metadata (2.5 kB)
2026-09-29T20:50:24.3043399Z Collecting packaging>=22 (from pytest)
2026-09-29T20:50:24.3080075Z   Downloading packaging-26.3-py3-none-any.whl.metadata (3.5 kB)
2026-09-29T20:50:24.3197710Z Collecting pluggy<2,>=1.5 (from pytest)
2026-09-29T20:50:24.3234697Z   Downloading pluggy-1.6.0-py3-none-any.whl.metadata (4.8 kB)
2026-09-29T20:50:24.3404865Z Collecting pygments>=2.7.2 (from pytest)
2026-09-29T20:50:24.3440042Z   Downloading pygments-2.21.0-py3-none-any.whl.metadata (2.5 kB)
2026-09-29T20:50:24.3515652Z Downloading pytest-9.1.1-py3-none-any.whl (386 kB)
2026-09-29T20:50:24.3677979Z Downloading pluggy-1.6.0-py3-none-any.whl (20 kB)
2026-09-29T20:50:24.3727533Z Downloading numpy-2.5.3-cp312-cp312-manylinux_2_27_x86_64.manylinux_2_28_x86_64.whl (16.7 MB)
2026-09-29T20:50:24.5186217Z    ━━━━━━━━━━━━━━━━━━━━━━━━━━━━━━━━━━━━━━━━ 16.7/16.7 MB 116.6 MB/s  0:00:00
2026-09-29T20:50:24.5221188Z Downloading iniconfig-2.3.0-py3-none-any.whl (7.5 kB)
2026-09-29T20:50:24.5271721Z Downloading packaging-26.3-py3-none-any.whl (129 kB)
2026-09-29T20:50:24.5357026Z Downloading pygments-2.21.0-py3-none-any.whl (1.3 MB)
2026-09-29T20:50:24.5452281Z    ━━━━━━━━━━━━━━━━━━━━━━━━━━━━━━━━━━━━━━━━ 1.3/1.3 MB 139.2 MB/s  0:00:00
2026-09-29T20:50:24.7747995Z Installing collected packages: pygments, pluggy, packaging, numpy, iniconfig, pytest
2026-09-29T20:50:28.2755821Z 
2026-09-29T20:50:28.2771399Z Successfully installed iniconfig-2.3.0 numpy-2.5.3 packaging-26.3 pluggy-1.6.0 pygments-2.21.0 pytest-9.1.1
2026-09-29T20:50:29.9624752Z ........................................................................ [ 26%]
2026-09-29T20:50:31.0925690Z ........................................................................ [ 52%]
2026-09-29T20:50:39.4226200Z ........................................................................ [ 79%]
2026-09-29T20:50:40.0514179Z ........................................................                 [100%]
2026-09-29T20:50:40.0515396Z ============================= slowest 15 durations =============================
2026-09-29T20:50:40.0516587Z 0.18s call     tests/unit/test_vivado_buffered_impl.py::test_single_bufg_eco_preserves_complete_endpoint_set_and_records_real_hashes
2026-09-29T20:50:40.0517976Z 0.17s call     tests/unit/test_vivado_buffered_impl.py::test_setup_or_hold_violation_is_complete_but_not_timing_pass[0.2--0.1]
2026-09-29T20:50:40.0519646Z 0.16s call     tests/unit/test_vivado_buffered_impl.py::test_setup_or_hold_violation_is_complete_but_not_timing_pass[-0.1--0.1]
2026-09-29T20:50:40.0521270Z 0.16s call     tests/unit/test_vivado_buffered_impl.py::test_unmodified_real_2018_3_reports_parse_without_promoting_baseline
2026-09-29T20:50:40.0522631Z 0.16s call     tests/unit/test_vivado_buffered_impl.py::test_setup_or_hold_violation_is_complete_but_not_timing_pass[-0.1-0.1]
2026-09-29T20:50:40.0524002Z 0.16s call     tests/unit/test_vivado_buffered_impl.py::test_postroute_optimization_endpoint_change_is_recorded_separately_from_eco
2026-09-29T20:50:40.0525332Z 0.15s call     tests/unit/test_vivado_buffered_impl.py::test_certutil_localized_and_space_separated_digest_parser
2026-09-29T20:50:40.0526613Z 0.15s call     tests/unit/test_vivado_buffered_impl.py::test_pulse_or_failing_endpoints_prevent_timing_pass[0.025-0-failing3]
2026-09-29T20:50:40.0528004Z 0.15s call     tests/unit/test_vivado_buffered_impl.py::test_pulse_or_failing_endpoints_prevent_timing_pass[-0.001--0.001-failing0]
2026-09-29T20:50:40.0529373Z 0.15s call     tests/unit/test_vivado_buffered_impl.py::test_pulse_or_failing_endpoints_prevent_timing_pass[0.025--0.001-failing2]
2026-09-29T20:50:40.0530882Z 0.15s call     tests/unit/test_vivado_buffered_impl.py::test_pulse_or_failing_endpoints_prevent_timing_pass[0.025-0-failing4]
2026-09-29T20:50:40.0532217Z 0.15s call     tests/unit/test_vivado_buffered_impl.py::test_pulse_or_failing_endpoints_prevent_timing_pass[-0.001-0-failing1]
2026-09-29T20:50:40.0533519Z 0.15s call     tests/unit/test_vivado_buffered_impl.py::test_pulse_or_failing_endpoints_prevent_timing_pass[0.025-0-failing5]
2026-09-29T20:50:40.0534666Z 0.13s call     tests/unit/test_vivado_buffered_impl.py::test_nonfinite_slack_cannot_pass[NaN-0.1]
2026-09-29T20:50:40.0535659Z 0.12s call     tests/unit/test_vivado_buffered_impl.py::test_nonfinite_slack_cannot_pass[0-]
2026-09-29T20:50:40.0536376Z 272 passed in 11.17s
