Copyright 1986-2018 Xilinx, Inc. All Rights Reserved.
---------------------------------------------------------------------------------------------------------------------------------------------------------------------
| Tool Version : Vivado v.2018.3 (win64) Build 2405991 Thu Dec  6 23:38:27 MST 2018
| Date         : Wed Sep 30 09:45:53 2026
| Host         : REEDZHAO running 64-bit major release  (build 9200)
| Command      : report_timing_summary -report_unconstrained -file C:/Users/Administrator/adc_rtl_vivado/run.c97c940ad1274c699c40b8c78ff00602/out/timing_summary.rpt
| Design       : sar20_digital_core
| Device       : 7vx690t-ffg1761
| Speed File   : -2  PRODUCTION 1.11 2014-09-11
---------------------------------------------------------------------------------------------------------------------------------------------------------------------

Timing Summary Report

------------------------------------------------------------------------------------------------
| Timer Settings
| --------------
------------------------------------------------------------------------------------------------

  Enable Multi Corner Analysis               :  Yes
  Enable Pessimism Removal                   :  Yes
  Pessimism Removal Resolution               :  Nearest Common Node
  Enable Input Delay Default Clock           :  No
  Enable Preset / Clear Arcs                 :  No
  Disable Flight Delays                      :  No
  Ignore I/O Paths                           :  No
  Timing Early Launch at Borrowing Latches   :  false

  Corner  Analyze    Analyze    
  Name    Max Paths  Min Paths  
  ------  ---------  ---------  
  Slow    Yes        Yes        
  Fast    Yes        Yes        



check_timing report

Table of Contents
-----------------
1. checking no_clock
2. checking constant_clock
3. checking pulse_width_clock
4. checking unconstrained_internal_endpoints
5. checking no_input_delay
6. checking no_output_delay
7. checking multiple_clock
8. checking generated_clocks
9. checking loops
10. checking partial_input_delay
11. checking partial_output_delay
12. checking latch_loops

1. checking no_clock
--------------------
 There are 0 register/latch pins with no clock.


2. checking constant_clock
--------------------------
 There are 0 register/latch pins with constant_clock.


3. checking pulse_width_clock
-----------------------------
 There are 0 register/latch pins which need pulse_width check


4. checking unconstrained_internal_endpoints
--------------------------------------------
 There are 0 pins that are not constrained for maximum delay.

 There are 0 pins that are not constrained for maximum delay due to constant clock.


5. checking no_input_delay
--------------------------
 There are 0 input ports with no input delay specified.

 There are 0 input ports with no input delay but user has a false path constraint.


6. checking no_output_delay
---------------------------
 There are 0 ports with no output delay specified.

 There are 0 ports with no output delay but user has a false path constraint

 There are 0 ports with no output delay but with a timing clock defined on it or propagating through it


7. checking multiple_clock
--------------------------
 There are 0 register/latch pins with multiple clocks.


8. checking generated_clocks
----------------------------
 There are 0 generated clocks that are not connected to a clock source.


9. checking loops
-----------------
 There are 0 combinational loops in the design.


10. checking partial_input_delay
--------------------------------
 There are 0 input ports with partial input delay specified.


11. checking partial_output_delay
---------------------------------
 There are 0 ports with partial output delay specified.


12. checking latch_loops
------------------------
 There are 0 combinational latch loops in the design through latch input



------------------------------------------------------------------------------------------------
| Design Timing Summary
| ---------------------
------------------------------------------------------------------------------------------------

    WNS(ns)      TNS(ns)  TNS Failing Endpoints  TNS Total Endpoints      WHS(ns)      THS(ns)  THS Failing Endpoints  THS Total Endpoints     WPWS(ns)     TPWS(ns)  TPWS Failing Endpoints  TPWS Total Endpoints  
    -------      -------  ---------------------  -------------------      -------      -------  ---------------------  -------------------     --------     --------  ----------------------  --------------------  
     10.640        0.000                      0               200389       -0.264   -14943.110                  60455               200389       12.150        0.000                       0                 66520  


Timing constraints are not met.


------------------------------------------------------------------------------------------------
| Clock Summary
| -------------
------------------------------------------------------------------------------------------------

Clock     Waveform(ns)       Period(ns)      Frequency(MHz)
-----     ------------       ----------      --------------
core_clk  {0.000 12.500}     25.000          40.000          


------------------------------------------------------------------------------------------------
| Intra Clock Table
| -----------------
------------------------------------------------------------------------------------------------

Clock             WNS(ns)      TNS(ns)  TNS Failing Endpoints  TNS Total Endpoints      WHS(ns)      THS(ns)  THS Failing Endpoints  THS Total Endpoints     WPWS(ns)     TPWS(ns)  TPWS Failing Endpoints  TPWS Total Endpoints  
-----             -------      -------  ---------------------  -------------------      -------      -------  ---------------------  -------------------     --------     --------  ----------------------  --------------------  
core_clk           10.640        0.000                      0               200389       -0.264   -14943.110                  60455               200389       12.150        0.000                       0                 66520  


------------------------------------------------------------------------------------------------
| Inter Clock Table
| -----------------
------------------------------------------------------------------------------------------------

From Clock    To Clock          WNS(ns)      TNS(ns)  TNS Failing Endpoints  TNS Total Endpoints      WHS(ns)      THS(ns)  THS Failing Endpoints  THS Total Endpoints  
----------    --------          -------      -------  ---------------------  -------------------      -------      -------  ---------------------  -------------------  


------------------------------------------------------------------------------------------------
| Other Path Groups Table
| -----------------------
------------------------------------------------------------------------------------------------

Path Group    From Clock    To Clock          WNS(ns)      TNS(ns)  TNS Failing Endpoints  TNS Total Endpoints      WHS(ns)      THS(ns)  THS Failing Endpoints  THS Total Endpoints  
----------    ----------    --------          -------      -------  ---------------------  -------------------      -------      -------  ---------------------  -------------------  


------------------------------------------------------------------------------------------------
| User Ignored Path Table
| -----------------------
------------------------------------------------------------------------------------------------

Path Group    From Clock    To Clock    
----------    ----------    --------    


------------------------------------------------------------------------------------------------
| Unconstrained Path Table
| ------------------------
------------------------------------------------------------------------------------------------

Path Group    From Clock    To Clock    
----------    ----------    --------    


------------------------------------------------------------------------------------------------
| Timing Details
| --------------
------------------------------------------------------------------------------------------------


---------------------------------------------------------------------------------------------------
From Clock:  core_clk
  To Clock:  core_clk

Setup :            0  Failing Endpoints,  Worst Slack       10.640ns,  Total Violation        0.000ns
Hold  :        60455  Failing Endpoints,  Worst Slack       -0.264ns,  Total Violation   -14943.111ns
PW    :            0  Failing Endpoints,  Worst Slack       12.150ns,  Total Violation        0.000ns
---------------------------------------------------------------------------------------------------


Max Delay Paths
--------------------------------------------------------------------------------------
Slack (MET) :             10.640ns  (required time - arrival time)
  Source:                 u_recon/u_div/rem_reg[0]/C
                            (rising edge-triggered cell FDRE clocked by core_clk  {rise@0.000ns fall@12.500ns period=25.000ns})
  Destination:            u_recon/u_div/q_reg[60]/D
                            (rising edge-triggered cell FDRE clocked by core_clk  {rise@0.000ns fall@12.500ns period=25.000ns})
  Path Group:             core_clk
  Path Type:              Setup (Max at Slow Process Corner)
  Requirement:            25.000ns  (core_clk rise@25.000ns - core_clk rise@0.000ns)
  Data Path Delay:        14.312ns  (logic 8.404ns (58.720%)  route 5.908ns (41.280%))
  Logic Levels:           110  (CARRY4=93 LUT1=1 LUT2=5 LUT3=1 LUT4=1 LUT5=1 LUT6=8)
  Clock Path Skew:        -0.027ns (DCD - SCD + CPR)
    Destination Clock Delay (DCD):    0.510ns = ( 25.510 - 25.000 ) 
    Source Clock Delay      (SCD):    0.537ns
    Clock Pessimism Removal (CPR):    0.000ns
  Clock Uncertainty:      0.085ns  ((TSJ^2 + TIJ^2)^1/2 + DJ) / 2 + PE + UU
    Total System Jitter     (TSJ):    0.071ns
    Total Input Jitter      (TIJ):    0.000ns
    Discrete Jitter          (DJ):    0.000ns
    Phase Error              (PE):    0.000ns
    User Uncertainty         (UU):    0.050ns

    Location             Delay type                Incr(ns)  Path(ns)    Netlist Resource(s)
  -------------------------------------------------------------------    -------------------
                         (clock core_clk rise edge)
                                                      0.000     0.000 r  
                                                      0.000     0.000 r  clk (IN)
                         net (fo=66535, unset)        0.537     0.537    u_recon/u_div/clk
                         FDRE                                         r  u_recon/u_div/rem_reg[0]/C
  -------------------------------------------------------------------    -------------------
                         FDRE (Prop_fdre_C_Q)         0.259     0.796 r  u_recon/u_div/rem_reg[0]/Q
                         net (fo=6, unplaced)         0.299     1.095    u_recon/u_div/rem[0]
                         LUT2 (Prop_lut2_I0_O)        0.123     1.218 r  u_recon/u_div/rem[7]_i_12/O
                         net (fo=1, unplaced)         0.000     1.218    u_recon/u_div/rem[7]_i_12_n_0
                         CARRY4 (Prop_carry4_S[1]_CO[3])
                                                      0.256     1.474 r  u_recon/u_div/rem_reg[7]_i_9/CO[3]
                         net (fo=1, unplaced)         0.000     1.474    u_recon/u_div/rem_reg[7]_i_9_n_0
                         CARRY4 (Prop_carry4_CI_CO[3])
                                                      0.054     1.528 r  u_recon/u_div/rem_reg[11]_i_9/CO[3]
                         net (fo=1, unplaced)         0.000     1.528    u_recon/u_div/rem_reg[11]_i_9_n_0
                         CARRY4 (Prop_carry4_CI_CO[3])
                                                      0.054     1.582 r  u_recon/u_div/rem_reg[15]_i_9/CO[3]
                         net (fo=1, unplaced)         0.000     1.582    u_recon/u_div/rem_reg[15]_i_9_n_0
                         CARRY4 (Prop_carry4_CI_CO[3])
                                                      0.054     1.636 r  u_recon/u_div/rem_reg[19]_i_9/CO[3]
                         net (fo=1, unplaced)         0.000     1.636    u_recon/u_div/rem_reg[19]_i_9_n_0
                         CARRY4 (Prop_carry4_CI_CO[3])
                                                      0.054     1.690 r  u_recon/u_div/rem_reg[23]_i_9/CO[3]
                         net (fo=1, unplaced)         0.000     1.690    u_recon/u_div/rem_reg[23]_i_9_n_0
                         CARRY4 (Prop_carry4_CI_CO[3])
                                                      0.054     1.744 r  u_recon/u_div/rem_reg[27]_i_9/CO[3]
                         net (fo=1, unplaced)         0.000     1.744    u_recon/u_div/rem_reg[27]_i_9_n_0
                         CARRY4 (Prop_carry4_CI_CO[3])
                                                      0.054     1.798 r  u_recon/u_div/rem_reg[31]_i_9/CO[3]
                         net (fo=1, unplaced)         0.000     1.798    u_recon/u_div/rem_reg[31]_i_9_n_0
                         CARRY4 (Prop_carry4_CI_CO[3])
                                                      0.054     1.852 r  u_recon/u_div/rem_reg[35]_i_9/CO[3]
                         net (fo=1, unplaced)         0.000     1.852    u_recon/u_div/rem_reg[35]_i_9_n_0
                         CARRY4 (Prop_carry4_CI_CO[3])
                                                      0.054     1.906 r  u_recon/u_div/rem_reg[39]_i_9/CO[3]
                         net (fo=1, unplaced)         0.000     1.906    u_recon/u_div/rem_reg[39]_i_9_n_0
                         CARRY4 (Prop_carry4_CI_CO[3])
                                                      0.054     1.960 r  u_recon/u_div/rem_reg[43]_i_9/CO[3]
                         net (fo=1, unplaced)         0.000     1.960    u_recon/u_div/rem_reg[43]_i_9_n_0
                         CARRY4 (Prop_carry4_CI_CO[3])
                                                      0.054     2.014 r  u_recon/u_div/rem_reg[47]_i_9/CO[3]
                         net (fo=1, unplaced)         0.000     2.014    u_recon/u_div/rem_reg[47]_i_9_n_0
                         CARRY4 (Prop_carry4_CI_CO[3])
                                                      0.054     2.068 r  u_recon/u_div/rem_reg[51]_i_9/CO[3]
                         net (fo=1, unplaced)         0.000     2.068    u_recon/u_div/rem_reg[51]_i_9_n_0
                         CARRY4 (Prop_carry4_CI_CO[3])
                                                      0.054     2.122 r  u_recon/u_div/rem_reg[55]_i_9/CO[3]
                         net (fo=1, unplaced)         0.000     2.122    u_recon/u_div/rem_reg[55]_i_9_n_0
                         CARRY4 (Prop_carry4_CI_CO[3])
                                                      0.054     2.176 r  u_recon/u_div/rem_reg[59]_i_9/CO[3]
                         net (fo=1, unplaced)         0.000     2.176    u_recon/u_div/rem_reg[59]_i_9_n_0
                         CARRY4 (Prop_carry4_CI_CO[3])
                                                      0.054     2.230 r  u_recon/u_div/quo_reg[4]_i_3/CO[3]
                         net (fo=1, unplaced)         0.000     2.230    u_recon/u_div/quo_reg[4]_i_3_n_0
                         CARRY4 (Prop_carry4_CI_CO[2])
                                                      0.124     2.354 r  u_recon/u_div/quo_reg[4]_i_2/CO[2]
                         net (fo=188, unplaced)       0.385     2.739    u_recon/u_div/quo_reg[4]_i_2_n_1
                         LUT4 (Prop_lut4_I1_O)        0.128     2.867 r  u_recon/u_div/rem[10]_i_8/O
                         net (fo=1, unplaced)         0.192     3.059    u_recon/u_div/r_chain[1]_1[3]
                         CARRY4 (Prop_carry4_DI[0]_CO[3])
                                                      0.283     3.342 r  u_recon/u_div/rem_reg[10]_i_4/CO[3]
                         net (fo=1, unplaced)         0.000     3.342    u_recon/u_div/rem_reg[10]_i_4_n_0
                         CARRY4 (Prop_carry4_CI_CO[3])
                                                      0.054     3.396 r  u_recon/u_div/rem_reg[14]_i_4/CO[3]
                         net (fo=1, unplaced)         0.000     3.396    u_recon/u_div/rem_reg[14]_i_4_n_0
                         CARRY4 (Prop_carry4_CI_CO[3])
                                                      0.054     3.450 r  u_recon/u_div/rem_reg[18]_i_4/CO[3]
                         net (fo=1, unplaced)         0.000     3.450    u_recon/u_div/rem_reg[18]_i_4_n_0
                         CARRY4 (Prop_carry4_CI_CO[3])
                                                      0.054     3.504 r  u_recon/u_div/rem_reg[22]_i_4/CO[3]
                         net (fo=1, unplaced)         0.000     3.504    u_recon/u_div/rem_reg[22]_i_4_n_0
                         CARRY4 (Prop_carry4_CI_CO[3])
                                                      0.054     3.558 r  u_recon/u_div/rem_reg[26]_i_4/CO[3]
                         net (fo=1, unplaced)         0.000     3.558    u_recon/u_div/rem_reg[26]_i_4_n_0
                         CARRY4 (Prop_carry4_CI_CO[3])
                                                      0.054     3.612 r  u_recon/u_div/rem_reg[30]_i_4/CO[3]
                         net (fo=1, unplaced)         0.000     3.612    u_recon/u_div/rem_reg[30]_i_4_n_0
                         CARRY4 (Prop_carry4_CI_CO[3])
                                                      0.054     3.666 r  u_recon/u_div/rem_reg[34]_i_4/CO[3]
                         net (fo=1, unplaced)         0.000     3.666    u_recon/u_div/rem_reg[34]_i_4_n_0
                         CARRY4 (Prop_carry4_CI_CO[3])
                                                      0.054     3.720 r  u_recon/u_div/rem_reg[38]_i_4/CO[3]
                         net (fo=1, unplaced)         0.000     3.720    u_recon/u_div/rem_reg[38]_i_4_n_0
                         CARRY4 (Prop_carry4_CI_CO[3])
                                                      0.054     3.774 r  u_recon/u_div/rem_reg[42]_i_4/CO[3]
                         net (fo=1, unplaced)         0.000     3.774    u_recon/u_div/rem_reg[42]_i_4_n_0
                         CARRY4 (Prop_carry4_CI_CO[3])
                                                      0.054     3.828 r  u_recon/u_div/rem_reg[46]_i_4/CO[3]
                         net (fo=1, unplaced)         0.000     3.828    u_recon/u_div/rem_reg[46]_i_4_n_0
                         CARRY4 (Prop_carry4_CI_CO[3])
                                                      0.054     3.882 r  u_recon/u_div/rem_reg[50]_i_4/CO[3]
                         net (fo=1, unplaced)         0.000     3.882    u_recon/u_div/rem_reg[50]_i_4_n_0
                         CARRY4 (Prop_carry4_CI_CO[3])
                                                      0.054     3.936 r  u_recon/u_div/rem_reg[54]_i_4/CO[3]
                         net (fo=1, unplaced)         0.000     3.936    u_recon/u_div/rem_reg[54]_i_4_n_0
                         CARRY4 (Prop_carry4_CI_CO[3])
                                                      0.054     3.990 r  u_recon/u_div/rem_reg[58]_i_4/CO[3]
                         net (fo=1, unplaced)         0.000     3.990    u_recon/u_div/rem_reg[58]_i_4_n_0
                         CARRY4 (Prop_carry4_CI_CO[3])
                                                      0.054     4.044 r  u_recon/u_div/quo_reg[3]_i_3/CO[3]
                         net (fo=1, unplaced)         0.000     4.044    u_recon/u_div/quo_reg[3]_i_3_n_0
                         CARRY4 (Prop_carry4_CI_CO[2])
                                                      0.124     4.168 r  u_recon/u_div/quo_reg[3]_i_2/CO[2]
                         net (fo=67, unplaced)        0.360     4.528    u_recon/u_div/quo_reg[3]_i_2_n_1
                         LUT2 (Prop_lut2_I0_O)        0.128     4.656 r  u_recon/u_div/quo[3]_i_1/O
                         net (fo=63, unplaced)        0.358     5.014    u_recon/u_div/r_chain15_out
                         LUT6 (Prop_lut6_I1_O)        0.043     5.057 r  u_recon/u_div/rem[9]_i_7/O
                         net (fo=1, unplaced)         0.000     5.057    u_recon/u_div/rem[9]_i_7_n_0
                         CARRY4 (Prop_carry4_S[1]_CO[3])
                                                      0.256     5.313 r  u_recon/u_div/rem_reg[9]_i_4/CO[3]
                         net (fo=1, unplaced)         0.000     5.313    u_recon/u_div/rem_reg[9]_i_4_n_0
                         CARRY4 (Prop_carry4_CI_CO[3])
                                                      0.054     5.367 r  u_recon/u_div/rem_reg[13]_i_4/CO[3]
                         net (fo=1, unplaced)         0.000     5.367    u_recon/u_div/rem_reg[13]_i_4_n_0
                         CARRY4 (Prop_carry4_CI_CO[3])
                                                      0.054     5.421 r  u_recon/u_div/rem_reg[17]_i_4/CO[3]
                         net (fo=1, unplaced)         0.000     5.421    u_recon/u_div/rem_reg[17]_i_4_n_0
                         CARRY4 (Prop_carry4_CI_CO[3])
                                                      0.054     5.475 r  u_recon/u_div/rem_reg[21]_i_4/CO[3]
                         net (fo=1, unplaced)         0.000     5.475    u_recon/u_div/rem_reg[21]_i_4_n_0
                         CARRY4 (Prop_carry4_CI_CO[3])
                                                      0.054     5.529 r  u_recon/u_div/rem_reg[25]_i_4/CO[3]
                         net (fo=1, unplaced)         0.000     5.529    u_recon/u_div/rem_reg[25]_i_4_n_0
                         CARRY4 (Prop_carry4_CI_CO[3])
                                                      0.054     5.583 r  u_recon/u_div/rem_reg[29]_i_4/CO[3]
                         net (fo=1, unplaced)         0.000     5.583    u_recon/u_div/rem_reg[29]_i_4_n_0
                         CARRY4 (Prop_carry4_CI_CO[3])
                                                      0.054     5.637 r  u_recon/u_div/rem_reg[33]_i_4/CO[3]
                         net (fo=1, unplaced)         0.000     5.637    u_recon/u_div/rem_reg[33]_i_4_n_0
                         CARRY4 (Prop_carry4_CI_CO[3])
                                                      0.054     5.691 r  u_recon/u_div/rem_reg[37]_i_4/CO[3]
                         net (fo=1, unplaced)         0.000     5.691    u_recon/u_div/rem_reg[37]_i_4_n_0
                         CARRY4 (Prop_carry4_CI_CO[3])
                                                      0.054     5.745 r  u_recon/u_div/rem_reg[41]_i_4/CO[3]
                         net (fo=1, unplaced)         0.000     5.745    u_recon/u_div/rem_reg[41]_i_4_n_0
                         CARRY4 (Prop_carry4_CI_CO[3])
                                                      0.054     5.799 r  u_recon/u_div/rem_reg[45]_i_4/CO[3]
                         net (fo=1, unplaced)         0.000     5.799    u_recon/u_div/rem_reg[45]_i_4_n_0
                         CARRY4 (Prop_carry4_CI_CO[3])
                                                      0.054     5.853 r  u_recon/u_div/rem_reg[49]_i_4/CO[3]
                         net (fo=1, unplaced)         0.000     5.853    u_recon/u_div/rem_reg[49]_i_4_n_0
                         CARRY4 (Prop_carry4_CI_CO[3])
                                                      0.054     5.907 r  u_recon/u_div/rem_reg[53]_i_4/CO[3]
                         net (fo=1, unplaced)         0.000     5.907    u_recon/u_div/rem_reg[53]_i_4_n_0
                         CARRY4 (Prop_carry4_CI_CO[3])
                                                      0.054     5.961 r  u_recon/u_div/rem_reg[57]_i_4/CO[3]
                         net (fo=1, unplaced)         0.000     5.961    u_recon/u_div/rem_reg[57]_i_4_n_0
                         CARRY4 (Prop_carry4_CI_CO[3])
                                                      0.054     6.015 r  u_recon/u_div/rem_reg[61]_i_11/CO[3]
                         net (fo=1, unplaced)         0.000     6.015    u_recon/u_div/rem_reg[61]_i_11_n_0
                         CARRY4 (Prop_carry4_CI_CO[2])
                                                      0.124     6.139 r  u_recon/u_div/quo_reg[2]_i_2/CO[2]
                         net (fo=186, unplaced)       0.385     6.524    u_recon/u_div/quo_reg[2]_i_2_n_1
                         LUT2 (Prop_lut2_I0_O)        0.128     6.652 r  u_recon/u_div/quo[2]_i_1/O
                         net (fo=62, unplaced)        0.358     7.010    u_recon/u_div/r_chain17_out
                         LUT6 (Prop_lut6_I3_O)        0.043     7.053 r  u_recon/u_div/rem[3]_i_15/O
                         net (fo=1, unplaced)         0.000     7.053    u_recon/u_div/rem[3]_i_15_n_0
                         CARRY4 (Prop_carry4_S[2]_CO[3])
                                                      0.183     7.236 r  u_recon/u_div/rem_reg[3]_i_3/CO[3]
                         net (fo=1, unplaced)         0.000     7.236    u_recon/u_div/rem_reg[3]_i_3_n_0
                         CARRY4 (Prop_carry4_CI_CO[3])
                                                      0.054     7.290 r  u_recon/u_div/rem_reg[8]_i_4/CO[3]
                         net (fo=1, unplaced)         0.000     7.290    u_recon/u_div/rem_reg[8]_i_4_n_0
                         CARRY4 (Prop_carry4_CI_CO[3])
                                                      0.054     7.344 r  u_recon/u_div/rem_reg[12]_i_4/CO[3]
                         net (fo=1, unplaced)         0.000     7.344    u_recon/u_div/rem_reg[12]_i_4_n_0
                         CARRY4 (Prop_carry4_CI_CO[3])
                                                      0.054     7.398 r  u_recon/u_div/rem_reg[16]_i_4/CO[3]
                         net (fo=1, unplaced)         0.000     7.398    u_recon/u_div/rem_reg[16]_i_4_n_0
                         CARRY4 (Prop_carry4_CI_CO[3])
                                                      0.054     7.452 r  u_recon/u_div/rem_reg[20]_i_4/CO[3]
                         net (fo=1, unplaced)         0.000     7.452    u_recon/u_div/rem_reg[20]_i_4_n_0
                         CARRY4 (Prop_carry4_CI_CO[3])
                                                      0.054     7.506 r  u_recon/u_div/rem_reg[24]_i_4/CO[3]
                         net (fo=1, unplaced)         0.000     7.506    u_recon/u_div/rem_reg[24]_i_4_n_0
                         CARRY4 (Prop_carry4_CI_CO[3])
                                                      0.054     7.560 r  u_recon/u_div/rem_reg[28]_i_4/CO[3]
                         net (fo=1, unplaced)         0.000     7.560    u_recon/u_div/rem_reg[28]_i_4_n_0
                         CARRY4 (Prop_carry4_CI_CO[3])
                                                      0.054     7.614 r  u_recon/u_div/rem_reg[32]_i_4/CO[3]
                         net (fo=1, unplaced)         0.000     7.614    u_recon/u_div/rem_reg[32]_i_4_n_0
                         CARRY4 (Prop_carry4_CI_CO[3])
                                                      0.054     7.668 r  u_recon/u_div/rem_reg[36]_i_4/CO[3]
                         net (fo=1, unplaced)         0.000     7.668    u_recon/u_div/rem_reg[36]_i_4_n_0
                         CARRY4 (Prop_carry4_CI_CO[3])
                                                      0.054     7.722 r  u_recon/u_div/rem_reg[40]_i_4/CO[3]
                         net (fo=1, unplaced)         0.000     7.722    u_recon/u_div/rem_reg[40]_i_4_n_0
                         CARRY4 (Prop_carry4_CI_CO[3])
                                                      0.054     7.776 r  u_recon/u_div/rem_reg[44]_i_4/CO[3]
                         net (fo=1, unplaced)         0.000     7.776    u_recon/u_div/rem_reg[44]_i_4_n_0
                         CARRY4 (Prop_carry4_CI_CO[3])
                                                      0.054     7.830 r  u_recon/u_div/rem_reg[48]_i_4/CO[3]
                         net (fo=1, unplaced)         0.000     7.830    u_recon/u_div/rem_reg[48]_i_4_n_0
                         CARRY4 (Prop_carry4_CI_CO[3])
                                                      0.054     7.884 r  u_recon/u_div/rem_reg[52]_i_4/CO[3]
                         net (fo=1, unplaced)         0.000     7.884    u_recon/u_div/rem_reg[52]_i_4_n_0
                         CARRY4 (Prop_carry4_CI_CO[3])
                                                      0.054     7.938 r  u_recon/u_div/rem_reg[56]_i_4/CO[3]
                         net (fo=1, unplaced)         0.000     7.938    u_recon/u_div/rem_reg[56]_i_4_n_0
                         CARRY4 (Prop_carry4_CI_CO[3])
                                                      0.054     7.992 r  u_recon/u_div/rem_reg[60]_i_4/CO[3]
                         net (fo=1, unplaced)         0.000     7.992    u_recon/u_div/rem_reg[60]_i_4_n_0
                         CARRY4 (Prop_carry4_CI_CO[2])
                                                      0.124     8.116 r  u_recon/u_div/rem_reg[3]_i_4/CO[2]
                         net (fo=69, unplaced)        0.360     8.476    u_recon/u_div/rem_reg[3]_i_4_n_1
                         LUT2 (Prop_lut2_I0_O)        0.128     8.604 r  u_recon/u_div/quo[1]_i_1/O
                         net (fo=61, unplaced)        0.357     8.961    u_recon/u_div/r_chain19_out
                         LUT6 (Prop_lut6_I1_O)        0.043     9.004 r  u_recon/u_div/rem[7]_i_6/O
                         net (fo=1, unplaced)         0.000     9.004    u_recon/u_div/rem[7]_i_6_n_0
                         CARRY4 (Prop_carry4_S[1]_CO[3])
                                                      0.256     9.260 r  u_recon/u_div/rem_reg[7]_i_2/CO[3]
                         net (fo=1, unplaced)         0.000     9.260    u_recon/u_div/rem_reg[7]_i_2_n_0
                         CARRY4 (Prop_carry4_CI_CO[3])
                                                      0.054     9.314 r  u_recon/u_div/rem_reg[11]_i_2/CO[3]
                         net (fo=1, unplaced)         0.000     9.314    u_recon/u_div/rem_reg[11]_i_2_n_0
                         CARRY4 (Prop_carry4_CI_CO[3])
                                                      0.054     9.368 r  u_recon/u_div/rem_reg[15]_i_2/CO[3]
                         net (fo=1, unplaced)         0.000     9.368    u_recon/u_div/rem_reg[15]_i_2_n_0
                         CARRY4 (Prop_carry4_CI_CO[3])
                                                      0.054     9.422 r  u_recon/u_div/rem_reg[19]_i_2/CO[3]
                         net (fo=1, unplaced)         0.000     9.422    u_recon/u_div/rem_reg[19]_i_2_n_0
                         CARRY4 (Prop_carry4_CI_CO[3])
                                                      0.054     9.476 r  u_recon/u_div/rem_reg[23]_i_2/CO[3]
                         net (fo=1, unplaced)         0.000     9.476    u_recon/u_div/rem_reg[23]_i_2_n_0
                         CARRY4 (Prop_carry4_CI_CO[3])
                                                      0.054     9.530 r  u_recon/u_div/rem_reg[27]_i_2/CO[3]
                         net (fo=1, unplaced)         0.000     9.530    u_recon/u_div/rem_reg[27]_i_2_n_0
                         CARRY4 (Prop_carry4_CI_CO[3])
                                                      0.054     9.584 r  u_recon/u_div/rem_reg[31]_i_2/CO[3]
                         net (fo=1, unplaced)         0.000     9.584    u_recon/u_div/rem_reg[31]_i_2_n_0
                         CARRY4 (Prop_carry4_CI_CO[3])
                                                      0.054     9.638 r  u_recon/u_div/rem_reg[35]_i_2/CO[3]
                         net (fo=1, unplaced)         0.000     9.638    u_recon/u_div/rem_reg[35]_i_2_n_0
                         CARRY4 (Prop_carry4_CI_CO[3])
                                                      0.054     9.692 r  u_recon/u_div/rem_reg[39]_i_2/CO[3]
                         net (fo=1, unplaced)         0.000     9.692    u_recon/u_div/rem_reg[39]_i_2_n_0
                         CARRY4 (Prop_carry4_CI_CO[3])
                                                      0.054     9.746 r  u_recon/u_div/rem_reg[43]_i_2/CO[3]
                         net (fo=1, unplaced)         0.000     9.746    u_recon/u_div/rem_reg[43]_i_2_n_0
                         CARRY4 (Prop_carry4_CI_CO[3])
                                                      0.054     9.800 r  u_recon/u_div/rem_reg[47]_i_2/CO[3]
                         net (fo=1, unplaced)         0.000     9.800    u_recon/u_div/rem_reg[47]_i_2_n_0
                         CARRY4 (Prop_carry4_CI_CO[3])
                                                      0.054     9.854 r  u_recon/u_div/rem_reg[51]_i_2/CO[3]
                         net (fo=1, unplaced)         0.000     9.854    u_recon/u_div/rem_reg[51]_i_2_n_0
                         CARRY4 (Prop_carry4_CI_CO[3])
                                                      0.054     9.908 r  u_recon/u_div/rem_reg[55]_i_2/CO[3]
                         net (fo=1, unplaced)         0.000     9.908    u_recon/u_div/rem_reg[55]_i_2_n_0
                         CARRY4 (Prop_carry4_CI_CO[3])
                                                      0.054     9.962 r  u_recon/u_div/rem_reg[59]_i_2/CO[3]
                         net (fo=1, unplaced)         0.000     9.962    u_recon/u_div/rem_reg[59]_i_2_n_0
                         CARRY4 (Prop_carry4_CI_CO[3])
                                                      0.054    10.016 r  u_recon/u_div/rem_reg[61]_i_4/CO[3]
                         net (fo=65, unplaced)        0.501    10.517    u_recon/u_div/rem_reg[61]_i_4_n_0
                         LUT2 (Prop_lut2_I0_O)        0.043    10.560 r  u_recon/u_div/quo[0]_i_1/O
                         net (fo=12, unplaced)        0.455    11.015    u_recon/u_div/r_chain111_out
                         LUT6 (Prop_lut6_I2_O)        0.043    11.058 f  u_recon/u_div/q[0]_i_23/O
                         net (fo=1, unplaced)         0.270    11.328    u_recon/u_div/q[0]_i_23_n_0
                         LUT5 (Prop_lut5_I4_O)        0.043    11.371 f  u_recon/u_div/q[0]_i_22/O
                         net (fo=1, unplaced)         0.270    11.641    u_recon/u_div/q[0]_i_22_n_0
                         LUT6 (Prop_lut6_I5_O)        0.043    11.684 f  u_recon/u_div/q[0]_i_18/O
                         net (fo=1, unplaced)         0.270    11.954    u_recon/u_div/q[0]_i_18_n_0
                         LUT6 (Prop_lut6_I5_O)        0.043    11.997 r  u_recon/u_div/q[0]_i_12/O
                         net (fo=1, unplaced)         0.270    12.267    u_recon/u_div/q[0]_i_12_n_0
                         LUT6 (Prop_lut6_I0_O)        0.043    12.310 r  u_recon/u_div/q[0]_i_9/O
                         net (fo=1, unplaced)         0.270    12.580    u_recon/u_div/q[0]_i_9_n_0
                         LUT6 (Prop_lut6_I5_O)        0.043    12.623 r  u_recon/u_div/q[0]_i_6/O
                         net (fo=1, unplaced)         0.000    12.623    u_recon/u_div/q[0]_i_6_n_0
                         CARRY4 (Prop_carry4_S[0]_CO[3])
                                                      0.246    12.869 r  u_recon/u_div/q_reg[0]_i_2/CO[3]
                         net (fo=1, unplaced)         0.000    12.869    u_recon/u_div/q_reg[0]_i_2_n_0
                         CARRY4 (Prop_carry4_CI_CO[3])
                                                      0.054    12.923 r  u_recon/u_div/q_reg[8]_i_7/CO[3]
                         net (fo=1, unplaced)         0.000    12.923    u_recon/u_div/q_reg[8]_i_7_n_0
                         CARRY4 (Prop_carry4_CI_CO[3])
                                                      0.054    12.977 r  u_recon/u_div/q_reg[12]_i_7/CO[3]
                         net (fo=1, unplaced)         0.000    12.977    u_recon/u_div/q_reg[12]_i_7_n_0
                         CARRY4 (Prop_carry4_CI_CO[3])
                                                      0.054    13.031 r  u_recon/u_div/q_reg[16]_i_7/CO[3]
                         net (fo=1, unplaced)         0.000    13.031    u_recon/u_div/q_reg[16]_i_7_n_0
                         CARRY4 (Prop_carry4_CI_CO[3])
                                                      0.054    13.085 r  u_recon/u_div/q_reg[20]_i_7/CO[3]
                         net (fo=1, unplaced)         0.000    13.085    u_recon/u_div/q_reg[20]_i_7_n_0
                         CARRY4 (Prop_carry4_CI_CO[3])
                                                      0.054    13.139 r  u_recon/u_div/q_reg[24]_i_7/CO[3]
                         net (fo=1, unplaced)         0.000    13.139    u_recon/u_div/q_reg[24]_i_7_n_0
                         CARRY4 (Prop_carry4_CI_CO[3])
                                                      0.054    13.193 r  u_recon/u_div/q_reg[28]_i_7/CO[3]
                         net (fo=1, unplaced)         0.000    13.193    u_recon/u_div/q_reg[28]_i_7_n_0
                         CARRY4 (Prop_carry4_CI_CO[3])
                                                      0.054    13.247 r  u_recon/u_div/q_reg[32]_i_7/CO[3]
                         net (fo=1, unplaced)         0.000    13.247    u_recon/u_div/q_reg[32]_i_7_n_0
                         CARRY4 (Prop_carry4_CI_CO[3])
                                                      0.054    13.301 r  u_recon/u_div/q_reg[36]_i_7/CO[3]
                         net (fo=1, unplaced)         0.000    13.301    u_recon/u_div/q_reg[36]_i_7_n_0
                         CARRY4 (Prop_carry4_CI_CO[3])
                                                      0.054    13.355 r  u_recon/u_div/q_reg[40]_i_7/CO[3]
                         net (fo=1, unplaced)         0.000    13.355    u_recon/u_div/q_reg[40]_i_7_n_0
                         CARRY4 (Prop_carry4_CI_CO[3])
                                                      0.054    13.409 r  u_recon/u_div/q_reg[44]_i_7/CO[3]
                         net (fo=1, unplaced)         0.000    13.409    u_recon/u_div/q_reg[44]_i_7_n_0
                         CARRY4 (Prop_carry4_CI_CO[3])
                                                      0.054    13.463 r  u_recon/u_div/q_reg[48]_i_7/CO[3]
                         net (fo=1, unplaced)         0.000    13.463    u_recon/u_div/q_reg[48]_i_7_n_0
                         CARRY4 (Prop_carry4_CI_CO[3])
                                                      0.054    13.517 r  u_recon/u_div/q_reg[52]_i_7/CO[3]
                         net (fo=1, unplaced)         0.000    13.517    u_recon/u_div/q_reg[52]_i_7_n_0
                         CARRY4 (Prop_carry4_CI_O[2])
                                                      0.120    13.637 f  u_recon/u_div/q_reg[56]_i_7/O[2]
                         net (fo=1, unplaced)         0.270    13.907    u_div/q2[54]
                         LUT1 (Prop_lut1_I0_O)        0.127    14.034 r  q[56]_i_5/O
                         net (fo=1, unplaced)         0.000    14.034    q[56]_i_5_n_0
                         CARRY4 (Prop_carry4_S[1]_CO[3])
                                                      0.256    14.290 r  q_reg[56]_i_2/CO[3]
                         net (fo=1, unplaced)         0.000    14.290    q_reg[56]_i_2_n_0
                         CARRY4 (Prop_carry4_CI_O[3])
                                                      0.157    14.447 r  q_reg[60]_i_2/O[3]
                         net (fo=1, unplaced)         0.278    14.725    u_recon/u_div/q_reg[62]_1[55]
                         LUT3 (Prop_lut3_I0_O)        0.124    14.849 r  u_recon/u_div/q[60]_i_1/O
                         net (fo=1, unplaced)         0.000    14.849    u_recon/u_div/q[60]_i_1_n_0
                         FDRE                                         r  u_recon/u_div/q_reg[60]/D
  -------------------------------------------------------------------    -------------------

                         (clock core_clk rise edge)
                                                     25.000    25.000 r  
                                                      0.000    25.000 r  clk (IN)
                         net (fo=66535, unset)        0.510    25.510    u_recon/u_div/clk
                         FDRE                                         r  u_recon/u_div/q_reg[60]/C
                         clock pessimism              0.000    25.510    
                         clock uncertainty           -0.085    25.425    
                         FDRE (Setup_fdre_C_D)        0.064    25.489    u_recon/u_div/q_reg[60]
  -------------------------------------------------------------------
                         required time                         25.489    
                         arrival time                         -14.849    
  -------------------------------------------------------------------
                         slack                                 10.640    





Min Delay Paths
--------------------------------------------------------------------------------------
Slack (VIOLATED) :        -0.264ns  (arrival time - required time)
  Source:                 cfg_validate
                            (input port clocked by core_clk  {rise@0.000ns fall@12.500ns period=25.000ns})
  Destination:            bus_err_reg[0]/D
                            (rising edge-triggered cell FDRE clocked by core_clk  {rise@0.000ns fall@12.500ns period=25.000ns})
  Path Group:             core_clk
  Path Type:              Hold (Min at Slow Process Corner)
  Requirement:            0.000ns  (core_clk rise@0.000ns - core_clk rise@0.000ns)
  Data Path Delay:        0.546ns  (logic 0.036ns (6.592%)  route 0.510ns (93.408%))
  Logic Levels:           1  (LUT6=1)
  Input Delay:            0.000ns
  Clock Path Skew:        0.537ns (DCD - SCD - CPR)
    Destination Clock Delay (DCD):    0.537ns
    Source Clock Delay      (SCD):    0.000ns
    Clock Pessimism Removal (CPR):    -0.000ns
  Clock Uncertainty:      0.085ns  ((TSJ^2 + TIJ^2)^1/2 + DJ) / 2 + PE + UU
    Total System Jitter     (TSJ):    0.071ns
    Total Input Jitter      (TIJ):    0.000ns
    Discrete Jitter          (DJ):    0.000ns
    Phase Error              (PE):    0.000ns
    User Uncertainty         (UU):    0.050ns

    Location             Delay type                Incr(ns)  Path(ns)    Netlist Resource(s)
  -------------------------------------------------------------------    -------------------
                         (clock core_clk rise edge)
                                                      0.000     0.000 r  
                         input delay                  0.000     0.000    
                                                      0.000     0.000 f  cfg_validate (IN)
                         net (fo=16, unset)           0.510     0.510    u_calib/cfg_validate
                         LUT6 (Prop_lut6_I3_O)        0.036     0.546 r  u_calib/bus_err[0]_i_1/O
                         net (fo=1, unplaced)         0.000     0.546    u_calib_n_2426
                         FDRE                                         r  bus_err_reg[0]/D
  -------------------------------------------------------------------    -------------------

                         (clock core_clk rise edge)
                                                      0.000     0.000 r  
                                                      0.000     0.000 r  clk (IN)
                         net (fo=66535, unset)        0.537     0.537    clk
                         FDRE                                         r  bus_err_reg[0]/C
                         clock pessimism              0.000     0.537    
                         clock uncertainty            0.085     0.622    
                         FDRE (Hold_fdre_C_D)         0.188     0.810    bus_err_reg[0]
  -------------------------------------------------------------------
                         required time                         -0.810    
                         arrival time                           0.546    
  -------------------------------------------------------------------
                         slack                                 -0.264    





Pulse Width Checks
--------------------------------------------------------------------------------------
Clock Name:         core_clk
Waveform(ns):       { 0.000 12.500 }
Period(ns):         25.000
Sources:            { clk }

Check Type        Corner  Lib Pin  Reference Pin  Required(ns)  Actual(ns)  Slack(ns)  Location  Pin
Min Period        n/a     FDRE/C   n/a            0.700         25.000      24.300               bus_err_reg[0]/C
Low Pulse Width   Fast    FDRE/C   n/a            0.350         12.500      12.150               bus_err_reg[0]/C
High Pulse Width  Slow    FDRE/C   n/a            0.350         12.500      12.150               bus_err_reg[0]/C



