%Warning-TIMESCALEMOD: rtl/core/adc2_dec.sv:47:8: Timescale missing on this module as other modules have it (IEEE 1800-2017 3.14.2.3)
   47 | module adc2_dec #(
      |        ^~~~~~~~
                       sim/tb/engineering_fsm_tb.sv:6:8: ... Location of module with timescale
    6 | module engineering_fsm_tb;
      |        ^~~~~~~~~~~~~~~~~~
                       ... For warning description see https://verilator.org/warn/TIMESCALEMOD?v=5.020
                       ... Use "/* verilator lint_off TIMESCALEMOD */" and lint_on around source to disable this message.
%Warning-TIMESCALEMOD: rtl/core/analog_phase_ctrl.sv:12:8: Timescale missing on this module as other modules have it (IEEE 1800-2017 3.14.2.3)
   12 | module analog_phase_ctrl #(
      |        ^~~~~~~~~~~~~~~~~
                       sim/tb/engineering_fsm_tb.sv:6:8: ... Location of module with timescale
    6 | module engineering_fsm_tb;
      |        ^~~~~~~~~~~~~~~~~~
%Warning-TIMESCALEMOD: rtl/core/cal_output_stage.sv:20:8: Timescale missing on this module as other modules have it (IEEE 1800-2017 3.14.2.3)
   20 | module cal_output_stage #(
      |        ^~~~~~~~~~~~~~~~
                       sim/tb/engineering_fsm_tb.sv:6:8: ... Location of module with timescale
    6 | module engineering_fsm_tb;
      |        ^~~~~~~~~~~~~~~~~~
%Warning-TIMESCALEMOD: rtl/core/cal_residue_mac.sv:24:8: Timescale missing on this module as other modules have it (IEEE 1800-2017 3.14.2.3)
   24 | module cal_residue_mac #(
      |        ^~~~~~~~~~~~~~~
                       sim/tb/engineering_fsm_tb.sv:6:8: ... Location of module with timescale
    6 | module engineering_fsm_tb;
      |        ^~~~~~~~~~~~~~~~~~
%Warning-TIMESCALEMOD: rtl/core/cal_sample_context.sv:12:8: Timescale missing on this module as other modules have it (IEEE 1800-2017 3.14.2.3)
   12 | module cal_sample_context (
      |        ^~~~~~~~~~~~~~~~~~
                       sim/tb/engineering_fsm_tb.sv:6:8: ... Location of module with timescale
    6 | module engineering_fsm_tb;
      |        ^~~~~~~~~~~~~~~~~~
%Warning-TIMESCALEMOD: rtl/core/cal_weight_reduce.sv:26:8: Timescale missing on this module as other modules have it (IEEE 1800-2017 3.14.2.3)
   26 | module cal_weight_reduce #(
      |        ^~~~~~~~~~~~~~~~~
                       sim/tb/engineering_fsm_tb.sv:6:8: ... Location of module with timescale
    6 | module engineering_fsm_tb;
      |        ^~~~~~~~~~~~~~~~~~
%Warning-TIMESCALEMOD: rtl/core/calib_regs.sv:52:8: Timescale missing on this module as other modules have it (IEEE 1800-2017 3.14.2.3)
   52 | module calib_regs #(
      |        ^~~~~~~~~~
                       sim/tb/engineering_fsm_tb.sv:6:8: ... Location of module with timescale
    6 | module engineering_fsm_tb;
      |        ^~~~~~~~~~~~~~~~~~
%Warning-TIMESCALEMOD: rtl/core/ctrl_fsm.sv:49:8: Timescale missing on this module as other modules have it (IEEE 1800-2017 3.14.2.3)
   49 | module ctrl_fsm #(
      |        ^~~~~~~~
                       sim/tb/engineering_fsm_tb.sv:6:8: ... Location of module with timescale
    6 | module engineering_fsm_tb;
      |        ^~~~~~~~~~~~~~~~~~
%Warning-TIMESCALEMOD: rtl/core/dem_addr_gen.sv:41:8: Timescale missing on this module as other modules have it (IEEE 1800-2017 3.14.2.3)
   41 | module dem_addr_gen #(
      |        ^~~~~~~~~~~~
                       sim/tb/engineering_fsm_tb.sv:6:8: ... Location of module with timescale
    6 | module engineering_fsm_tb;
      |        ^~~~~~~~~~~~~~~~~~
%Warning-TIMESCALEMOD: rtl/core/dem_state_gen.sv:47:8: Timescale missing on this module as other modules have it (IEEE 1800-2017 3.14.2.3)
   47 | module dem_state_gen #(
      |        ^~~~~~~~~~~~~
                       sim/tb/engineering_fsm_tb.sv:6:8: ... Location of module with timescale
    6 | module engineering_fsm_tb;
      |        ^~~~~~~~~~~~~~~~~~
%Warning-TIMESCALEMOD: rtl/core/dither_gen.sv:26:8: Timescale missing on this module as other modules have it (IEEE 1800-2017 3.14.2.3)
   26 | module dither_gen #(
      |        ^~~~~~~~~~
                       sim/tb/engineering_fsm_tb.sv:6:8: ... Location of module with timescale
    6 | module engineering_fsm_tb;
      |        ^~~~~~~~~~~~~~~~~~
%Warning-TIMESCALEMOD: rtl/core/div_floor.sv:34:8: Timescale missing on this module as other modules have it (IEEE 1800-2017 3.14.2.3)
   34 | module div_floor #(
      |        ^~~~~~~~~
                       sim/tb/engineering_fsm_tb.sv:6:8: ... Location of module with timescale
    6 | module engineering_fsm_tb;
      |        ^~~~~~~~~~~~~~~~~~
%Warning-TIMESCALEMOD: rtl/core/rdac_drv.sv:34:8: Timescale missing on this module as other modules have it (IEEE 1800-2017 3.14.2.3)
   34 | module rdac_drv (
      |        ^~~~~~~~
                       sim/tb/engineering_fsm_tb.sv:6:8: ... Location of module with timescale
    6 | module engineering_fsm_tb;
      |        ^~~~~~~~~~~~~~~~~~
%Warning-TIMESCALEMOD: rtl/core/recon_core.sv:40:8: Timescale missing on this module as other modules have it (IEEE 1800-2017 3.14.2.3)
   40 | module recon_core #(
      |        ^~~~~~~~~~
                       sim/tb/engineering_fsm_tb.sv:6:8: ... Location of module with timescale
    6 | module engineering_fsm_tb;
      |        ^~~~~~~~~~~~~~~~~~
%Warning-TIMESCALEMOD: rtl/core/sar_structural_ctrl.sv:23:8: Timescale missing on this module as other modules have it (IEEE 1800-2017 3.14.2.3)
   23 | module sar_structural_ctrl #(
      |        ^~~~~~~~~~~~~~~~~~~
                       sim/tb/engineering_fsm_tb.sv:6:8: ... Location of module with timescale
    6 | module engineering_fsm_tb;
      |        ^~~~~~~~~~~~~~~~~~
%Warning-TIMESCALEMOD: rtl/core/sar_trial_ctrl.sv:13:8: Timescale missing on this module as other modules have it (IEEE 1800-2017 3.14.2.3)
   13 | module sar_trial_ctrl #(
      |        ^~~~~~~~~~~~~~
                       sim/tb/engineering_fsm_tb.sv:6:8: ... Location of module with timescale
    6 | module engineering_fsm_tb;
      |        ^~~~~~~~~~~~~~~~~~
%Warning-TIMESCALEMOD: rtl/core/slice_alloc.sv:48:8: Timescale missing on this module as other modules have it (IEEE 1800-2017 3.14.2.3)
   48 | module slice_alloc (
      |        ^~~~~~~~~~~
                       sim/tb/engineering_fsm_tb.sv:6:8: ... Location of module with timescale
    6 | module engineering_fsm_tb;
      |        ^~~~~~~~~~~~~~~~~~
%Warning-TIMESCALEMOD: rtl/core/slice_pool_ctrl.sv:11:8: Timescale missing on this module as other modules have it (IEEE 1800-2017 3.14.2.3)
   11 | module slice_pool_ctrl #(parameter logic [31:0] P_SEED = 32'h6d2b79f5) (
      |        ^~~~~~~~~~~~~~~
                       sim/tb/engineering_fsm_tb.sv:6:8: ... Location of module with timescale
    6 | module engineering_fsm_tb;
      |        ^~~~~~~~~~~~~~~~~~
%Warning-TIMESCALEMOD: rtl/core/status_regs.sv:46:8: Timescale missing on this module as other modules have it (IEEE 1800-2017 3.14.2.3)
   46 | module status_regs (
      |        ^~~~~~~~~~~
                       sim/tb/engineering_fsm_tb.sv:6:8: ... Location of module with timescale
    6 | module engineering_fsm_tb;
      |        ^~~~~~~~~~~~~~~~~~
%Warning-TIMESCALEMOD: rtl/core/swap_decode.sv:40:8: Timescale missing on this module as other modules have it (IEEE 1800-2017 3.14.2.3)
   40 | module swap_decode (
      |        ^~~~~~~~~~~
                       sim/tb/engineering_fsm_tb.sv:6:8: ... Location of module with timescale
    6 | module engineering_fsm_tb;
      |        ^~~~~~~~~~~~~~~~~~
%Warning-TIMESCALEMOD: rtl/core/unit_therm.sv:39:8: Timescale missing on this module as other modules have it (IEEE 1800-2017 3.14.2.3)
   39 | module unit_therm (
      |        ^~~~~~~~~~
                       sim/tb/engineering_fsm_tb.sv:6:8: ... Location of module with timescale
    6 | module engineering_fsm_tb;
      |        ^~~~~~~~~~~~~~~~~~
%Warning-TIMESCALEMOD: rtl/core/weight_store.sv:32:8: Timescale missing on this module as other modules have it (IEEE 1800-2017 3.14.2.3)
   32 | module weight_store #(
      |        ^~~~~~~~~~~~
                       sim/tb/engineering_fsm_tb.sv:6:8: ... Location of module with timescale
    6 | module engineering_fsm_tb;
      |        ^~~~~~~~~~~~~~~~~~
%Warning-TIMESCALEMOD: rtl/top/sadc_enc.sv:32:8: Timescale missing on this module as other modules have it (IEEE 1800-2017 3.14.2.3)
   32 | module sadc_enc #(
      |        ^~~~~~~~
                       sim/tb/engineering_fsm_tb.sv:6:8: ... Location of module with timescale
    6 | module engineering_fsm_tb;
      |        ^~~~~~~~~~~~~~~~~~
%Warning-TIMESCALEMOD: rtl/top/sar20_digital_core.sv:32:8: Timescale missing on this module as other modules have it (IEEE 1800-2017 3.14.2.3)
   32 | module sar20_digital_core #(
      |        ^~~~~~~~~~~~~~~~~~
                       sim/tb/engineering_fsm_tb.sv:6:8: ... Location of module with timescale
    6 | module engineering_fsm_tb;
      |        ^~~~~~~~~~~~~~~~~~
g++ -Os  -I.  -MMD -I/tmp/sar_verilator_5_020_build/verilator-5.020/include -I/tmp/sar_verilator_5_020_build/verilator-5.020/include/vltstd -DVM_COVERAGE=0 -DVM_SC=0 -DVM_TRACE=0 -DVM_TRACE_FST=0 -DVM_TRACE_VCD=0 -faligned-new -fbracket-depth=4096 -fcf-protection=none -Qunused-arguments -Wno-bool-operation -Wno-c++11-narrowing -Wno-constant-logical-operand -Wno-non-pod-varargs -Wno-overloaded-virtual -Wno-parentheses-equality -Wno-shadow -Wno-sign-compare -Wno-tautological-bitwise-compare -Wno-uninitialized -Wno-unused-but-set-parameter -Wno-unused-but-set-variable -Wno-unused-parameter -Wno-unused-variable     -std=c++20 -I/tmp/sar_verilator_5_020_build/compat -DVL_TIME_CONTEXT    -c -o verilated.o /tmp/sar_verilator_5_020_build/verilator-5.020/include/verilated.cpp
g++ -Os  -I.  -MMD -I/tmp/sar_verilator_5_020_build/verilator-5.020/include -I/tmp/sar_verilator_5_020_build/verilator-5.020/include/vltstd -DVM_COVERAGE=0 -DVM_SC=0 -DVM_TRACE=0 -DVM_TRACE_FST=0 -DVM_TRACE_VCD=0 -faligned-new -fbracket-depth=4096 -fcf-protection=none -Qunused-arguments -Wno-bool-operation -Wno-c++11-narrowing -Wno-constant-logical-operand -Wno-non-pod-varargs -Wno-overloaded-virtual -Wno-parentheses-equality -Wno-shadow -Wno-sign-compare -Wno-tautological-bitwise-compare -Wno-uninitialized -Wno-unused-but-set-parameter -Wno-unused-but-set-variable -Wno-unused-parameter -Wno-unused-variable     -std=c++20 -I/tmp/sar_verilator_5_020_build/compat -DVL_TIME_CONTEXT    -c -o verilated_timing.o /tmp/sar_verilator_5_020_build/verilator-5.020/include/verilated_timing.cpp
In file included from /tmp/sar_verilator_5_020_build/verilator-5.020/include/verilated_timing.cpp:23:
/tmp/sar_verilator_5_020_build/verilator-5.020/include/verilated_timing.h:37:36: warning: unknown warning group '-Wdeprecated-experimental-coroutine', ignored [-Wunknown-warning-option]
   37 | #  pragma clang diagnostic ignored "-Wdeprecated-experimental-coroutine"
      |                                    ^
1 warning generated.
g++ -Os  -I.  -MMD -I/tmp/sar_verilator_5_020_build/verilator-5.020/include -I/tmp/sar_verilator_5_020_build/verilator-5.020/include/vltstd -DVM_COVERAGE=0 -DVM_SC=0 -DVM_TRACE=0 -DVM_TRACE_FST=0 -DVM_TRACE_VCD=0 -faligned-new -fbracket-depth=4096 -fcf-protection=none -Qunused-arguments -Wno-bool-operation -Wno-c++11-narrowing -Wno-constant-logical-operand -Wno-non-pod-varargs -Wno-overloaded-virtual -Wno-parentheses-equality -Wno-shadow -Wno-sign-compare -Wno-tautological-bitwise-compare -Wno-uninitialized -Wno-unused-but-set-parameter -Wno-unused-but-set-variable -Wno-unused-parameter -Wno-unused-variable     -std=c++20 -I/tmp/sar_verilator_5_020_build/compat -DVL_TIME_CONTEXT    -c -o verilated_threads.o /tmp/sar_verilator_5_020_build/verilator-5.020/include/verilated_threads.cpp
/usr/bin/python3 /tmp/sar_verilator_5_020_build/verilator-5.020/bin/verilator_includer -DVL_INCLUDE_OPT=include Vengineering_fsm_tb.cpp Vengineering_fsm_tb___024root__DepSet_h1dc5e50a__0.cpp Vengineering_fsm_tb___024root__DepSet_hc5e57c5f__0.cpp Vengineering_fsm_tb__main.cpp Vengineering_fsm_tb__ConstPool_0.cpp Vengineering_fsm_tb___024root__Slow.cpp Vengineering_fsm_tb___024root__DepSet_h1dc5e50a__0__Slow.cpp Vengineering_fsm_tb___024root__DepSet_hc5e57c5f__0__Slow.cpp Vengineering_fsm_tb___024unit__Slow.cpp Vengineering_fsm_tb___024unit__DepSet_h0b4a39f2__0__Slow.cpp Vengineering_fsm_tb__Syms.cpp > Vengineering_fsm_tb__ALL.cpp
echo "" > Vengineering_fsm_tb__ALL.verilator_deplist.tmp
g++ -Os  -I.  -MMD -I/tmp/sar_verilator_5_020_build/verilator-5.020/include -I/tmp/sar_verilator_5_020_build/verilator-5.020/include/vltstd -DVM_COVERAGE=0 -DVM_SC=0 -DVM_TRACE=0 -DVM_TRACE_FST=0 -DVM_TRACE_VCD=0 -faligned-new -fbracket-depth=4096 -fcf-protection=none -Qunused-arguments -Wno-bool-operation -Wno-c++11-narrowing -Wno-constant-logical-operand -Wno-non-pod-varargs -Wno-overloaded-virtual -Wno-parentheses-equality -Wno-shadow -Wno-sign-compare -Wno-tautological-bitwise-compare -Wno-uninitialized -Wno-unused-but-set-parameter -Wno-unused-but-set-variable -Wno-unused-parameter -Wno-unused-variable     -std=c++20 -I/tmp/sar_verilator_5_020_build/compat -DVL_TIME_CONTEXT    -c -o Vengineering_fsm_tb__ALL.o Vengineering_fsm_tb__ALL.cpp
In file included from Vengineering_fsm_tb__ALL.cpp:3:
In file included from ./Vengineering_fsm_tb.cpp:4:
In file included from ./Vengineering_fsm_tb__pch.h:23:
In file included from ./Vengineering_fsm_tb__Syms.h:17:
In file included from ./Vengineering_fsm_tb___024root.h:9:
/tmp/sar_verilator_5_020_build/verilator-5.020/include/verilated_timing.h:37:36: warning: unknown warning group '-Wdeprecated-experimental-coroutine', ignored [-Wunknown-warning-option]
   37 | #  pragma clang diagnostic ignored "-Wdeprecated-experimental-coroutine"
      |                                    ^
1 warning generated.
Archive ar -rcs Vengineering_fsm_tb__ALL.a Vengineering_fsm_tb__ALL.o
g++   -Wl,-U,__Z15vl_time_stamp64v,-U,__Z13sc_time_stampv   verilated.o verilated_timing.o verilated_threads.o Vengineering_fsm_tb__ALL.a    -pthread -lpthread   -o Vengineering_fsm_tb
rm Vengineering_fsm_tb__ALL.verilator_deplist.tmp
