%Warning-TIMESCALEMOD: rtl/core/adc2_dec.sv:45:8: Timescale missing on this module as other modules have it (IEEE 1800-2017 3.14.2.3)
   45 | module adc2_dec #(
      |        ^~~~~~~~
                       sim/tb/p3_top_tb.sv:150:8: ... Location of module with timescale
  150 | module p3_top_tb;
      |        ^~~~~~~~~
                       ... For warning description see https://verilator.org/warn/TIMESCALEMOD?v=5.020
                       ... Use "/* verilator lint_off TIMESCALEMOD */" and lint_on around source to disable this message.
%Warning-TIMESCALEMOD: rtl/core/analog_phase_ctrl.sv:5:8: Timescale missing on this module as other modules have it (IEEE 1800-2017 3.14.2.3)
    5 | module analog_phase_ctrl #(
      |        ^~~~~~~~~~~~~~~~~
                       sim/tb/p3_top_tb.sv:150:8: ... Location of module with timescale
  150 | module p3_top_tb;
      |        ^~~~~~~~~
%Warning-TIMESCALEMOD: rtl/core/cal_output_stage.sv:5:8: Timescale missing on this module as other modules have it (IEEE 1800-2017 3.14.2.3)
    5 | module cal_output_stage #(
      |        ^~~~~~~~~~~~~~~~
                       sim/tb/p3_top_tb.sv:150:8: ... Location of module with timescale
  150 | module p3_top_tb;
      |        ^~~~~~~~~
%Warning-TIMESCALEMOD: rtl/core/cal_residue_mac.sv:5:8: Timescale missing on this module as other modules have it (IEEE 1800-2017 3.14.2.3)
    5 | module cal_residue_mac #(
      |        ^~~~~~~~~~~~~~~
                       sim/tb/p3_top_tb.sv:150:8: ... Location of module with timescale
  150 | module p3_top_tb;
      |        ^~~~~~~~~
%Warning-TIMESCALEMOD: rtl/core/cal_sample_context.sv:5:8: Timescale missing on this module as other modules have it (IEEE 1800-2017 3.14.2.3)
    5 | module cal_sample_context (
      |        ^~~~~~~~~~~~~~~~~~
                       sim/tb/p3_top_tb.sv:150:8: ... Location of module with timescale
  150 | module p3_top_tb;
      |        ^~~~~~~~~
%Warning-TIMESCALEMOD: rtl/core/cal_weight_reduce.sv:7:8: Timescale missing on this module as other modules have it (IEEE 1800-2017 3.14.2.3)
    7 | module cal_weight_reduce #(
      |        ^~~~~~~~~~~~~~~~~
                       sim/tb/p3_top_tb.sv:150:8: ... Location of module with timescale
  150 | module p3_top_tb;
      |        ^~~~~~~~~
%Warning-TIMESCALEMOD: rtl/core/calib_regs.sv:47:8: Timescale missing on this module as other modules have it (IEEE 1800-2017 3.14.2.3)
   47 | module calib_regs #(
      |        ^~~~~~~~~~
                       sim/tb/p3_top_tb.sv:150:8: ... Location of module with timescale
  150 | module p3_top_tb;
      |        ^~~~~~~~~
%Warning-TIMESCALEMOD: rtl/core/ctrl_fsm.sv:42:8: Timescale missing on this module as other modules have it (IEEE 1800-2017 3.14.2.3)
   42 | module ctrl_fsm #(
      |        ^~~~~~~~
                       sim/tb/p3_top_tb.sv:150:8: ... Location of module with timescale
  150 | module p3_top_tb;
      |        ^~~~~~~~~
%Warning-TIMESCALEMOD: rtl/core/dem_addr_gen.sv:37:8: Timescale missing on this module as other modules have it (IEEE 1800-2017 3.14.2.3)
   37 | module dem_addr_gen #(
      |        ^~~~~~~~~~~~
                       sim/tb/p3_top_tb.sv:150:8: ... Location of module with timescale
  150 | module p3_top_tb;
      |        ^~~~~~~~~
%Warning-TIMESCALEMOD: rtl/core/dem_state_gen.sv:45:8: Timescale missing on this module as other modules have it (IEEE 1800-2017 3.14.2.3)
   45 | module dem_state_gen #(
      |        ^~~~~~~~~~~~~
                       sim/tb/p3_top_tb.sv:150:8: ... Location of module with timescale
  150 | module p3_top_tb;
      |        ^~~~~~~~~
%Warning-TIMESCALEMOD: rtl/core/dither_gen.sv:15:8: Timescale missing on this module as other modules have it (IEEE 1800-2017 3.14.2.3)
   15 | module dither_gen #(
      |        ^~~~~~~~~~
                       sim/tb/p3_top_tb.sv:150:8: ... Location of module with timescale
  150 | module p3_top_tb;
      |        ^~~~~~~~~
%Warning-TIMESCALEMOD: rtl/core/div_floor.sv:57:8: Timescale missing on this module as other modules have it (IEEE 1800-2017 3.14.2.3)
   57 | module div_floor #(
      |        ^~~~~~~~~
                       sim/tb/p3_top_tb.sv:150:8: ... Location of module with timescale
  150 | module p3_top_tb;
      |        ^~~~~~~~~
%Warning-TIMESCALEMOD: rtl/core/rdac_drv.sv:30:8: Timescale missing on this module as other modules have it (IEEE 1800-2017 3.14.2.3)
   30 | module rdac_drv (
      |        ^~~~~~~~
                       sim/tb/p3_top_tb.sv:150:8: ... Location of module with timescale
  150 | module p3_top_tb;
      |        ^~~~~~~~~
%Warning-TIMESCALEMOD: rtl/core/recon_core.sv:53:8: Timescale missing on this module as other modules have it (IEEE 1800-2017 3.14.2.3)
   53 | module recon_core #(
      |        ^~~~~~~~~~
                       sim/tb/p3_top_tb.sv:150:8: ... Location of module with timescale
  150 | module p3_top_tb;
      |        ^~~~~~~~~
%Warning-TIMESCALEMOD: rtl/core/sar_structural_ctrl.sv:7:8: Timescale missing on this module as other modules have it (IEEE 1800-2017 3.14.2.3)
    7 | module sar_structural_ctrl #(
      |        ^~~~~~~~~~~~~~~~~~~
                       sim/tb/p3_top_tb.sv:150:8: ... Location of module with timescale
  150 | module p3_top_tb;
      |        ^~~~~~~~~
%Warning-TIMESCALEMOD: rtl/core/sar_trial_ctrl.sv:6:8: Timescale missing on this module as other modules have it (IEEE 1800-2017 3.14.2.3)
    6 | module sar_trial_ctrl #(
      |        ^~~~~~~~~~~~~~
                       sim/tb/p3_top_tb.sv:150:8: ... Location of module with timescale
  150 | module p3_top_tb;
      |        ^~~~~~~~~
%Warning-TIMESCALEMOD: rtl/core/slice_alloc.sv:44:8: Timescale missing on this module as other modules have it (IEEE 1800-2017 3.14.2.3)
   44 | module slice_alloc (
      |        ^~~~~~~~~~~
                       sim/tb/p3_top_tb.sv:150:8: ... Location of module with timescale
  150 | module p3_top_tb;
      |        ^~~~~~~~~
%Warning-TIMESCALEMOD: rtl/core/slice_pool_ctrl.sv:6:8: Timescale missing on this module as other modules have it (IEEE 1800-2017 3.14.2.3)
    6 | module slice_pool_ctrl #(parameter logic [31:0] P_SEED=32'h6d2b79f5) (
      |        ^~~~~~~~~~~~~~~
                       sim/tb/p3_top_tb.sv:150:8: ... Location of module with timescale
  150 | module p3_top_tb;
      |        ^~~~~~~~~
%Warning-TIMESCALEMOD: rtl/core/status_regs.sv:42:8: Timescale missing on this module as other modules have it (IEEE 1800-2017 3.14.2.3)
   42 | module status_regs (
      |        ^~~~~~~~~~~
                       sim/tb/p3_top_tb.sv:150:8: ... Location of module with timescale
  150 | module p3_top_tb;
      |        ^~~~~~~~~
%Warning-TIMESCALEMOD: rtl/core/swap_decode.sv:37:8: Timescale missing on this module as other modules have it (IEEE 1800-2017 3.14.2.3)
   37 | module swap_decode (
      |        ^~~~~~~~~~~
                       sim/tb/p3_top_tb.sv:150:8: ... Location of module with timescale
  150 | module p3_top_tb;
      |        ^~~~~~~~~
%Warning-TIMESCALEMOD: rtl/core/unit_therm.sv:33:8: Timescale missing on this module as other modules have it (IEEE 1800-2017 3.14.2.3)
   33 | module unit_therm (
      |        ^~~~~~~~~~
                       sim/tb/p3_top_tb.sv:150:8: ... Location of module with timescale
  150 | module p3_top_tb;
      |        ^~~~~~~~~
%Warning-TIMESCALEMOD: rtl/core/weight_store.sv:42:8: Timescale missing on this module as other modules have it (IEEE 1800-2017 3.14.2.3)
   42 | module weight_store #(
      |        ^~~~~~~~~~~~
                       sim/tb/p3_top_tb.sv:150:8: ... Location of module with timescale
  150 | module p3_top_tb;
      |        ^~~~~~~~~
%Warning-TIMESCALEMOD: rtl/top/sadc_enc.sv:30:8: Timescale missing on this module as other modules have it (IEEE 1800-2017 3.14.2.3)
   30 | module sadc_enc #(
      |        ^~~~~~~~
                       sim/tb/p3_top_tb.sv:150:8: ... Location of module with timescale
  150 | module p3_top_tb;
      |        ^~~~~~~~~
%Warning-TIMESCALEMOD: rtl/top/sar20_digital_core.sv:11:8: Timescale missing on this module as other modules have it (IEEE 1800-2017 3.14.2.3)
   11 | module sar20_digital_core #(
      |        ^~~~~~~~~~~~~~~~~~
                       sim/tb/p3_top_tb.sv:150:8: ... Location of module with timescale
  150 | module p3_top_tb;
      |        ^~~~~~~~~
%Warning-WIDTHEXPAND: sim/tb/p3_top_tb.sv:432:17: Operator ASSIGN expects 16 bits on the Assign RHS, but Assign RHS's SIGNED generates 8 bits.
                                                : ... note: In instance 'p3_top_tb'
  432 |     a_dither[0] = $signed(vd[7:0]);
      |                 ^
%Warning-WIDTHEXPAND: sim/tb/p3_top_tb.sv:449:23: Operator ASSIGN expects 16 bits on the Assign RHS, but Assign RHS's SIGNED generates 8 bits.
                                                : ... note: In instance 'p3_top_tb'
  449 |       a_dither[nrows] = $signed(vd[7:0]);
      |                       ^
g++ -Os  -I.  -MMD -I/tmp/sar_verilator_5_020_build/verilator-5.020/include -I/tmp/sar_verilator_5_020_build/verilator-5.020/include/vltstd -DVM_COVERAGE=0 -DVM_SC=0 -DVM_TRACE=0 -DVM_TRACE_FST=0 -DVM_TRACE_VCD=0 -faligned-new -fbracket-depth=4096 -fcf-protection=none -Qunused-arguments -Wno-bool-operation -Wno-c++11-narrowing -Wno-constant-logical-operand -Wno-non-pod-varargs -Wno-overloaded-virtual -Wno-parentheses-equality -Wno-shadow -Wno-sign-compare -Wno-tautological-bitwise-compare -Wno-uninitialized -Wno-unused-but-set-parameter -Wno-unused-but-set-variable -Wno-unused-parameter -Wno-unused-variable     -std=c++20 -I/tmp/sar_verilator_5_020_build/compat -DVL_TIME_CONTEXT    -c -o verilated.o /tmp/sar_verilator_5_020_build/verilator-5.020/include/verilated.cpp
g++ -Os  -I.  -MMD -I/tmp/sar_verilator_5_020_build/verilator-5.020/include -I/tmp/sar_verilator_5_020_build/verilator-5.020/include/vltstd -DVM_COVERAGE=0 -DVM_SC=0 -DVM_TRACE=0 -DVM_TRACE_FST=0 -DVM_TRACE_VCD=0 -faligned-new -fbracket-depth=4096 -fcf-protection=none -Qunused-arguments -Wno-bool-operation -Wno-c++11-narrowing -Wno-constant-logical-operand -Wno-non-pod-varargs -Wno-overloaded-virtual -Wno-parentheses-equality -Wno-shadow -Wno-sign-compare -Wno-tautological-bitwise-compare -Wno-uninitialized -Wno-unused-but-set-parameter -Wno-unused-but-set-variable -Wno-unused-parameter -Wno-unused-variable     -std=c++20 -I/tmp/sar_verilator_5_020_build/compat -DVL_TIME_CONTEXT    -c -o verilated_timing.o /tmp/sar_verilator_5_020_build/verilator-5.020/include/verilated_timing.cpp
In file included from /tmp/sar_verilator_5_020_build/verilator-5.020/include/verilated_timing.cpp:23:
/tmp/sar_verilator_5_020_build/verilator-5.020/include/verilated_timing.h:37:36: warning: unknown warning group '-Wdeprecated-experimental-coroutine', ignored [-Wunknown-warning-option]
   37 | #  pragma clang diagnostic ignored "-Wdeprecated-experimental-coroutine"
      |                                    ^
1 warning generated.
g++ -Os  -I.  -MMD -I/tmp/sar_verilator_5_020_build/verilator-5.020/include -I/tmp/sar_verilator_5_020_build/verilator-5.020/include/vltstd -DVM_COVERAGE=0 -DVM_SC=0 -DVM_TRACE=0 -DVM_TRACE_FST=0 -DVM_TRACE_VCD=0 -faligned-new -fbracket-depth=4096 -fcf-protection=none -Qunused-arguments -Wno-bool-operation -Wno-c++11-narrowing -Wno-constant-logical-operand -Wno-non-pod-varargs -Wno-overloaded-virtual -Wno-parentheses-equality -Wno-shadow -Wno-sign-compare -Wno-tautological-bitwise-compare -Wno-uninitialized -Wno-unused-but-set-parameter -Wno-unused-but-set-variable -Wno-unused-parameter -Wno-unused-variable     -std=c++20 -I/tmp/sar_verilator_5_020_build/compat -DVL_TIME_CONTEXT    -c -o verilated_threads.o /tmp/sar_verilator_5_020_build/verilator-5.020/include/verilated_threads.cpp
g++ -Os  -I.  -MMD -I/tmp/sar_verilator_5_020_build/verilator-5.020/include -I/tmp/sar_verilator_5_020_build/verilator-5.020/include/vltstd -DVM_COVERAGE=0 -DVM_SC=0 -DVM_TRACE=0 -DVM_TRACE_FST=0 -DVM_TRACE_VCD=0 -faligned-new -fbracket-depth=4096 -fcf-protection=none -Qunused-arguments -Wno-bool-operation -Wno-c++11-narrowing -Wno-constant-logical-operand -Wno-non-pod-varargs -Wno-overloaded-virtual -Wno-parentheses-equality -Wno-shadow -Wno-sign-compare -Wno-tautological-bitwise-compare -Wno-uninitialized -Wno-unused-but-set-parameter -Wno-unused-but-set-variable -Wno-unused-parameter -Wno-unused-variable     -std=c++20 -I/tmp/sar_verilator_5_020_build/compat -DVL_TIME_CONTEXT    -x c++-header Vp3_top_tb__pch.h -o Vp3_top_tb__pch.h.fast.gch
g++   -I.  -MMD -I/tmp/sar_verilator_5_020_build/verilator-5.020/include -I/tmp/sar_verilator_5_020_build/verilator-5.020/include/vltstd -DVM_COVERAGE=0 -DVM_SC=0 -DVM_TRACE=0 -DVM_TRACE_FST=0 -DVM_TRACE_VCD=0 -faligned-new -fbracket-depth=4096 -fcf-protection=none -Qunused-arguments -Wno-bool-operation -Wno-c++11-narrowing -Wno-constant-logical-operand -Wno-non-pod-varargs -Wno-overloaded-virtual -Wno-parentheses-equality -Wno-shadow -Wno-sign-compare -Wno-tautological-bitwise-compare -Wno-uninitialized -Wno-unused-but-set-parameter -Wno-unused-but-set-variable -Wno-unused-parameter -Wno-unused-variable     -std=c++20 -I/tmp/sar_verilator_5_020_build/compat -DVL_TIME_CONTEXT    -x c++-header Vp3_top_tb__pch.h -o Vp3_top_tb__pch.h.slow.gch
In file included from Vp3_top_tb__pch.h:23:
In file included from ./Vp3_top_tb__Syms.h:17:
In file included from ./Vp3_top_tb___024root.h:9:
/tmp/sar_verilator_5_020_build/verilator-5.020/include/verilated_timing.h:37:36: warning: unknown warning group '-Wdeprecated-experimental-coroutine', ignored [-Wunknown-warning-option]
   37 | #  pragma clang diagnostic ignored "-Wdeprecated-experimental-coroutine"
      |                                    ^
1 warning generated.
echo "" > Vp3_top_tb__ALL.verilator_deplist.tmp
g++ -Os  -I.  -MMD -I/tmp/sar_verilator_5_020_build/verilator-5.020/include -I/tmp/sar_verilator_5_020_build/verilator-5.020/include/vltstd -DVM_COVERAGE=0 -DVM_SC=0 -DVM_TRACE=0 -DVM_TRACE_FST=0 -DVM_TRACE_VCD=0 -faligned-new -fbracket-depth=4096 -fcf-protection=none -Qunused-arguments -Wno-bool-operation -Wno-c++11-narrowing -Wno-constant-logical-operand -Wno-non-pod-varargs -Wno-overloaded-virtual -Wno-parentheses-equality -Wno-shadow -Wno-sign-compare -Wno-tautological-bitwise-compare -Wno-uninitialized -Wno-unused-but-set-parameter -Wno-unused-but-set-variable -Wno-unused-parameter -Wno-unused-variable     -std=c++20 -I/tmp/sar_verilator_5_020_build/compat -DVL_TIME_CONTEXT    -include-pch Vp3_top_tb__pch.h.fast.gch -c -o Vp3_top_tb.o Vp3_top_tb.cpp
In file included from Vp3_top_tb__pch.h:23:
In file included from ./Vp3_top_tb__Syms.h:17:
In file included from ./Vp3_top_tb___024root.h:9:
/tmp/sar_verilator_5_020_build/verilator-5.020/include/verilated_timing.h:37:36: warning: unknown warning group '-Wdeprecated-experimental-coroutine', ignored [-Wunknown-warning-option]
   37 | #  pragma clang diagnostic ignored "-Wdeprecated-experimental-coroutine"
      |                                    ^
g++ -Os  -I.  -MMD -I/tmp/sar_verilator_5_020_build/verilator-5.020/include -I/tmp/sar_verilator_5_020_build/verilator-5.020/include/vltstd -DVM_COVERAGE=0 -DVM_SC=0 -DVM_TRACE=0 -DVM_TRACE_FST=0 -DVM_TRACE_VCD=0 -faligned-new -fbracket-depth=4096 -fcf-protection=none -Qunused-arguments -Wno-bool-operation -Wno-c++11-narrowing -Wno-constant-logical-operand -Wno-non-pod-varargs -Wno-overloaded-virtual -Wno-parentheses-equality -Wno-shadow -Wno-sign-compare -Wno-tautological-bitwise-compare -Wno-uninitialized -Wno-unused-but-set-parameter -Wno-unused-but-set-variable -Wno-unused-parameter -Wno-unused-variable     -std=c++20 -I/tmp/sar_verilator_5_020_build/compat -DVL_TIME_CONTEXT    -include-pch Vp3_top_tb__pch.h.fast.gch -c -o Vp3_top_tb___024root__DepSet_h6405f893__0.o Vp3_top_tb___024root__DepSet_h6405f893__0.cpp
1 warning generated.
g++ -Os  -I.  -MMD -I/tmp/sar_verilator_5_020_build/verilator-5.020/include -I/tmp/sar_verilator_5_020_build/verilator-5.020/include/vltstd -DVM_COVERAGE=0 -DVM_SC=0 -DVM_TRACE=0 -DVM_TRACE_FST=0 -DVM_TRACE_VCD=0 -faligned-new -fbracket-depth=4096 -fcf-protection=none -Qunused-arguments -Wno-bool-operation -Wno-c++11-narrowing -Wno-constant-logical-operand -Wno-non-pod-varargs -Wno-overloaded-virtual -Wno-parentheses-equality -Wno-shadow -Wno-sign-compare -Wno-tautological-bitwise-compare -Wno-uninitialized -Wno-unused-but-set-parameter -Wno-unused-but-set-variable -Wno-unused-parameter -Wno-unused-variable     -std=c++20 -I/tmp/sar_verilator_5_020_build/compat -DVL_TIME_CONTEXT    -include-pch Vp3_top_tb__pch.h.fast.gch -c -o Vp3_top_tb___024root__DepSet_h1d4e6131__0.o Vp3_top_tb___024root__DepSet_h1d4e6131__0.cpp
g++ -Os  -I.  -MMD -I/tmp/sar_verilator_5_020_build/verilator-5.020/include -I/tmp/sar_verilator_5_020_build/verilator-5.020/include/vltstd -DVM_COVERAGE=0 -DVM_SC=0 -DVM_TRACE=0 -DVM_TRACE_FST=0 -DVM_TRACE_VCD=0 -faligned-new -fbracket-depth=4096 -fcf-protection=none -Qunused-arguments -Wno-bool-operation -Wno-c++11-narrowing -Wno-constant-logical-operand -Wno-non-pod-varargs -Wno-overloaded-virtual -Wno-parentheses-equality -Wno-shadow -Wno-sign-compare -Wno-tautological-bitwise-compare -Wno-uninitialized -Wno-unused-but-set-parameter -Wno-unused-but-set-variable -Wno-unused-parameter -Wno-unused-variable     -std=c++20 -I/tmp/sar_verilator_5_020_build/compat -DVL_TIME_CONTEXT    -include-pch Vp3_top_tb__pch.h.fast.gch -c -o Vp3_top_tb___024root__DepSet_h1d4e6131__1.o Vp3_top_tb___024root__DepSet_h1d4e6131__1.cpp
g++ -Os  -I.  -MMD -I/tmp/sar_verilator_5_020_build/verilator-5.020/include -I/tmp/sar_verilator_5_020_build/verilator-5.020/include/vltstd -DVM_COVERAGE=0 -DVM_SC=0 -DVM_TRACE=0 -DVM_TRACE_FST=0 -DVM_TRACE_VCD=0 -faligned-new -fbracket-depth=4096 -fcf-protection=none -Qunused-arguments -Wno-bool-operation -Wno-c++11-narrowing -Wno-constant-logical-operand -Wno-non-pod-varargs -Wno-overloaded-virtual -Wno-parentheses-equality -Wno-shadow -Wno-sign-compare -Wno-tautological-bitwise-compare -Wno-uninitialized -Wno-unused-but-set-parameter -Wno-unused-but-set-variable -Wno-unused-parameter -Wno-unused-variable     -std=c++20 -I/tmp/sar_verilator_5_020_build/compat -DVL_TIME_CONTEXT    -include-pch Vp3_top_tb__pch.h.fast.gch -c -o Vp3_top_tb___024root__DepSet_h1d4e6131__2.o Vp3_top_tb___024root__DepSet_h1d4e6131__2.cpp
g++ -Os  -I.  -MMD -I/tmp/sar_verilator_5_020_build/verilator-5.020/include -I/tmp/sar_verilator_5_020_build/verilator-5.020/include/vltstd -DVM_COVERAGE=0 -DVM_SC=0 -DVM_TRACE=0 -DVM_TRACE_FST=0 -DVM_TRACE_VCD=0 -faligned-new -fbracket-depth=4096 -fcf-protection=none -Qunused-arguments -Wno-bool-operation -Wno-c++11-narrowing -Wno-constant-logical-operand -Wno-non-pod-varargs -Wno-overloaded-virtual -Wno-parentheses-equality -Wno-shadow -Wno-sign-compare -Wno-tautological-bitwise-compare -Wno-uninitialized -Wno-unused-but-set-parameter -Wno-unused-but-set-variable -Wno-unused-parameter -Wno-unused-variable     -std=c++20 -I/tmp/sar_verilator_5_020_build/compat -DVL_TIME_CONTEXT    -include-pch Vp3_top_tb__pch.h.fast.gch -c -o Vp3_top_tb__main.o Vp3_top_tb__main.cpp
g++   -I.  -MMD -I/tmp/sar_verilator_5_020_build/verilator-5.020/include -I/tmp/sar_verilator_5_020_build/verilator-5.020/include/vltstd -DVM_COVERAGE=0 -DVM_SC=0 -DVM_TRACE=0 -DVM_TRACE_FST=0 -DVM_TRACE_VCD=0 -faligned-new -fbracket-depth=4096 -fcf-protection=none -Qunused-arguments -Wno-bool-operation -Wno-c++11-narrowing -Wno-constant-logical-operand -Wno-non-pod-varargs -Wno-overloaded-virtual -Wno-parentheses-equality -Wno-shadow -Wno-sign-compare -Wno-tautological-bitwise-compare -Wno-uninitialized -Wno-unused-but-set-parameter -Wno-unused-but-set-variable -Wno-unused-parameter -Wno-unused-variable     -std=c++20 -I/tmp/sar_verilator_5_020_build/compat -DVL_TIME_CONTEXT    -include-pch Vp3_top_tb__pch.h.slow.gch -c -o Vp3_top_tb__ConstPool_0.o Vp3_top_tb__ConstPool_0.cpp
g++   -I.  -MMD -I/tmp/sar_verilator_5_020_build/verilator-5.020/include -I/tmp/sar_verilator_5_020_build/verilator-5.020/include/vltstd -DVM_COVERAGE=0 -DVM_SC=0 -DVM_TRACE=0 -DVM_TRACE_FST=0 -DVM_TRACE_VCD=0 -faligned-new -fbracket-depth=4096 -fcf-protection=none -Qunused-arguments -Wno-bool-operation -Wno-c++11-narrowing -Wno-constant-logical-operand -Wno-non-pod-varargs -Wno-overloaded-virtual -Wno-parentheses-equality -Wno-shadow -Wno-sign-compare -Wno-tautological-bitwise-compare -Wno-uninitialized -Wno-unused-but-set-parameter -Wno-unused-but-set-variable -Wno-unused-parameter -Wno-unused-variable     -std=c++20 -I/tmp/sar_verilator_5_020_build/compat -DVL_TIME_CONTEXT    -include-pch Vp3_top_tb__pch.h.slow.gch -c -o Vp3_top_tb___024root__Slow.o Vp3_top_tb___024root__Slow.cpp
g++   -I.  -MMD -I/tmp/sar_verilator_5_020_build/verilator-5.020/include -I/tmp/sar_verilator_5_020_build/verilator-5.020/include/vltstd -DVM_COVERAGE=0 -DVM_SC=0 -DVM_TRACE=0 -DVM_TRACE_FST=0 -DVM_TRACE_VCD=0 -faligned-new -fbracket-depth=4096 -fcf-protection=none -Qunused-arguments -Wno-bool-operation -Wno-c++11-narrowing -Wno-constant-logical-operand -Wno-non-pod-varargs -Wno-overloaded-virtual -Wno-parentheses-equality -Wno-shadow -Wno-sign-compare -Wno-tautological-bitwise-compare -Wno-uninitialized -Wno-unused-but-set-parameter -Wno-unused-but-set-variable -Wno-unused-parameter -Wno-unused-variable     -std=c++20 -I/tmp/sar_verilator_5_020_build/compat -DVL_TIME_CONTEXT    -include-pch Vp3_top_tb__pch.h.slow.gch -c -o Vp3_top_tb___024root__DepSet_h6405f893__0__Slow.o Vp3_top_tb___024root__DepSet_h6405f893__0__Slow.cpp
g++   -I.  -MMD -I/tmp/sar_verilator_5_020_build/verilator-5.020/include -I/tmp/sar_verilator_5_020_build/verilator-5.020/include/vltstd -DVM_COVERAGE=0 -DVM_SC=0 -DVM_TRACE=0 -DVM_TRACE_FST=0 -DVM_TRACE_VCD=0 -faligned-new -fbracket-depth=4096 -fcf-protection=none -Qunused-arguments -Wno-bool-operation -Wno-c++11-narrowing -Wno-constant-logical-operand -Wno-non-pod-varargs -Wno-overloaded-virtual -Wno-parentheses-equality -Wno-shadow -Wno-sign-compare -Wno-tautological-bitwise-compare -Wno-uninitialized -Wno-unused-but-set-parameter -Wno-unused-but-set-variable -Wno-unused-parameter -Wno-unused-variable     -std=c++20 -I/tmp/sar_verilator_5_020_build/compat -DVL_TIME_CONTEXT    -include-pch Vp3_top_tb__pch.h.slow.gch -c -o Vp3_top_tb___024root__DepSet_h1d4e6131__0__Slow.o Vp3_top_tb___024root__DepSet_h1d4e6131__0__Slow.cpp
g++   -I.  -MMD -I/tmp/sar_verilator_5_020_build/verilator-5.020/include -I/tmp/sar_verilator_5_020_build/verilator-5.020/include/vltstd -DVM_COVERAGE=0 -DVM_SC=0 -DVM_TRACE=0 -DVM_TRACE_FST=0 -DVM_TRACE_VCD=0 -faligned-new -fbracket-depth=4096 -fcf-protection=none -Qunused-arguments -Wno-bool-operation -Wno-c++11-narrowing -Wno-constant-logical-operand -Wno-non-pod-varargs -Wno-overloaded-virtual -Wno-parentheses-equality -Wno-shadow -Wno-sign-compare -Wno-tautological-bitwise-compare -Wno-uninitialized -Wno-unused-but-set-parameter -Wno-unused-but-set-variable -Wno-unused-parameter -Wno-unused-variable     -std=c++20 -I/tmp/sar_verilator_5_020_build/compat -DVL_TIME_CONTEXT    -include-pch Vp3_top_tb__pch.h.slow.gch -c -o Vp3_top_tb___024root__DepSet_h1d4e6131__1__Slow.o Vp3_top_tb___024root__DepSet_h1d4e6131__1__Slow.cpp
g++   -I.  -MMD -I/tmp/sar_verilator_5_020_build/verilator-5.020/include -I/tmp/sar_verilator_5_020_build/verilator-5.020/include/vltstd -DVM_COVERAGE=0 -DVM_SC=0 -DVM_TRACE=0 -DVM_TRACE_FST=0 -DVM_TRACE_VCD=0 -faligned-new -fbracket-depth=4096 -fcf-protection=none -Qunused-arguments -Wno-bool-operation -Wno-c++11-narrowing -Wno-constant-logical-operand -Wno-non-pod-varargs -Wno-overloaded-virtual -Wno-parentheses-equality -Wno-shadow -Wno-sign-compare -Wno-tautological-bitwise-compare -Wno-uninitialized -Wno-unused-but-set-parameter -Wno-unused-but-set-variable -Wno-unused-parameter -Wno-unused-variable     -std=c++20 -I/tmp/sar_verilator_5_020_build/compat -DVL_TIME_CONTEXT    -include-pch Vp3_top_tb__pch.h.slow.gch -c -o Vp3_top_tb___024unit__Slow.o Vp3_top_tb___024unit__Slow.cpp
g++   -I.  -MMD -I/tmp/sar_verilator_5_020_build/verilator-5.020/include -I/tmp/sar_verilator_5_020_build/verilator-5.020/include/vltstd -DVM_COVERAGE=0 -DVM_SC=0 -DVM_TRACE=0 -DVM_TRACE_FST=0 -DVM_TRACE_VCD=0 -faligned-new -fbracket-depth=4096 -fcf-protection=none -Qunused-arguments -Wno-bool-operation -Wno-c++11-narrowing -Wno-constant-logical-operand -Wno-non-pod-varargs -Wno-overloaded-virtual -Wno-parentheses-equality -Wno-shadow -Wno-sign-compare -Wno-tautological-bitwise-compare -Wno-uninitialized -Wno-unused-but-set-parameter -Wno-unused-but-set-variable -Wno-unused-parameter -Wno-unused-variable     -std=c++20 -I/tmp/sar_verilator_5_020_build/compat -DVL_TIME_CONTEXT    -include-pch Vp3_top_tb__pch.h.slow.gch -c -o Vp3_top_tb___024unit__DepSet_ha088945e__0__Slow.o Vp3_top_tb___024unit__DepSet_ha088945e__0__Slow.cpp
g++   -I.  -MMD -I/tmp/sar_verilator_5_020_build/verilator-5.020/include -I/tmp/sar_verilator_5_020_build/verilator-5.020/include/vltstd -DVM_COVERAGE=0 -DVM_SC=0 -DVM_TRACE=0 -DVM_TRACE_FST=0 -DVM_TRACE_VCD=0 -faligned-new -fbracket-depth=4096 -fcf-protection=none -Qunused-arguments -Wno-bool-operation -Wno-c++11-narrowing -Wno-constant-logical-operand -Wno-non-pod-varargs -Wno-overloaded-virtual -Wno-parentheses-equality -Wno-shadow -Wno-sign-compare -Wno-tautological-bitwise-compare -Wno-uninitialized -Wno-unused-but-set-parameter -Wno-unused-but-set-variable -Wno-unused-parameter -Wno-unused-variable     -std=c++20 -I/tmp/sar_verilator_5_020_build/compat -DVL_TIME_CONTEXT    -include-pch Vp3_top_tb__pch.h.slow.gch -c -o Vp3_top_tb__Syms.o Vp3_top_tb__Syms.cpp
Archive ar -rcs Vp3_top_tb__ALL.a Vp3_top_tb.o Vp3_top_tb___024root__DepSet_h6405f893__0.o Vp3_top_tb___024root__DepSet_h1d4e6131__0.o Vp3_top_tb___024root__DepSet_h1d4e6131__1.o Vp3_top_tb___024root__DepSet_h1d4e6131__2.o Vp3_top_tb__main.o Vp3_top_tb__ConstPool_0.o Vp3_top_tb___024root__Slow.o Vp3_top_tb___024root__DepSet_h6405f893__0__Slow.o Vp3_top_tb___024root__DepSet_h1d4e6131__0__Slow.o Vp3_top_tb___024root__DepSet_h1d4e6131__1__Slow.o Vp3_top_tb___024unit__Slow.o Vp3_top_tb___024unit__DepSet_ha088945e__0__Slow.o Vp3_top_tb__Syms.o
g++   -Wl,-U,__Z15vl_time_stamp64v,-U,__Z13sc_time_stampv   verilated.o verilated_timing.o verilated_threads.o Vp3_top_tb__ALL.a    -pthread -lpthread   -o Vp3_top_tb
rm Vp3_top_tb__ALL.verilator_deplist.tmp
