%Warning-TIMESCALEMOD: rtl/core/adc2_dec.sv:45:8: Timescale missing on this module as other modules have it (IEEE 1800-2017 3.14.2.3)
   45 | module adc2_dec #(
      |        ^~~~~~~~
                       sim/tb/p2_tb.sv:29:8: ... Location of module with timescale
   29 | module p2_tb;
      |        ^~~~~
                       ... For warning description see https://verilator.org/warn/TIMESCALEMOD?v=5.020
                       ... Use "/* verilator lint_off TIMESCALEMOD */" and lint_on around source to disable this message.
%Warning-TIMESCALEMOD: rtl/core/analog_phase_ctrl.sv:5:8: Timescale missing on this module as other modules have it (IEEE 1800-2017 3.14.2.3)
    5 | module analog_phase_ctrl #(
      |        ^~~~~~~~~~~~~~~~~
                       sim/tb/p2_tb.sv:29:8: ... Location of module with timescale
   29 | module p2_tb;
      |        ^~~~~
%Warning-TIMESCALEMOD: rtl/core/cal_output_stage.sv:5:8: Timescale missing on this module as other modules have it (IEEE 1800-2017 3.14.2.3)
    5 | module cal_output_stage #(
      |        ^~~~~~~~~~~~~~~~
                       sim/tb/p2_tb.sv:29:8: ... Location of module with timescale
   29 | module p2_tb;
      |        ^~~~~
%Warning-TIMESCALEMOD: rtl/core/cal_residue_mac.sv:5:8: Timescale missing on this module as other modules have it (IEEE 1800-2017 3.14.2.3)
    5 | module cal_residue_mac #(
      |        ^~~~~~~~~~~~~~~
                       sim/tb/p2_tb.sv:29:8: ... Location of module with timescale
   29 | module p2_tb;
      |        ^~~~~
%Warning-TIMESCALEMOD: rtl/core/cal_sample_context.sv:5:8: Timescale missing on this module as other modules have it (IEEE 1800-2017 3.14.2.3)
    5 | module cal_sample_context (
      |        ^~~~~~~~~~~~~~~~~~
                       sim/tb/p2_tb.sv:29:8: ... Location of module with timescale
   29 | module p2_tb;
      |        ^~~~~
%Warning-TIMESCALEMOD: rtl/core/cal_weight_reduce.sv:7:8: Timescale missing on this module as other modules have it (IEEE 1800-2017 3.14.2.3)
    7 | module cal_weight_reduce #(
      |        ^~~~~~~~~~~~~~~~~
                       sim/tb/p2_tb.sv:29:8: ... Location of module with timescale
   29 | module p2_tb;
      |        ^~~~~
%Warning-TIMESCALEMOD: rtl/core/calib_regs.sv:47:8: Timescale missing on this module as other modules have it (IEEE 1800-2017 3.14.2.3)
   47 | module calib_regs #(
      |        ^~~~~~~~~~
                       sim/tb/p2_tb.sv:29:8: ... Location of module with timescale
   29 | module p2_tb;
      |        ^~~~~
%Warning-TIMESCALEMOD: rtl/core/ctrl_fsm.sv:42:8: Timescale missing on this module as other modules have it (IEEE 1800-2017 3.14.2.3)
   42 | module ctrl_fsm #(
      |        ^~~~~~~~
                       sim/tb/p2_tb.sv:29:8: ... Location of module with timescale
   29 | module p2_tb;
      |        ^~~~~
%Warning-TIMESCALEMOD: rtl/core/dem_addr_gen.sv:37:8: Timescale missing on this module as other modules have it (IEEE 1800-2017 3.14.2.3)
   37 | module dem_addr_gen #(
      |        ^~~~~~~~~~~~
                       sim/tb/p2_tb.sv:29:8: ... Location of module with timescale
   29 | module p2_tb;
      |        ^~~~~
%Warning-TIMESCALEMOD: rtl/core/dem_state_gen.sv:45:8: Timescale missing on this module as other modules have it (IEEE 1800-2017 3.14.2.3)
   45 | module dem_state_gen #(
      |        ^~~~~~~~~~~~~
                       sim/tb/p2_tb.sv:29:8: ... Location of module with timescale
   29 | module p2_tb;
      |        ^~~~~
%Warning-TIMESCALEMOD: rtl/core/dither_gen.sv:15:8: Timescale missing on this module as other modules have it (IEEE 1800-2017 3.14.2.3)
   15 | module dither_gen #(
      |        ^~~~~~~~~~
                       sim/tb/p2_tb.sv:29:8: ... Location of module with timescale
   29 | module p2_tb;
      |        ^~~~~
%Warning-TIMESCALEMOD: rtl/core/div_floor.sv:57:8: Timescale missing on this module as other modules have it (IEEE 1800-2017 3.14.2.3)
   57 | module div_floor #(
      |        ^~~~~~~~~
                       sim/tb/p2_tb.sv:29:8: ... Location of module with timescale
   29 | module p2_tb;
      |        ^~~~~
%Warning-TIMESCALEMOD: rtl/core/rdac_drv.sv:30:8: Timescale missing on this module as other modules have it (IEEE 1800-2017 3.14.2.3)
   30 | module rdac_drv (
      |        ^~~~~~~~
                       sim/tb/p2_tb.sv:29:8: ... Location of module with timescale
   29 | module p2_tb;
      |        ^~~~~
%Warning-TIMESCALEMOD: rtl/core/recon_core.sv:53:8: Timescale missing on this module as other modules have it (IEEE 1800-2017 3.14.2.3)
   53 | module recon_core #(
      |        ^~~~~~~~~~
                       sim/tb/p2_tb.sv:29:8: ... Location of module with timescale
   29 | module p2_tb;
      |        ^~~~~
%Warning-TIMESCALEMOD: rtl/core/sar_structural_ctrl.sv:7:8: Timescale missing on this module as other modules have it (IEEE 1800-2017 3.14.2.3)
    7 | module sar_structural_ctrl #(
      |        ^~~~~~~~~~~~~~~~~~~
                       sim/tb/p2_tb.sv:29:8: ... Location of module with timescale
   29 | module p2_tb;
      |        ^~~~~
%Warning-TIMESCALEMOD: rtl/core/sar_trial_ctrl.sv:6:8: Timescale missing on this module as other modules have it (IEEE 1800-2017 3.14.2.3)
    6 | module sar_trial_ctrl #(
      |        ^~~~~~~~~~~~~~
                       sim/tb/p2_tb.sv:29:8: ... Location of module with timescale
   29 | module p2_tb;
      |        ^~~~~
%Warning-TIMESCALEMOD: rtl/core/slice_alloc.sv:44:8: Timescale missing on this module as other modules have it (IEEE 1800-2017 3.14.2.3)
   44 | module slice_alloc (
      |        ^~~~~~~~~~~
                       sim/tb/p2_tb.sv:29:8: ... Location of module with timescale
   29 | module p2_tb;
      |        ^~~~~
%Warning-TIMESCALEMOD: rtl/core/slice_pool_ctrl.sv:6:8: Timescale missing on this module as other modules have it (IEEE 1800-2017 3.14.2.3)
    6 | module slice_pool_ctrl #(parameter logic [31:0] P_SEED=32'h6d2b79f5) (
      |        ^~~~~~~~~~~~~~~
                       sim/tb/p2_tb.sv:29:8: ... Location of module with timescale
   29 | module p2_tb;
      |        ^~~~~
%Warning-TIMESCALEMOD: rtl/core/status_regs.sv:42:8: Timescale missing on this module as other modules have it (IEEE 1800-2017 3.14.2.3)
   42 | module status_regs (
      |        ^~~~~~~~~~~
                       sim/tb/p2_tb.sv:29:8: ... Location of module with timescale
   29 | module p2_tb;
      |        ^~~~~
%Warning-TIMESCALEMOD: rtl/core/swap_decode.sv:37:8: Timescale missing on this module as other modules have it (IEEE 1800-2017 3.14.2.3)
   37 | module swap_decode (
      |        ^~~~~~~~~~~
                       sim/tb/p2_tb.sv:29:8: ... Location of module with timescale
   29 | module p2_tb;
      |        ^~~~~
%Warning-TIMESCALEMOD: rtl/core/unit_therm.sv:33:8: Timescale missing on this module as other modules have it (IEEE 1800-2017 3.14.2.3)
   33 | module unit_therm (
      |        ^~~~~~~~~~
                       sim/tb/p2_tb.sv:29:8: ... Location of module with timescale
   29 | module p2_tb;
      |        ^~~~~
%Warning-TIMESCALEMOD: rtl/core/weight_store.sv:42:8: Timescale missing on this module as other modules have it (IEEE 1800-2017 3.14.2.3)
   42 | module weight_store #(
      |        ^~~~~~~~~~~~
                       sim/tb/p2_tb.sv:29:8: ... Location of module with timescale
   29 | module p2_tb;
      |        ^~~~~
%Warning-TIMESCALEMOD: rtl/top/sadc_enc.sv:30:8: Timescale missing on this module as other modules have it (IEEE 1800-2017 3.14.2.3)
   30 | module sadc_enc #(
      |        ^~~~~~~~
                       sim/tb/p2_tb.sv:29:8: ... Location of module with timescale
   29 | module p2_tb;
      |        ^~~~~
%Warning-TIMESCALEMOD: rtl/top/sar20_digital_core.sv:11:8: Timescale missing on this module as other modules have it (IEEE 1800-2017 3.14.2.3)
   11 | module sar20_digital_core #(
      |        ^~~~~~~~~~~~~~~~~~
                       sim/tb/p2_tb.sv:29:8: ... Location of module with timescale
   29 | module p2_tb;
      |        ^~~~~
%Warning-WIDTHEXPAND: rtl/core/dem_state_gen.sv:46:19: Operator VAR 'A_RED' expects 32 bits on the Initial value, but Initial value's CONST '10'h1b1' generates 10 bits.
                                                     : ... note: In instance 'p2_tb.u_k_dem'
   46 |     parameter int A_RED = int'(DEM_LCG_A_MOD),
      |                   ^~~~~
%Warning-WIDTHEXPAND: sim/tb/p2_tb.sv:183:10: Operator ASSIGN expects 63 bits on the Assign RHS, but Assign RHS's SIGNED generates 32 bits.
                                            : ... note: In instance 'p2_tb'
  183 |       a  = $signed($urandom());
      |          ^
%Warning-WIDTHEXPAND: sim/tb/p2_tb.sv:184:23: Operator XOR expects 63 bits on the RHS, but RHS's SIGNED generates 32 bits.
                                            : ... note: In instance 'p2_tb'
  184 |       a  = (a <<< 31) ^ $signed($urandom());
      |                       ^
%Warning-WIDTHEXPAND: sim/tb/p2_tb.sv:191:15: Operator ADD expects 256 bits on the LHS, but LHS's VARREF 'q' generates 63 bits.
                                            : ... note: In instance 'p2_tb'
  191 |       hi = (q + 63'sd1) * dv;
      |               ^
%Warning-WIDTHEXPAND: sim/tb/p2_tb.sv:191:15: Operator ADD expects 256 bits on the RHS, but RHS's CONST '63'sh1' generates 63 bits.
                                            : ... note: In instance 'p2_tb'
  191 |       hi = (q + 63'sd1) * dv;
      |               ^
%Warning-WIDTHEXPAND: sim/tb/p2_tb.sv:367:26: Operator NEQCASE expects 64 bits on the LHS, but LHS's REPLICATE generates 21 bits.
                                            : ... note: In instance 'p2_tb'
  367 |       if ({1'b0, o_dout} !== {44'b0, c}) begin
      |                          ^~~
%Warning-WIDTHEXPAND: sim/tb/p2_tb.sv:407:14: Operator LT expects 64 bits on the RHS, but RHS's VARREF 'N_SLICES' generates 5 bits.
                                            : ... note: In instance 'p2_tb'
  407 |       if (vs < N_SLICES && vu < N_UNIT_TOTAL) r_wrom[vs[4:0]][vu[6:0]] = vw[47:0];
      |              ^
%Warning-WIDTHEXPAND: sim/tb/p2_tb.sv:407:31: Operator LT expects 64 bits on the RHS, but RHS's VARREF 'N_UNIT_TOTAL' generates 7 bits.
                                            : ... note: In instance 'p2_tb'
  407 |       if (vs < N_SLICES && vu < N_UNIT_TOTAL) r_wrom[vs[4:0]][vu[6:0]] = vw[47:0];
      |                               ^
%Warning-WIDTHTRUNC: sim/tb/p2_tb.sv:500:21: Logical operator LOGAND expects 1 bit on the LHS, but LHS's VARREF 'have_prev' generates 32 bits.
                                           : ... note: In instance 'p2_tb'
  500 |       if (have_prev && vrel_s > 0) begin
      |                     ^~
%Warning-WIDTHEXPAND: sim/tb/p2_tb.sv:683:48: Operator OR expects 32 bits on the LHS, but LHS's SEL generates 1 bits.
                                            : ... note: In instance 'p2_tb'
  683 |       nflag_any  = nflag_any  + int'(vrdacf[0] | vadcf[0] | vrasf[0]);
      |                                                ^
%Warning-WIDTHEXPAND: sim/tb/p2_tb.sv:683:48: Operator OR expects 32 bits on the RHS, but RHS's SEL generates 1 bits.
                                            : ... note: In instance 'p2_tb'
  683 |       nflag_any  = nflag_any  + int'(vrdacf[0] | vadcf[0] | vrasf[0]);
      |                                                ^
%Warning-WIDTHEXPAND: sim/tb/p2_tb.sv:683:59: Operator OR expects 32 bits on the RHS, but RHS's SEL generates 1 bits.
                                            : ... note: In instance 'p2_tb'
  683 |       nflag_any  = nflag_any  + int'(vrdacf[0] | vadcf[0] | vrasf[0]);
      |                                                           ^
%Warning-WIDTHCONCAT: sim/tb/p2_tb.sv:777:62: More than a 8k bit replication is probably wrong: 61344
                                            : ... note: In instance 'p2_tb'
  777 |     r_inj = '0; r_off = '0; r_min = '0; r_max = '0; r_wrom = '0;
      |                                                              ^~
%Warning-WIDTHEXPAND: sim/tb/p2_tb.sv:800:20: Operator NEQCASE expects 32 bits on the LHS, but LHS's SEL generates 6 bits.
                                            : ... note: In instance 'p2_tb'
  800 |       if (vns[5:0] !== OR_AB)  begin errors++; $display("  MISMATCH oracle cfg n_bits=%0d TB=%0d", vns, OR_AB); end
      |                    ^~~
make: Entering directory '/tmp/sar_rtl_9tbthx7b'
g++ -Os  -I.  -MMD -I/usr/share/verilator/include -I/usr/share/verilator/include/vltstd -DVM_COVERAGE=0 -DVM_SC=0 -DVM_TRACE=0 -DVM_TRACE_FST=0 -DVM_TRACE_VCD=0 -faligned-new -fcf-protection=none -Wno-bool-operation -Wno-overloaded-virtual -Wno-shadow -Wno-sign-compare -Wno-uninitialized -Wno-unused-but-set-parameter -Wno-unused-but-set-variable -Wno-unused-parameter -Wno-unused-variable     -DVL_TIME_CONTEXT   -fcoroutines -c -o verilated.o /usr/share/verilator/include/verilated.cpp
g++ -Os  -I.  -MMD -I/usr/share/verilator/include -I/usr/share/verilator/include/vltstd -DVM_COVERAGE=0 -DVM_SC=0 -DVM_TRACE=0 -DVM_TRACE_FST=0 -DVM_TRACE_VCD=0 -faligned-new -fcf-protection=none -Wno-bool-operation -Wno-overloaded-virtual -Wno-shadow -Wno-sign-compare -Wno-uninitialized -Wno-unused-but-set-parameter -Wno-unused-but-set-variable -Wno-unused-parameter -Wno-unused-variable     -DVL_TIME_CONTEXT   -fcoroutines -c -o verilated_timing.o /usr/share/verilator/include/verilated_timing.cpp
g++ -Os  -I.  -MMD -I/usr/share/verilator/include -I/usr/share/verilator/include/vltstd -DVM_COVERAGE=0 -DVM_SC=0 -DVM_TRACE=0 -DVM_TRACE_FST=0 -DVM_TRACE_VCD=0 -faligned-new -fcf-protection=none -Wno-bool-operation -Wno-overloaded-virtual -Wno-shadow -Wno-sign-compare -Wno-uninitialized -Wno-unused-but-set-parameter -Wno-unused-but-set-variable -Wno-unused-parameter -Wno-unused-variable     -DVL_TIME_CONTEXT   -fcoroutines -c -o verilated_threads.o /usr/share/verilator/include/verilated_threads.cpp
g++ -Os  -I.  -MMD -I/usr/share/verilator/include -I/usr/share/verilator/include/vltstd -DVM_COVERAGE=0 -DVM_SC=0 -DVM_TRACE=0 -DVM_TRACE_FST=0 -DVM_TRACE_VCD=0 -faligned-new -fcf-protection=none -Wno-bool-operation -Wno-overloaded-virtual -Wno-shadow -Wno-sign-compare -Wno-uninitialized -Wno-unused-but-set-parameter -Wno-unused-but-set-variable -Wno-unused-parameter -Wno-unused-variable     -DVL_TIME_CONTEXT   -fcoroutines -x c++-header Vp2_tb__pch.h -o Vp2_tb__pch.h.fast.gch
g++   -I.  -MMD -I/usr/share/verilator/include -I/usr/share/verilator/include/vltstd -DVM_COVERAGE=0 -DVM_SC=0 -DVM_TRACE=0 -DVM_TRACE_FST=0 -DVM_TRACE_VCD=0 -faligned-new -fcf-protection=none -Wno-bool-operation -Wno-overloaded-virtual -Wno-shadow -Wno-sign-compare -Wno-uninitialized -Wno-unused-but-set-parameter -Wno-unused-but-set-variable -Wno-unused-parameter -Wno-unused-variable     -DVL_TIME_CONTEXT   -fcoroutines -x c++-header Vp2_tb__pch.h -o Vp2_tb__pch.h.slow.gch
echo "" > Vp2_tb__ALL.verilator_deplist.tmp
g++ -Os  -I.  -MMD -I/usr/share/verilator/include -I/usr/share/verilator/include/vltstd -DVM_COVERAGE=0 -DVM_SC=0 -DVM_TRACE=0 -DVM_TRACE_FST=0 -DVM_TRACE_VCD=0 -faligned-new -fcf-protection=none -Wno-bool-operation -Wno-overloaded-virtual -Wno-shadow -Wno-sign-compare -Wno-uninitialized -Wno-unused-but-set-parameter -Wno-unused-but-set-variable -Wno-unused-parameter -Wno-unused-variable     -DVL_TIME_CONTEXT   -fcoroutines -include Vp2_tb__pch.h.fast -c -o Vp2_tb.o Vp2_tb.cpp
g++ -Os  -I.  -MMD -I/usr/share/verilator/include -I/usr/share/verilator/include/vltstd -DVM_COVERAGE=0 -DVM_SC=0 -DVM_TRACE=0 -DVM_TRACE_FST=0 -DVM_TRACE_VCD=0 -faligned-new -fcf-protection=none -Wno-bool-operation -Wno-overloaded-virtual -Wno-shadow -Wno-sign-compare -Wno-uninitialized -Wno-unused-but-set-parameter -Wno-unused-but-set-variable -Wno-unused-parameter -Wno-unused-variable     -DVL_TIME_CONTEXT   -fcoroutines -include Vp2_tb__pch.h.fast -c -o Vp2_tb___024root__DepSet_h4c7a9c7c__0.o Vp2_tb___024root__DepSet_h4c7a9c7c__0.cpp
g++ -Os  -I.  -MMD -I/usr/share/verilator/include -I/usr/share/verilator/include/vltstd -DVM_COVERAGE=0 -DVM_SC=0 -DVM_TRACE=0 -DVM_TRACE_FST=0 -DVM_TRACE_VCD=0 -faligned-new -fcf-protection=none -Wno-bool-operation -Wno-overloaded-virtual -Wno-shadow -Wno-sign-compare -Wno-uninitialized -Wno-unused-but-set-parameter -Wno-unused-but-set-variable -Wno-unused-parameter -Wno-unused-variable     -DVL_TIME_CONTEXT   -fcoroutines -include Vp2_tb__pch.h.fast -c -o Vp2_tb___024root__DepSet_hec8f2b2e__0.o Vp2_tb___024root__DepSet_hec8f2b2e__0.cpp
g++ -Os  -I.  -MMD -I/usr/share/verilator/include -I/usr/share/verilator/include/vltstd -DVM_COVERAGE=0 -DVM_SC=0 -DVM_TRACE=0 -DVM_TRACE_FST=0 -DVM_TRACE_VCD=0 -faligned-new -fcf-protection=none -Wno-bool-operation -Wno-overloaded-virtual -Wno-shadow -Wno-sign-compare -Wno-uninitialized -Wno-unused-but-set-parameter -Wno-unused-but-set-variable -Wno-unused-parameter -Wno-unused-variable     -DVL_TIME_CONTEXT   -fcoroutines -include Vp2_tb__pch.h.fast -c -o Vp2_tb___024root__DepSet_hec8f2b2e__1.o Vp2_tb___024root__DepSet_hec8f2b2e__1.cpp
g++ -Os  -I.  -MMD -I/usr/share/verilator/include -I/usr/share/verilator/include/vltstd -DVM_COVERAGE=0 -DVM_SC=0 -DVM_TRACE=0 -DVM_TRACE_FST=0 -DVM_TRACE_VCD=0 -faligned-new -fcf-protection=none -Wno-bool-operation -Wno-overloaded-virtual -Wno-shadow -Wno-sign-compare -Wno-uninitialized -Wno-unused-but-set-parameter -Wno-unused-but-set-variable -Wno-unused-parameter -Wno-unused-variable     -DVL_TIME_CONTEXT   -fcoroutines -include Vp2_tb__pch.h.fast -c -o Vp2_tb_recon_core__DepSet_h7e6c673f__0.o Vp2_tb_recon_core__DepSet_h7e6c673f__0.cpp
g++ -Os  -I.  -MMD -I/usr/share/verilator/include -I/usr/share/verilator/include/vltstd -DVM_COVERAGE=0 -DVM_SC=0 -DVM_TRACE=0 -DVM_TRACE_FST=0 -DVM_TRACE_VCD=0 -faligned-new -fcf-protection=none -Wno-bool-operation -Wno-overloaded-virtual -Wno-shadow -Wno-sign-compare -Wno-uninitialized -Wno-unused-but-set-parameter -Wno-unused-but-set-variable -Wno-unused-parameter -Wno-unused-variable     -DVL_TIME_CONTEXT   -fcoroutines -include Vp2_tb__pch.h.fast -c -o Vp2_tb_recon_core__DepSet_h7e6c673f__1.o Vp2_tb_recon_core__DepSet_h7e6c673f__1.cpp
g++ -Os  -I.  -MMD -I/usr/share/verilator/include -I/usr/share/verilator/include/vltstd -DVM_COVERAGE=0 -DVM_SC=0 -DVM_TRACE=0 -DVM_TRACE_FST=0 -DVM_TRACE_VCD=0 -faligned-new -fcf-protection=none -Wno-bool-operation -Wno-overloaded-virtual -Wno-shadow -Wno-sign-compare -Wno-uninitialized -Wno-unused-but-set-parameter -Wno-unused-but-set-variable -Wno-unused-parameter -Wno-unused-variable     -DVL_TIME_CONTEXT   -fcoroutines -include Vp2_tb__pch.h.fast -c -o Vp2_tb_recon_core__DepSet_h7e6c673f__2.o Vp2_tb_recon_core__DepSet_h7e6c673f__2.cpp
g++ -Os  -I.  -MMD -I/usr/share/verilator/include -I/usr/share/verilator/include/vltstd -DVM_COVERAGE=0 -DVM_SC=0 -DVM_TRACE=0 -DVM_TRACE_FST=0 -DVM_TRACE_VCD=0 -faligned-new -fcf-protection=none -Wno-bool-operation -Wno-overloaded-virtual -Wno-shadow -Wno-sign-compare -Wno-uninitialized -Wno-unused-but-set-parameter -Wno-unused-but-set-variable -Wno-unused-parameter -Wno-unused-variable     -DVL_TIME_CONTEXT   -fcoroutines -include Vp2_tb__pch.h.fast -c -o Vp2_tb_recon_core__DepSet_h7e6c673f__3.o Vp2_tb_recon_core__DepSet_h7e6c673f__3.cpp
g++ -Os  -I.  -MMD -I/usr/share/verilator/include -I/usr/share/verilator/include/vltstd -DVM_COVERAGE=0 -DVM_SC=0 -DVM_TRACE=0 -DVM_TRACE_FST=0 -DVM_TRACE_VCD=0 -faligned-new -fcf-protection=none -Wno-bool-operation -Wno-overloaded-virtual -Wno-shadow -Wno-sign-compare -Wno-uninitialized -Wno-unused-but-set-parameter -Wno-unused-but-set-variable -Wno-unused-parameter -Wno-unused-variable     -DVL_TIME_CONTEXT   -fcoroutines -include Vp2_tb__pch.h.fast -c -o Vp2_tb_recon_core__DepSet_h7e6c673f__4.o Vp2_tb_recon_core__DepSet_h7e6c673f__4.cpp
g++ -Os  -I.  -MMD -I/usr/share/verilator/include -I/usr/share/verilator/include/vltstd -DVM_COVERAGE=0 -DVM_SC=0 -DVM_TRACE=0 -DVM_TRACE_FST=0 -DVM_TRACE_VCD=0 -faligned-new -fcf-protection=none -Wno-bool-operation -Wno-overloaded-virtual -Wno-shadow -Wno-sign-compare -Wno-uninitialized -Wno-unused-but-set-parameter -Wno-unused-but-set-variable -Wno-unused-parameter -Wno-unused-variable     -DVL_TIME_CONTEXT   -fcoroutines -include Vp2_tb__pch.h.fast -c -o Vp2_tb_recon_core__DepSet_h7e6c673f__5.o Vp2_tb_recon_core__DepSet_h7e6c673f__5.cpp
g++ -Os  -I.  -MMD -I/usr/share/verilator/include -I/usr/share/verilator/include/vltstd -DVM_COVERAGE=0 -DVM_SC=0 -DVM_TRACE=0 -DVM_TRACE_FST=0 -DVM_TRACE_VCD=0 -faligned-new -fcf-protection=none -Wno-bool-operation -Wno-overloaded-virtual -Wno-shadow -Wno-sign-compare -Wno-uninitialized -Wno-unused-but-set-parameter -Wno-unused-but-set-variable -Wno-unused-parameter -Wno-unused-variable     -DVL_TIME_CONTEXT   -fcoroutines -include Vp2_tb__pch.h.fast -c -o Vp2_tb_recon_core__DepSet_h7e6c673f__6.o Vp2_tb_recon_core__DepSet_h7e6c673f__6.cpp
g++ -Os  -I.  -MMD -I/usr/share/verilator/include -I/usr/share/verilator/include/vltstd -DVM_COVERAGE=0 -DVM_SC=0 -DVM_TRACE=0 -DVM_TRACE_FST=0 -DVM_TRACE_VCD=0 -faligned-new -fcf-protection=none -Wno-bool-operation -Wno-overloaded-virtual -Wno-shadow -Wno-sign-compare -Wno-uninitialized -Wno-unused-but-set-parameter -Wno-unused-but-set-variable -Wno-unused-parameter -Wno-unused-variable     -DVL_TIME_CONTEXT   -fcoroutines -include Vp2_tb__pch.h.fast -c -o Vp2_tb__main.o Vp2_tb__main.cpp
g++   -I.  -MMD -I/usr/share/verilator/include -I/usr/share/verilator/include/vltstd -DVM_COVERAGE=0 -DVM_SC=0 -DVM_TRACE=0 -DVM_TRACE_FST=0 -DVM_TRACE_VCD=0 -faligned-new -fcf-protection=none -Wno-bool-operation -Wno-overloaded-virtual -Wno-shadow -Wno-sign-compare -Wno-uninitialized -Wno-unused-but-set-parameter -Wno-unused-but-set-variable -Wno-unused-parameter -Wno-unused-variable     -DVL_TIME_CONTEXT   -fcoroutines -include Vp2_tb__pch.h.slow -c -o Vp2_tb__ConstPool_0.o Vp2_tb__ConstPool_0.cpp
g++   -I.  -MMD -I/usr/share/verilator/include -I/usr/share/verilator/include/vltstd -DVM_COVERAGE=0 -DVM_SC=0 -DVM_TRACE=0 -DVM_TRACE_FST=0 -DVM_TRACE_VCD=0 -faligned-new -fcf-protection=none -Wno-bool-operation -Wno-overloaded-virtual -Wno-shadow -Wno-sign-compare -Wno-uninitialized -Wno-unused-but-set-parameter -Wno-unused-but-set-variable -Wno-unused-parameter -Wno-unused-variable     -DVL_TIME_CONTEXT   -fcoroutines -include Vp2_tb__pch.h.slow -c -o Vp2_tb___024root__Slow.o Vp2_tb___024root__Slow.cpp
g++   -I.  -MMD -I/usr/share/verilator/include -I/usr/share/verilator/include/vltstd -DVM_COVERAGE=0 -DVM_SC=0 -DVM_TRACE=0 -DVM_TRACE_FST=0 -DVM_TRACE_VCD=0 -faligned-new -fcf-protection=none -Wno-bool-operation -Wno-overloaded-virtual -Wno-shadow -Wno-sign-compare -Wno-uninitialized -Wno-unused-but-set-parameter -Wno-unused-but-set-variable -Wno-unused-parameter -Wno-unused-variable     -DVL_TIME_CONTEXT   -fcoroutines -include Vp2_tb__pch.h.slow -c -o Vp2_tb___024root__DepSet_h4c7a9c7c__0__Slow.o Vp2_tb___024root__DepSet_h4c7a9c7c__0__Slow.cpp
g++   -I.  -MMD -I/usr/share/verilator/include -I/usr/share/verilator/include/vltstd -DVM_COVERAGE=0 -DVM_SC=0 -DVM_TRACE=0 -DVM_TRACE_FST=0 -DVM_TRACE_VCD=0 -faligned-new -fcf-protection=none -Wno-bool-operation -Wno-overloaded-virtual -Wno-shadow -Wno-sign-compare -Wno-uninitialized -Wno-unused-but-set-parameter -Wno-unused-but-set-variable -Wno-unused-parameter -Wno-unused-variable     -DVL_TIME_CONTEXT   -fcoroutines -include Vp2_tb__pch.h.slow -c -o Vp2_tb___024root__DepSet_hec8f2b2e__0__Slow.o Vp2_tb___024root__DepSet_hec8f2b2e__0__Slow.cpp
g++   -I.  -MMD -I/usr/share/verilator/include -I/usr/share/verilator/include/vltstd -DVM_COVERAGE=0 -DVM_SC=0 -DVM_TRACE=0 -DVM_TRACE_FST=0 -DVM_TRACE_VCD=0 -faligned-new -fcf-protection=none -Wno-bool-operation -Wno-overloaded-virtual -Wno-shadow -Wno-sign-compare -Wno-uninitialized -Wno-unused-but-set-parameter -Wno-unused-but-set-variable -Wno-unused-parameter -Wno-unused-variable     -DVL_TIME_CONTEXT   -fcoroutines -include Vp2_tb__pch.h.slow -c -o Vp2_tb___024unit__Slow.o Vp2_tb___024unit__Slow.cpp
g++   -I.  -MMD -I/usr/share/verilator/include -I/usr/share/verilator/include/vltstd -DVM_COVERAGE=0 -DVM_SC=0 -DVM_TRACE=0 -DVM_TRACE_FST=0 -DVM_TRACE_VCD=0 -faligned-new -fcf-protection=none -Wno-bool-operation -Wno-overloaded-virtual -Wno-shadow -Wno-sign-compare -Wno-uninitialized -Wno-unused-but-set-parameter -Wno-unused-but-set-variable -Wno-unused-parameter -Wno-unused-variable     -DVL_TIME_CONTEXT   -fcoroutines -include Vp2_tb__pch.h.slow -c -o Vp2_tb___024unit__DepSet_h7add48b6__0__Slow.o Vp2_tb___024unit__DepSet_h7add48b6__0__Slow.cpp
g++   -I.  -MMD -I/usr/share/verilator/include -I/usr/share/verilator/include/vltstd -DVM_COVERAGE=0 -DVM_SC=0 -DVM_TRACE=0 -DVM_TRACE_FST=0 -DVM_TRACE_VCD=0 -faligned-new -fcf-protection=none -Wno-bool-operation -Wno-overloaded-virtual -Wno-shadow -Wno-sign-compare -Wno-uninitialized -Wno-unused-but-set-parameter -Wno-unused-but-set-variable -Wno-unused-parameter -Wno-unused-variable     -DVL_TIME_CONTEXT   -fcoroutines -include Vp2_tb__pch.h.slow -c -o Vp2_tb_recon_core__Slow.o Vp2_tb_recon_core__Slow.cpp
g++   -I.  -MMD -I/usr/share/verilator/include -I/usr/share/verilator/include/vltstd -DVM_COVERAGE=0 -DVM_SC=0 -DVM_TRACE=0 -DVM_TRACE_FST=0 -DVM_TRACE_VCD=0 -faligned-new -fcf-protection=none -Wno-bool-operation -Wno-overloaded-virtual -Wno-shadow -Wno-sign-compare -Wno-uninitialized -Wno-unused-but-set-parameter -Wno-unused-but-set-variable -Wno-unused-parameter -Wno-unused-variable     -DVL_TIME_CONTEXT   -fcoroutines -include Vp2_tb__pch.h.slow -c -o Vp2_tb_recon_core__DepSet_h7e6c673f__0__Slow.o Vp2_tb_recon_core__DepSet_h7e6c673f__0__Slow.cpp
g++   -I.  -MMD -I/usr/share/verilator/include -I/usr/share/verilator/include/vltstd -DVM_COVERAGE=0 -DVM_SC=0 -DVM_TRACE=0 -DVM_TRACE_FST=0 -DVM_TRACE_VCD=0 -faligned-new -fcf-protection=none -Wno-bool-operation -Wno-overloaded-virtual -Wno-shadow -Wno-sign-compare -Wno-uninitialized -Wno-unused-but-set-parameter -Wno-unused-but-set-variable -Wno-unused-parameter -Wno-unused-variable     -DVL_TIME_CONTEXT   -fcoroutines -include Vp2_tb__pch.h.slow -c -o Vp2_tb_recon_core__DepSet_h7e6c673f__1__Slow.o Vp2_tb_recon_core__DepSet_h7e6c673f__1__Slow.cpp
g++   -I.  -MMD -I/usr/share/verilator/include -I/usr/share/verilator/include/vltstd -DVM_COVERAGE=0 -DVM_SC=0 -DVM_TRACE=0 -DVM_TRACE_FST=0 -DVM_TRACE_VCD=0 -faligned-new -fcf-protection=none -Wno-bool-operation -Wno-overloaded-virtual -Wno-shadow -Wno-sign-compare -Wno-uninitialized -Wno-unused-but-set-parameter -Wno-unused-but-set-variable -Wno-unused-parameter -Wno-unused-variable     -DVL_TIME_CONTEXT   -fcoroutines -include Vp2_tb__pch.h.slow -c -o Vp2_tb_recon_core__DepSet_h7e6c673f__2__Slow.o Vp2_tb_recon_core__DepSet_h7e6c673f__2__Slow.cpp
g++   -I.  -MMD -I/usr/share/verilator/include -I/usr/share/verilator/include/vltstd -DVM_COVERAGE=0 -DVM_SC=0 -DVM_TRACE=0 -DVM_TRACE_FST=0 -DVM_TRACE_VCD=0 -faligned-new -fcf-protection=none -Wno-bool-operation -Wno-overloaded-virtual -Wno-shadow -Wno-sign-compare -Wno-uninitialized -Wno-unused-but-set-parameter -Wno-unused-but-set-variable -Wno-unused-parameter -Wno-unused-variable     -DVL_TIME_CONTEXT   -fcoroutines -include Vp2_tb__pch.h.slow -c -o Vp2_tb_recon_core__DepSet_h7e6c673f__3__Slow.o Vp2_tb_recon_core__DepSet_h7e6c673f__3__Slow.cpp
g++   -I.  -MMD -I/usr/share/verilator/include -I/usr/share/verilator/include/vltstd -DVM_COVERAGE=0 -DVM_SC=0 -DVM_TRACE=0 -DVM_TRACE_FST=0 -DVM_TRACE_VCD=0 -faligned-new -fcf-protection=none -Wno-bool-operation -Wno-overloaded-virtual -Wno-shadow -Wno-sign-compare -Wno-uninitialized -Wno-unused-but-set-parameter -Wno-unused-but-set-variable -Wno-unused-parameter -Wno-unused-variable     -DVL_TIME_CONTEXT   -fcoroutines -include Vp2_tb__pch.h.slow -c -o Vp2_tb_recon_core__DepSet_hbaa5426d__0__Slow.o Vp2_tb_recon_core__DepSet_hbaa5426d__0__Slow.cpp
g++   -I.  -MMD -I/usr/share/verilator/include -I/usr/share/verilator/include/vltstd -DVM_COVERAGE=0 -DVM_SC=0 -DVM_TRACE=0 -DVM_TRACE_FST=0 -DVM_TRACE_VCD=0 -faligned-new -fcf-protection=none -Wno-bool-operation -Wno-overloaded-virtual -Wno-shadow -Wno-sign-compare -Wno-uninitialized -Wno-unused-but-set-parameter -Wno-unused-but-set-variable -Wno-unused-parameter -Wno-unused-variable     -DVL_TIME_CONTEXT   -fcoroutines -include Vp2_tb__pch.h.slow -c -o Vp2_tb__Syms.o Vp2_tb__Syms.cpp
Archive ar -rcs Vp2_tb__ALL.a Vp2_tb.o Vp2_tb___024root__DepSet_h4c7a9c7c__0.o Vp2_tb___024root__DepSet_hec8f2b2e__0.o Vp2_tb___024root__DepSet_hec8f2b2e__1.o Vp2_tb_recon_core__DepSet_h7e6c673f__0.o Vp2_tb_recon_core__DepSet_h7e6c673f__1.o Vp2_tb_recon_core__DepSet_h7e6c673f__2.o Vp2_tb_recon_core__DepSet_h7e6c673f__3.o Vp2_tb_recon_core__DepSet_h7e6c673f__4.o Vp2_tb_recon_core__DepSet_h7e6c673f__5.o Vp2_tb_recon_core__DepSet_h7e6c673f__6.o Vp2_tb__main.o Vp2_tb__ConstPool_0.o Vp2_tb___024root__Slow.o Vp2_tb___024root__DepSet_h4c7a9c7c__0__Slow.o Vp2_tb___024root__DepSet_hec8f2b2e__0__Slow.o Vp2_tb___024unit__Slow.o Vp2_tb___024unit__DepSet_h7add48b6__0__Slow.o Vp2_tb_recon_core__Slow.o Vp2_tb_recon_core__DepSet_h7e6c673f__0__Slow.o Vp2_tb_recon_core__DepSet_h7e6c673f__1__Slow.o Vp2_tb_recon_core__DepSet_h7e6c673f__2__Slow.o Vp2_tb_recon_core__DepSet_h7e6c673f__3__Slow.o Vp2_tb_recon_core__DepSet_hbaa5426d__0__Slow.o Vp2_tb__Syms.o
g++     verilated.o verilated_timing.o verilated_threads.o Vp2_tb__ALL.a    -pthread -lpthread -latomic   -o Vp2_tb
rm Vp2_tb__ALL.verilator_deplist.tmp
make: Leaving directory '/tmp/sar_rtl_9tbthx7b'
