
****** Vivado v2018.3 (64-bit)
  **** SW Build 2405991 on Thu Dec  6 23:38:27 MST 2018
  **** IP Build 2404404 on Fri Dec  7 01:43:56 MST 2018
    ** Copyright 1986-2018 Xilinx, Inc. All Rights Reserved.

source input/run_vivado_full_mapped.tcl
# if {$argc != 4} {puts stderr "Usage: INPUT_DCP NEW_OUT_DIR PART STAGES"; exit 1}
# lassign $argv checkpoint out part stages
# set checkpoint [file normalize $checkpoint]
# set out [file normalize $out]
# if {$stages ni {5 7} || ![file isfile $checkpoint] || [file size $checkpoint] == 0 ||
#     [string tolower [file extension $checkpoint]] ne ".dcp"} {
#     puts stderr "A nonempty DCP and manifest-verified P5/P7 profile are required"
#     exit 1
# }
# if {[file exists $out]} {puts stderr "Refusing to reuse $out"; exit 1}
# file mkdir $out
Command: open_checkpoint C:/Users/Administrator/adc_rtl_vivado/run.9dd6a40dd22c47279f99d03d25ab1d76/out/input/post_synth.dcp

Starting open_checkpoint Task

Time (s): cpu = 00:00:00 ; elapsed = 00:00:00.024 . Memory (MB): peak = 249.215 ; gain = 0.000
INFO: [Netlist 29-17] Analyzing 21273 Unisim elements for replacement
INFO: [Netlist 29-28] Unisim Transformation completed in 0 CPU seconds
INFO: [Project 1-479] Netlist was created with Vivado 2018.3
INFO: [Device 21-403] Loading part xc7vx690tffg1761-2
INFO: [Project 1-570] Preparing netlist for logic optimization
INFO: [Timing 38-478] Restoring timing data from binary archive.
INFO: [Timing 38-479] Binary timing data restore complete.
INFO: [Project 1-856] Restoring constraints from binary archive.
INFO: [Project 1-853] Binary constraint restore complete.
Netlist sorting complete. Time (s): cpu = 00:00:00 ; elapsed = 00:00:00.047 . Memory (MB): peak = 2809.473 ; gain = 0.000
INFO: [Project 1-111] Unisim Transformation Summary:
No Unisim elements were transformed.

INFO: [Project 1-604] Checkpoint was created with Vivado v2018.3 (64-bit) build 2405991
open_checkpoint: Time (s): cpu = 00:00:30 ; elapsed = 00:00:33 . Memory (MB): peak = 2809.473 ; gain = 2560.258
WARNING: [Vivado 12-180] No cells matched 'get_cells -hierarchical -filter {IS_BLACKBOX == 1}'.
write_verilog: Time (s): cpu = 00:00:07 ; elapsed = 00:00:08 . Memory (MB): peak = 2809.473 ; gain = 0.000
# set rc [catch {
#     set_param general.maxThreads 2
#     open_checkpoint $checkpoint
#     # Vivado 2018.3 stores this OOC checkpoint under the generic design name
#     # checkpoint_post_synth. Its exact DCP SHA, part, full public port set and
#     # original synthesis source package are checked by the surrounding runner.
#     set checkpoint_name [get_property NAME [current_design]]
#     if {$checkpoint_name ni {sar20_digital_core checkpoint_post_synth}} {
#         error "Unexpected full-top checkpoint design name: $checkpoint_name"
#     }
#     if {[get_property PART [current_design]] ne $part} {error "DCP part disagrees with manifest"}
#     if {[llength [get_cells -hierarchical -filter {IS_BLACKBOX == 1}]] != 0} {
#         error "Unresolved black boxes in checkpoint"
#     }
#     foreach port {clk rst_n cfg_wr cfg_addr cfg_wdata cfg_rdata cfg_ready dout dout_valid dout_sample_id dout_flags} {
#         # get_ports bus-name queries can return each bit; existence is sufficient.
#         if {[llength [get_ports -quiet $port]] == 0 &&
#             [llength [get_ports -quiet ${port}\[*\]]] == 0} {
#             error "Missing full-top public port: $port"
#         }
#     }
#     write_verilog -mode funcsim [file join $out full_top_funcsim.v]
#     set fh [open [file join $out status.txt] w]
#     puts $fh "STATUS=FULL_MAPPED_EXPORT_COMPLETE"
#     puts $fh "TOP=sar20_digital_core"
#     puts $fh "CHECKPOINT_DESIGN_NAME=$checkpoint_name"
#     puts $fh "PART=$part"
#     puts $fh "P_RECON_STAGES=$stages"
#     puts $fh "STAGE_BINDING=CALLER_SYNTHESIS_MANIFEST_AND_DCP_SHA256"
#     puts $fh "VIVADO_VERSION=[version -short]"
#     puts $fh "SCOPE=FULL_TOP_POST_SYNTH_FUNCTIONAL_NO_SDF_NOT_TIMING"
#     close $fh
# } message options]
# if {$rc} {
#     set fh [open [file join $out failure.txt] w]
#     puts $fh $message
#     puts $fh [dict get $options -errorinfo]
#     close $fh
#     puts stderr $message
#     exit 1
# }
# exit 0
INFO: [Common 17-206] Exiting Vivado at Wed Sep 30 21:53:28 2026...
