
****** xsim v2018.3 (64-bit)
  **** SW Build 2405991 on Thu Dec  6 23:38:27 MST 2018
  **** IP Build 2404404 on Fri Dec  7 01:43:56 MST 2018
    ** Copyright 1986-2018 Xilinx, Inc. All Rights Reserved.

source xsim.dir/full_mapped_p5/xsim_script.tcl
# xsim {full_mapped_p5} -testplusarg mapped_trace=trace.csv -autoloadwcfg -runall
Vivado Simulator 2018.3
Time resolution is 1 ps
run -all
MAPPED_SCOPE functional_only public_ports_only recon_stages=5 latency_checked=0 reset_release_ns=220
MAPPED_ROW,0,3,4078,2,96960,96960,0,0,0
MAPPED_ROW,0,4,4094,3,173073,173073,0,0,0
MAPPED_ROW,0,5,4110,4,249198,249198,0,0,0
MAPPED_ROW,0,6,4126,5,325313,325313,0,0,0
MAPPED_ROW,0,7,4142,6,401424,401424,0,0,0
MAPPED_ROW,0,8,4158,7,477547,477547,0,0,0
MAPPED_ROW,0,9,4174,8,553659,553659,0,0,0
MAPPED_ROW,0,10,4190,9,629758,629758,0,0,0
MAPPED_ROW,0,11,4206,10,705889,705889,0,0,448
MAPPED_ROW,0,12,4222,11,782005,782005,0,0,448
MAPPED_ROW,0,15,4270,14,27337,27337,0,0,448
MAPPED_ROW,0,16,4286,15,103467,103467,0,0,448
MAPPED_ROW,0,17,4302,16,179574,179574,0,0,448
MAPPED_ROW,0,18,4318,17,255688,255688,0,0,448
MAPPED_ROW,0,19,4334,18,331811,331811,0,0,448
MAPPED_ROW,0,20,4350,19,407920,407920,0,0,448
MAPPED_ROW,0,21,4366,20,484039,484039,0,0,448
MAPPED_ROW,0,22,4382,21,560169,560169,0,0,448
MAPPED_ROW,0,23,4398,22,636274,636274,0,0,448
MAPPED_ROW,0,24,4414,23,712413,712413,0,0,448
MAPPED_ROW,0,25,4430,24,788518,788518,0,0,448
MAPPED_ROW,0,26,4446,25,864624,864624,0,0,448
MAPPED_ROW,0,27,4462,26,940758,940758,0,0,448
MAPPED_ROW,0,28,4478,27,33846,33846,0,0,448
MAPPED_ROW,0,29,4494,28,109968,109968,0,0,448
MAPPED_ROW,0,30,4510,29,186089,186089,0,0,448
MAPPED_ROW,0,31,4526,30,262199,262199,0,0,448
MAPPED_ROW,0,32,4542,31,338328,338328,0,0,448
MAPPED_ROW,0,33,4558,32,414435,414435,0,0,448
MAPPED_ROW,0,34,4574,33,490554,490554,0,0,448
MAPPED_ROW,0,35,4590,34,566673,566673,0,0,448
MAPPED_ROW,0,36,4606,35,642770,642770,0,0,448
MAPPED_ROW,0,37,4622,36,718903,718903,0,0,448
MAPPED_ROW,0,38,4638,37,795017,795017,0,0,448
MAPPED_ROW,0,39,4654,38,871131,871131,0,0,448
MAPPED_ROW,0,40,4670,39,947261,947261,0,0,448
MAPPED_ROW,0,41,4686,40,40351,40351,0,0,448
MAPPED_ROW,0,42,4702,41,116469,116469,0,0,448
MAPPED_ROW,0,43,4718,42,192588,192588,0,0,448
MAPPED_ROW,0,44,4734,43,268692,268692,0,0,448
MAPPED_ROW,0,45,4750,44,344812,344812,0,0,448
MAPPED_ROW,0,46,4766,45,420943,420943,0,0,448
MAPPED_ROW,0,47,4782,46,497046,497046,0,0,448
MAPPED_ROW,0,48,4798,47,573188,573188,0,0,448
MAPPED_ROW,0,49,4814,48,649294,649294,0,0,448
MAPPED_ROW,0,52,4862,51,877639,877639,0,0,448
MAPPED_ROW,0,53,4878,52,953772,953772,0,0,448
MAPPED_ROW,0,54,4894,53,46860,46860,0,0,512
MAPPED_ROW,0,56,4926,55,199101,199101,0,0,512
MAPPED_ROW,0,57,4942,56,275214,275214,0,0,512
MAPPED_ROW,0,58,4958,57,351329,351329,0,0,512
MAPPED_ROW,0,59,4974,58,427450,427450,0,0,512
MAPPED_ROW,0,60,4990,59,503550,503550,0,0,512
MAPPED_ROW,0,61,5006,60,579674,579674,0,0,512
MAPPED_ROW,0,62,5022,61,655790,655790,0,0,512
MAPPED_ROW,0,63,5038,62,731899,731899,0,0,512
MAPPED_ROW,0,64,5054,63,808036,808036,0,0,512
MAPPED_ROW,0,65,5070,64,884143,884143,0,0,512
MAPPED_ROW,0,66,5086,65,960251,960251,0,0,512
MAPPED_ROW,0,67,5102,66,53367,53367,0,0,512
MAPPED_ROW,0,68,5118,67,129473,129473,0,0,512
MAPPED_ROW,0,69,5134,68,205591,205591,0,0,512
MAPPED_ROW,0,70,5150,69,281707,281707,0,0,512
MAPPED_ROW,0,71,5166,70,357815,357815,0,0,512
MAPPED_ROW,0,72,5182,71,433959,433959,0,0,512
MAPPED_ROW,0,73,5198,72,485492,485492,0,0,512
MAPPED_ROW,0,74,5214,73,561608,561608,0,0,512
MAPPED_ROW,0,75,5230,74,637738,637738,0,0,512
MAPPED_ROW,0,76,5246,75,713847,713847,0,0,512
MAPPED_ROW,0,77,5262,76,789980,789980,0,0,512
MAPPED_ROW,0,78,5278,77,866074,866074,0,0,512
MAPPED_ROW,0,79,5294,78,942187,942187,0,0,512
MAPPED_ROW,0,80,5310,79,35305,35305,0,0,512
MAPPED_ROW,0,81,5326,80,111414,111414,0,0,512
MAPPED_ROW,0,82,5342,81,187535,187535,0,0,512
MAPPED_ROW,0,83,5358,82,263659,263659,0,0,512
MAPPED_ROW,0,84,5374,83,339761,339761,0,0,512
MAPPED_ROW,0,85,5390,84,415880,415880,0,0,448
MAPPED_ROW,0,86,5406,85,491994,491994,0,0,448
MAPPED_ROW,0,89,5454,88,720342,720342,0,0,448
MAPPED_ROW,0,90,5470,89,796457,796457,0,0,448
MAPPED_ROW,0,91,5486,90,872587,872587,0,0,448
MAPPED_ROW,0,92,5502,91,948700,948700,0,0,448
MAPPED_ROW,0,93,5518,92,41812,41812,0,0,448
MAPPED_ROW,0,94,5534,93,117913,117913,0,0,448
MAPPED_ROW,0,95,5550,94,194022,194022,0,0,512
MAPPED_ROW,0,97,5582,96,346264,346264,0,0,512
MAPPED_ROW,0,98,5598,97,422389,422389,0,0,512
MAPPED_ROW,0,99,5614,98,498508,498508,0,0,512
MAPPED_ROW,0,100,5630,99,574626,574626,0,0,512
MAPPED_ROW,0,101,5646,100,650755,650755,0,0,512
MAPPED_ROW,0,102,5662,101,726862,726862,0,0,512
MAPPED_ROW,0,103,5678,102,802970,802970,0,0,512
MAPPED_ROW,0,104,5694,103,879090,879090,0,0,512
MAPPED_ROW,0,105,5710,104,955200,955200,0,0,512
MAPPED_ROW,0,106,5726,105,48304,48304,0,0,512
MAPPED_ROW,0,107,5742,106,124430,124430,0,0,512
MAPPED_ROW,0,108,5758,107,200536,200536,0,0,512
MAPPED_ROW,0,109,5774,108,276659,276659,0,0,512
MAPPED_ROW,0,110,5790,109,352771,352771,0,0,512
MAPPED_ROW,0,111,5806,110,428880,428880,0,0,512
MAPPED_ROW,0,112,5822,111,505002,505002,0,0,512
MAPPED_ROW,0,113,5838,112,581112,581112,0,0,512
MAPPED_ROW,0,114,5854,113,657226,657226,0,0,512
MAPPED_ROW,0,115,5870,114,733356,733356,0,0,512
MAPPED_ROW,0,116,5886,115,809471,809471,0,0,512
MAPPED_ROW,0,117,5902,116,885602,885602,0,0,512
MAPPED_ROW,0,118,5918,117,961712,961712,0,0,512
MAPPED_ROW,0,119,5934,118,54801,54801,0,0,512
MAPPED_ROW,0,120,5950,119,130932,130932,0,0,512
MAPPED_ROW,0,121,5966,120,207037,207037,0,0,512
MAPPED_ROW,0,122,5982,121,283163,283163,0,0,448
MAPPED_ROW,0,123,5998,122,359278,359278,0,0,448
MAPPED_ROW,0,126,6046,125,587638,587638,0,0,448
MAPPED_ROW,0,127,6062,126,663750,663750,0,0,448
MAPPED_ROW,0,128,6078,127,739869,739869,0,0,448
MAPPED_ROW,0,129,6094,128,815981,815981,0,0,448
MAPPED_ROW,0,130,6110,129,892076,892076,0,0,448
MAPPED_ROW,0,131,6126,130,968217,968217,0,0,448
MAPPED_ROW,0,132,6142,131,61312,61312,0,0,448
MAPPED_ROW,0,133,6158,132,137432,137432,0,0,448
MAPPED_ROW,0,134,6174,133,213553,213553,0,0,448
MAPPED_ROW,0,135,6190,134,289663,289663,0,0,448
MAPPED_ROW,0,136,6206,135,365789,365789,0,0,512
MAPPED_ROW,0,138,6238,137,518006,518006,0,0,512
MAPPED_ROW,0,139,6254,138,594128,594128,0,0,512
MAPPED_ROW,0,140,6270,139,670241,670241,0,0,512
MAPPED_ROW,0,141,6286,140,746375,746375,0,0,512
MAPPED_ROW,0,142,6302,141,822488,822488,0,0,512
MAPPED_ROW,0,143,6318,142,898596,898596,0,0,512
MAPPED_ROW,0,144,6334,143,950157,950157,0,0,512
MAPPED_ROW,0,145,6350,144,43243,43243,0,0,512
MAPPED_ROW,0,146,6366,145,119364,119364,0,0,512
MAPPED_ROW,0,147,6382,146,195480,195480,0,0,512
MAPPED_ROW,0,148,6398,147,271593,271593,0,0,512
MAPPED_ROW,0,149,6414,148,347709,347709,0,0,512
MAPPED_ROW,0,150,6430,149,423843,423843,0,0,512
MAPPED_ROW,0,151,6446,150,499947,499947,0,0,512
MAPPED_ROW,0,152,6462,151,576082,576082,0,0,512
MAPPED_ROW,0,153,6478,152,652192,652192,0,0,512
MAPPED_ROW,0,154,6494,153,728290,728290,0,0,512
MAPPED_ROW,0,155,6510,154,804423,804423,0,0,512
MAPPED_ROW,0,156,6526,155,880528,880528,0,0,512
MAPPED_ROW,0,157,6542,156,956660,956660,0,0,512
MAPPED_ROW,0,158,6558,157,49752,49752,0,0,512
MAPPED_ROW,0,159,6574,158,125863,125863,0,0,448
MAPPED_CANCEL,mode=0,sample_id=159,frame=159
MAPPED_ROW,1,3,10560,2,93589,93589,0,0,0
MAPPED_ROW,1,4,10576,3,172371,172371,0,0,0
MAPPED_ROW,1,5,10592,4,244961,244961,0,0,0
MAPPED_ROW,1,6,10608,5,323744,323744,0,0,0
MAPPED_ROW,1,7,10624,6,398387,398387,0,0,0
MAPPED_ROW,1,8,10640,7,475112,475112,0,0,0
MAPPED_ROW,1,9,10656,8,551823,551823,0,0,0
MAPPED_ROW,1,10,10672,9,632656,632656,0,0,0
MAPPED_ROW,1,11,10688,10,709389,709389,0,0,448
MAPPED_ROW,1,12,10704,11,781970,781970,0,0,448
MAPPED_ROW,1,15,10752,14,25485,25485,0,0,448
MAPPED_ROW,1,16,10768,15,98082,98082,0,0,448
MAPPED_ROW,1,17,10784,16,174788,174788,0,0,448
MAPPED_ROW,1,18,10800,17,249437,249437,0,0,448
MAPPED_ROW,1,19,10816,18,334427,334427,0,0,448
MAPPED_ROW,1,20,10832,19,409069,409069,0,0,448
MAPPED_ROW,1,21,10848,20,483722,483722,0,0,448
MAPPED_ROW,1,22,10864,21,560452,560452,0,0,448
MAPPED_ROW,1,23,10880,22,639225,639225,0,0,448
MAPPED_ROW,1,24,10896,23,711830,711830,0,0,448
MAPPED_ROW,1,25,10912,24,786467,786467,0,0,448
MAPPED_ROW,1,26,10928,25,871443,871443,0,0,448
MAPPED_ROW,1,27,10944,26,946108,946108,0,0,448
MAPPED_ROW,1,28,10960,27,34113,34113,0,0,448
MAPPED_ROW,1,29,10976,28,106701,106701,0,0,448
MAPPED_ROW,1,30,10992,29,183421,183421,0,0,448
MAPPED_ROW,1,31,11008,30,258067,258067,0,0,448
MAPPED_ROW,1,32,11024,31,332725,332725,0,0,448
MAPPED_ROW,1,33,11040,32,409436,409436,0,0,448
MAPPED_ROW,1,34,11056,33,488220,488220,0,0,448
MAPPED_ROW,1,35,11072,34,569075,569075,0,0,448
MAPPED_ROW,1,36,11088,35,643705,643705,0,0,448
MAPPED_ROW,1,37,11104,36,718371,718371,0,0,448
MAPPED_ROW,1,38,11120,37,793017,793017,0,0,448
MAPPED_ROW,1,39,11136,38,875931,875931,0,0,448
MAPPED_ROW,1,40,11152,39,946462,946462,0,0,448
MAPPED_ROW,1,41,11168,40,36535,36535,0,0,448
MAPPED_ROW,1,42,11184,41,113253,113253,0,0,448
MAPPED_ROW,1,43,11200,42,192040,192040,0,0,448
MAPPED_ROW,1,44,11216,43,270811,270811,0,0,448
MAPPED_ROW,1,45,11232,44,347532,347532,0,0,448
MAPPED_ROW,1,46,11248,45,420128,420128,0,0,448
MAPPED_ROW,1,47,11264,46,494763,494763,0,0,448
MAPPED_ROW,1,48,11280,47,577707,577707,0,0,448
MAPPED_ROW,1,49,11296,48,652347,652347,0,0,448
MAPPED_ROW,1,52,11344,51,884561,884561,0,0,448
MAPPED_ROW,1,53,11360,52,959226,959226,0,0,448
MAPPED_ROW,1,54,11376,53,41028,41028,0,0,512
MAPPED_ROW,1,56,11408,55,192404,192404,0,0,512
MAPPED_ROW,1,57,11424,56,273249,273249,0,0,512
MAPPED_ROW,1,58,11440,57,345831,345831,0,0,512
MAPPED_ROW,1,59,11456,58,426687,426687,0,0,512
MAPPED_ROW,1,60,11472,59,503387,503387,0,0,512
MAPPED_ROW,1,61,11488,60,578044,578044,0,0,512
MAPPED_ROW,1,62,11504,61,654760,654760,0,0,512
MAPPED_ROW,1,63,11520,62,731469,731469,0,0,512
MAPPED_ROW,1,64,11536,63,810274,810274,0,0,512
MAPPED_ROW,1,65,11552,64,886981,886981,0,0,512
MAPPED_ROW,1,66,11568,65,961622,961622,0,0,512
MAPPED_ROW,1,67,11584,66,49653,49653,0,0,512
MAPPED_ROW,1,68,11600,67,128427,128427,0,0,512
MAPPED_ROW,1,69,11616,68,201011,201011,0,0,512
MAPPED_ROW,1,70,11632,69,283928,283928,0,0,512
MAPPED_ROW,1,71,11648,70,354436,354436,0,0,512
MAPPED_ROW,1,72,11664,71,433246,433246,0,0,512
MAPPED_ROW,1,73,11680,72,487253,487253,0,0,512
MAPPED_ROW,1,74,11696,73,563970,563970,0,0,512
MAPPED_ROW,1,75,11712,74,638633,638633,0,0,512
MAPPED_ROW,1,76,11728,75,711207,711207,0,0,512
MAPPED_ROW,1,77,11744,76,790008,790008,0,0,512
MAPPED_ROW,1,78,11760,77,866702,866702,0,0,512
MAPPED_ROW,1,79,11776,78,943415,943415,0,0,512
MAPPED_ROW,1,80,11792,79,27314,27314,0,0,512
MAPPED_ROW,1,81,11808,80,112293,112293,0,0,512
MAPPED_ROW,1,82,11824,81,186947,186947,0,0,512
MAPPED_ROW,1,83,11840,82,261603,261603,0,0,512
MAPPED_ROW,1,84,11856,83,338307,338307,0,0,512
MAPPED_ROW,1,85,11872,84,415025,415025,0,0,448
MAPPED_ROW,1,86,11888,85,489673,489673,0,0,448
MAPPED_ROW,1,89,11936,88,726022,726022,0,0,448
MAPPED_ROW,1,90,11952,89,796536,796536,0,0,448
MAPPED_ROW,1,91,11968,90,879469,879469,0,0,448
MAPPED_ROW,1,92,11984,91,949979,949979,0,0,448
MAPPED_ROW,1,93,12000,92,35939,35939,0,0,448
MAPPED_ROW,1,94,12016,93,116776,116776,0,0,448
MAPPED_ROW,1,95,12032,94,195553,195553,0,0,512
MAPPED_ROW,1,97,12064,96,344859,344859,0,0,512
MAPPED_ROW,1,98,12080,97,423652,423652,0,0,512
MAPPED_ROW,1,99,12096,98,502441,502441,0,0,512
MAPPED_ROW,1,100,12112,99,572956,572956,0,0,512
MAPPED_ROW,1,101,12128,100,649685,649685,0,0,512
MAPPED_ROW,1,102,12144,101,724326,724326,0,0,512
MAPPED_ROW,1,103,12160,102,805167,805167,0,0,512
MAPPED_ROW,1,104,12176,103,879821,879821,0,0,512
MAPPED_ROW,1,105,12192,104,958598,958598,0,0,512
MAPPED_ROW,1,106,12208,105,44552,44552,0,0,512
MAPPED_ROW,1,107,12224,106,117142,117142,0,0,512
MAPPED_ROW,1,108,12240,107,195917,195917,0,0,512
MAPPED_ROW,1,109,12256,108,278841,278841,0,0,512
MAPPED_ROW,1,110,12272,109,351419,351419,0,0,512
MAPPED_ROW,1,111,12288,110,426060,426060,0,0,512
MAPPED_ROW,1,112,12304,111,504850,504850,0,0,512
MAPPED_ROW,1,113,12320,112,583628,583628,0,0,512
MAPPED_ROW,1,114,12336,113,660341,660341,0,0,512
MAPPED_ROW,1,115,12352,114,737073,737073,0,0,512
MAPPED_ROW,1,116,12368,115,813787,813787,0,0,512
MAPPED_ROW,1,117,12384,116,892586,892586,0,0,512
MAPPED_ROW,1,118,12400,117,965162,965162,0,0,512
MAPPED_ROW,1,119,12416,118,51099,51099,0,0,512
MAPPED_ROW,1,120,12432,119,125762,125762,0,0,512
MAPPED_ROW,1,121,12448,120,202468,202468,0,0,512
MAPPED_ROW,1,122,12464,121,281261,281261,0,0,448
MAPPED_ROW,1,123,12480,122,357977,357977,0,0,448
MAPPED_ROW,1,126,12528,125,586070,586070,0,0,448
MAPPED_ROW,1,127,12544,126,666916,666916,0,0,448
MAPPED_ROW,1,128,12560,127,741569,741569,0,0,448
MAPPED_ROW,1,129,12576,128,820348,820348,0,0,448
MAPPED_ROW,1,130,12592,129,897045,897045,0,0,448
MAPPED_ROW,1,131,12608,130,975850,975850,0,0,448
MAPPED_ROW,1,132,12624,131,53525,53525,0,0,448
MAPPED_ROW,1,133,12640,132,130250,130250,0,0,448
MAPPED_ROW,1,134,12656,133,211102,211102,0,0,448
MAPPED_ROW,1,135,12672,134,289880,289880,0,0,448
MAPPED_ROW,1,136,12688,135,362471,362471,0,0,512
MAPPED_ROW,1,138,12720,137,515889,515889,0,0,512
MAPPED_ROW,1,139,12736,138,598812,598812,0,0,512
MAPPED_ROW,1,140,12752,139,667257,667257,0,0,512
MAPPED_ROW,1,141,12768,140,748126,748126,0,0,512
MAPPED_ROW,1,142,12784,141,822772,822772,0,0,512
MAPPED_ROW,1,143,12800,142,903614,903614,0,0,512
MAPPED_ROW,1,144,12816,143,953515,953515,0,0,512
MAPPED_ROW,1,145,12832,144,39451,39451,0,0,512
MAPPED_ROW,1,146,12848,145,116171,116171,0,0,512
MAPPED_ROW,1,147,12864,146,194954,194954,0,0,512
MAPPED_ROW,1,148,12880,147,267532,267532,0,0,512
MAPPED_ROW,1,149,12896,148,344249,344249,0,0,512
MAPPED_ROW,1,150,12912,149,427186,427186,0,0,512
MAPPED_ROW,1,151,12928,150,495621,495621,0,0,512
MAPPED_ROW,1,152,12944,151,580626,580626,0,0,512
MAPPED_ROW,1,153,12960,152,655267,655267,0,0,512
MAPPED_ROW,1,154,12976,153,727832,727832,0,0,512
MAPPED_ROW,1,155,12992,154,810767,810767,0,0,512
MAPPED_ROW,1,156,13008,155,883337,883337,0,0,512
MAPPED_ROW,1,157,13024,156,958003,958003,0,0,512
MAPPED_ROW,1,158,13040,157,48077,48077,0,0,512
MAPPED_ROW,1,159,13056,158,122721,122721,0,0,448
MAPPED_CANCEL,mode=1,sample_id=159,frame=159
MAPPED_ROW,2,3,17042,2,96960,96960,0,0,0
MAPPED_ROW,2,4,17058,3,173073,173073,0,0,0
MAPPED_ROW,2,5,17074,4,249198,249198,0,0,0
MAPPED_ROW,2,6,17090,5,325313,325313,0,0,0
MAPPED_ROW,2,7,17106,6,401424,401424,0,0,0
MAPPED_ROW,2,8,17122,7,477547,477547,0,0,0
MAPPED_ROW,2,9,17138,8,553659,553659,0,0,0
MAPPED_ROW,2,10,17154,9,629758,629758,0,0,0
MAPPED_ROW,2,11,17170,10,705889,705889,0,0,448
MAPPED_ROW,2,12,17186,11,782005,782005,0,0,448
MAPPED_ROW,2,15,17234,14,27337,27337,0,0,448
MAPPED_ROW,2,16,17250,15,103467,103467,0,0,448
MAPPED_ROW,2,17,17266,16,179574,179574,0,0,448
MAPPED_ROW,2,18,17282,17,255688,255688,0,0,448
MAPPED_ROW,2,19,17298,18,331811,331811,0,0,448
MAPPED_ROW,2,20,17314,19,407920,407920,0,0,448
MAPPED_ROW,2,21,17330,20,484039,484039,0,0,448
MAPPED_ROW,2,22,17346,21,560169,560169,0,0,448
MAPPED_ROW,2,23,17362,22,636274,636274,0,0,448
MAPPED_ROW,2,24,17378,23,712413,712413,0,0,448
MAPPED_ROW,2,25,17394,24,788518,788518,0,0,448
MAPPED_ROW,2,26,17410,25,864624,864624,0,0,448
MAPPED_ROW,2,27,17426,26,940758,940758,0,0,448
MAPPED_ROW,2,28,17442,27,33846,33846,0,0,448
MAPPED_ROW,2,29,17458,28,109968,109968,0,0,448
MAPPED_ROW,2,30,17474,29,186089,186089,0,0,448
MAPPED_ROW,2,31,17490,30,262199,262199,0,0,448
MAPPED_ROW,2,32,17506,31,338328,338328,0,0,448
MAPPED_ROW,2,33,17522,32,414435,414435,0,0,448
MAPPED_ROW,2,34,17538,33,490554,490554,0,0,448
MAPPED_ROW,2,35,17554,34,566673,566673,0,0,448
MAPPED_ROW,2,36,17570,35,642770,642770,0,0,448
MAPPED_ROW,2,37,17586,36,718903,718903,0,0,448
MAPPED_ROW,2,38,17602,37,795017,795017,0,0,448
MAPPED_ROW,2,39,17618,38,871131,871131,0,0,448
MAPPED_ROW,2,40,17634,39,947261,947261,0,0,448
MAPPED_ROW,2,41,17650,40,40351,40351,0,0,448
MAPPED_ROW,2,42,17666,41,116469,116469,0,0,448
MAPPED_ROW,2,43,17682,42,192588,192588,0,0,448
MAPPED_ROW,2,44,17698,43,268692,268692,0,0,448
MAPPED_ROW,2,45,17714,44,344812,344812,0,0,448
MAPPED_ROW,2,46,17730,45,420943,420943,0,0,448
MAPPED_ROW,2,47,17746,46,497046,497046,0,0,448
MAPPED_ROW,2,48,17762,47,573188,573188,0,0,448
MAPPED_ROW,2,49,17778,48,649294,649294,0,0,448
MAPPED_ROW,2,52,17826,51,877639,877639,0,0,448
MAPPED_ROW,2,53,17842,52,953772,953772,0,0,448
MAPPED_ROW,2,54,17858,53,46860,46860,0,0,512
MAPPED_ROW,2,56,17890,55,199101,199101,0,0,512
MAPPED_ROW,2,57,17906,56,275214,275214,0,0,512
MAPPED_ROW,2,58,17922,57,351329,351329,0,0,512
MAPPED_ROW,2,59,17938,58,427450,427450,0,0,512
MAPPED_ROW,2,60,17954,59,503550,503550,0,0,512
MAPPED_ROW,2,61,17970,60,579674,579674,0,0,512
MAPPED_ROW,2,62,17986,61,655790,655790,0,0,512
MAPPED_ROW,2,63,18002,62,731899,731899,0,0,512
MAPPED_ROW,2,64,18018,63,808036,808036,0,0,512
MAPPED_ROW,2,65,18034,64,884143,884143,0,0,512
MAPPED_ROW,2,66,18050,65,960251,960251,0,0,512
MAPPED_ROW,2,67,18066,66,53367,53367,0,0,512
MAPPED_ROW,2,68,18082,67,129473,129473,0,0,512
MAPPED_ROW,2,69,18098,68,205591,205591,0,0,512
MAPPED_ROW,2,70,18114,69,281707,281707,0,0,512
MAPPED_ROW,2,71,18130,70,357815,357815,0,0,512
MAPPED_ROW,2,72,18146,71,433959,433959,0,0,512
MAPPED_ROW,2,73,18162,72,485492,485492,0,0,512
MAPPED_ROW,2,74,18178,73,561608,561608,0,0,512
MAPPED_ROW,2,75,18194,74,637738,637738,0,0,512
MAPPED_ROW,2,76,18210,75,713847,713847,0,0,512
MAPPED_ROW,2,77,18226,76,789980,789980,0,0,512
MAPPED_ROW,2,78,18242,77,866074,866074,0,0,512
MAPPED_ROW,2,79,18258,78,942187,942187,0,0,512
MAPPED_ROW,2,80,18274,79,35305,35305,0,0,512
MAPPED_ROW,2,81,18290,80,111414,111414,0,0,512
MAPPED_ROW,2,82,18306,81,187535,187535,0,0,512
MAPPED_ROW,2,83,18322,82,263659,263659,0,0,512
MAPPED_ROW,2,84,18338,83,339761,339761,0,0,512
MAPPED_ROW,2,85,18354,84,415880,415880,0,0,448
MAPPED_ROW,2,86,18370,85,491994,491994,0,0,448
MAPPED_ROW,2,89,18418,88,720342,720342,0,0,448
MAPPED_ROW,2,90,18434,89,796457,796457,0,0,448
MAPPED_ROW,2,91,18450,90,872587,872587,0,0,448
MAPPED_ROW,2,92,18466,91,948700,948700,0,0,448
MAPPED_ROW,2,93,18482,92,41812,41812,0,0,448
MAPPED_ROW,2,94,18498,93,117913,117913,0,0,448
MAPPED_ROW,2,95,18514,94,194022,194022,0,0,512
MAPPED_ROW,2,97,18546,96,346264,346264,0,0,512
MAPPED_ROW,2,98,18562,97,422389,422389,0,0,512
MAPPED_ROW,2,99,18578,98,498508,498508,0,0,512
MAPPED_ROW,2,100,18594,99,574626,574626,0,0,512
MAPPED_ROW,2,101,18610,100,650755,650755,0,0,512
MAPPED_ROW,2,102,18626,101,726862,726862,0,0,512
MAPPED_ROW,2,103,18642,102,802970,802970,0,0,512
MAPPED_ROW,2,104,18658,103,879090,879090,0,0,512
MAPPED_ROW,2,105,18674,104,955200,955200,0,0,512
MAPPED_ROW,2,106,18690,105,48304,48304,0,0,512
MAPPED_ROW,2,107,18706,106,124430,124430,0,0,512
MAPPED_ROW,2,108,18722,107,200536,200536,0,0,512
MAPPED_ROW,2,109,18738,108,276659,276659,0,0,512
MAPPED_ROW,2,110,18754,109,352771,352771,0,0,512
MAPPED_ROW,2,111,18770,110,428880,428880,0,0,512
MAPPED_ROW,2,112,18786,111,505002,505002,0,0,512
MAPPED_ROW,2,113,18802,112,581112,581112,0,0,512
MAPPED_ROW,2,114,18818,113,657226,657226,0,0,512
MAPPED_ROW,2,115,18834,114,733356,733356,0,0,512
MAPPED_ROW,2,116,18850,115,809471,809471,0,0,512
MAPPED_ROW,2,117,18866,116,885602,885602,0,0,512
MAPPED_ROW,2,118,18882,117,961712,961712,0,0,512
MAPPED_ROW,2,119,18898,118,54801,54801,0,0,512
MAPPED_ROW,2,120,18914,119,130932,130932,0,0,512
MAPPED_ROW,2,121,18930,120,207037,207037,0,0,512
MAPPED_ROW,2,122,18946,121,283163,283163,0,0,448
MAPPED_ROW,2,123,18962,122,359278,359278,0,0,448
MAPPED_ROW,2,126,19010,125,587638,587638,0,0,448
MAPPED_ROW,2,127,19026,126,663750,663750,0,0,448
MAPPED_ROW,2,128,19042,127,739869,739869,0,0,448
MAPPED_ROW,2,129,19058,128,815981,815981,0,0,448
MAPPED_ROW,2,130,19074,129,892076,892076,0,0,448
MAPPED_ROW,2,131,19090,130,968217,968217,0,0,448
MAPPED_ROW,2,132,19106,131,61312,61312,0,0,448
MAPPED_ROW,2,133,19122,132,137432,137432,0,0,448
MAPPED_ROW,2,134,19138,133,213553,213553,0,0,448
MAPPED_ROW,2,135,19154,134,289663,289663,0,0,448
MAPPED_ROW,2,136,19170,135,365789,365789,0,0,512
MAPPED_ROW,2,138,19202,137,518006,518006,0,0,512
MAPPED_ROW,2,139,19218,138,594128,594128,0,0,512
MAPPED_ROW,2,140,19234,139,670241,670241,0,0,512
MAPPED_ROW,2,141,19250,140,746375,746375,0,0,512
MAPPED_ROW,2,142,19266,141,822488,822488,0,0,512
MAPPED_ROW,2,143,19282,142,898596,898596,0,0,512
MAPPED_ROW,2,144,19298,143,950157,950157,0,0,512
MAPPED_ROW,2,145,19314,144,43243,43243,0,0,512
MAPPED_ROW,2,146,19330,145,119364,119364,0,0,512
MAPPED_ROW,2,147,19346,146,195480,195480,0,0,512
MAPPED_ROW,2,148,19362,147,271593,271593,0,0,512
MAPPED_ROW,2,149,19378,148,347709,347709,0,0,512
MAPPED_ROW,2,150,19394,149,423843,423843,0,0,512
MAPPED_ROW,2,151,19410,150,499947,499947,0,0,512
MAPPED_ROW,2,152,19426,151,576082,576082,0,0,512
MAPPED_ROW,2,153,19442,152,652192,652192,0,0,512
MAPPED_ROW,2,154,19458,153,728290,728290,0,0,512
MAPPED_ROW,2,155,19474,154,804423,804423,0,0,512
MAPPED_ROW,2,156,19490,155,880528,880528,0,0,512
MAPPED_ROW,2,157,19506,156,956660,956660,0,0,512
MAPPED_ROW,2,158,19522,157,49752,49752,0,0,512
MAPPED_ROW,2,159,19538,158,125863,125863,0,0,448
MAPPED_CANCEL,mode=2,sample_id=159,frame=159
STRUCTURAL_MAPPED_COMPLETE modes=3 outputs=438 checks=7680 physical_slices=18 recon_stages=5 config_reads=3900 cancelled=3 expected=441 latency_checked=0
$finish called at time : 39112 ns : File "C:/Users/Administrator/adc_rtl_vivado/run.9dd6a40dd22c47279f99d03d25ab1d76/out/input/structural_mapped_tb.sv" Line 301
run: Time (s): cpu = 00:00:00 ; elapsed = 00:05:16 . Memory (MB): peak = 263.789 ; gain = 0.000
exit
INFO: [Common 17-206] Exiting xsim at Wed Sep 30 22:02:29 2026...
