CXX_INPUT weight00=000000000000 old_active=000000ff new_active=000000ff old_on0=00000000 new_on0=00000000
CXX_DIAG check=1 oldT=0000000000000000 newT=0000000000000000 oldG=0000000000000000 newG=0000000000000000 oldR_raw=00000000:00000000:00000000 newR_raw=00000000:00000000:00000000 oldFlag=0 newFlag=0
CXX_INPUT weight00=000000000000 old_active=000000ff new_active=000000ff old_on0=00000000 new_on0=00000000
CXX_DIAG check=2 oldT=0000000000000000 newT=0000000000000000 oldG=0000000000000000 newG=0000000000000000 oldR_raw=00000000:00000000:00000000 newR_raw=00000000:00000000:00000000 oldFlag=0 newFlag=0
CXX_INPUT weight00=000000000000 old_active=000000ff new_active=000000ff old_on0=00000000 new_on0=00000000
CXX_DIAG check=3 oldT=0000000000000000 newT=0000000000000000 oldG=0000000000000000 newG=0000000000000000 oldR_raw=00000000:00000000:00000000 newR_raw=00000000:00000000:00000000 oldFlag=0 newFlag=0
CXX_INPUT weight00=000000000000 old_active=000000ff new_active=000000ff old_on0=00000000 new_on0=00000000
CXX_DIAG check=4 oldT=0000000000000000 newT=0000000000000000 oldG=0000000000000000 newG=0000000000000000 oldR_raw=00000000:00000000:00000000 newR_raw=00000000:00000000:00000000 oldFlag=0 newFlag=0
CXX_INPUT weight00=000000000000 old_active=000000ff new_active=000000ff old_on0=00ffffff new_on0=00ffffff
CXX_DIAG check=5 oldT=0000000000000000 newT=0000000000000000 oldG=0000000000000000 newG=0000000000000000 oldR_raw=00000000:00000000:00000000 newR_raw=00000000:00000000:00000000 oldFlag=0 newFlag=0
CXX_INPUT weight00=000000000000 old_active=000000ff new_active=000000ff old_on0=00ffffff new_on0=00ffffff
CXX_DIAG check=6 oldT=0000000000000000 newT=0000000000000000 oldG=0000000000000000 newG=0000000000000000 oldR_raw=00000000:00000000:00000000 newR_raw=00000000:00000000:00000000 oldFlag=0 newFlag=0
CXX_INPUT weight00=000000000000 old_active=000000ff new_active=000000ff old_on0=00ffffff new_on0=00ffffff
CXX_DIAG check=7 oldT=0000000000000000 newT=0000000000000000 oldG=0000000000000000 newG=0000000000000000 oldR_raw=00000000:00000000:00000000 newR_raw=00000000:00000000:00000000 oldFlag=0 newFlag=0
CXX_INPUT weight00=000000000000 old_active=000000ff new_active=000000ff old_on0=00ffffff new_on0=00ffffff
CXX_DIAG check=8 oldT=0000000000000000 newT=0000000000000000 oldG=0000000000000000 newG=0000000000000000 oldR_raw=00000000:00000000:00000000 newR_raw=00000000:00000000:00000000 oldFlag=0 newFlag=0
CXX_INPUT weight00=000000000001 old_active=000000ff new_active=000000ff old_on0=00000000 new_on0=00000000
CXX_DIAG check=9 oldT=0000000000000000 newT=0000000000000000 oldG=0000000000000000 newG=0000000000000000 oldR_raw=00000000:00000000:00000000 newR_raw=00000000:00000000:00000000 oldFlag=0 newFlag=0
CXX_INPUT weight00=000000000001 old_active=000000ff new_active=000000ff old_on0=00000000 new_on0=00000000
CXX_DIAG check=10 oldT=0000000000000000 newT=0000000000000000 oldG=0000000000000000 newG=0000000000000000 oldR_raw=00000000:00000000:00000000 newR_raw=00000000:00000000:00000000 oldFlag=0 newFlag=0
CXX_INPUT weight00=000000000001 old_active=000000ff new_active=000000ff old_on0=00000000 new_on0=00000000
CXX_DIAG check=11 oldT=0000000000000000 newT=0000000000000000 oldG=0000000000000000 newG=0000000000000000 oldR_raw=00000000:00000000:00000000 newR_raw=00000000:00000000:00000000 oldFlag=0 newFlag=0
CXX_INPUT weight00=000000000001 old_active=000000ff new_active=000000ff old_on0=00000000 new_on0=00000000
CXX_DIAG check=12 oldT=0000000000000000 newT=0000000000000000 oldG=0000000000000000 newG=0000000000000000 oldR_raw=00000000:00000000:00000000 newR_raw=00000000:00000000:00000000 oldFlag=0 newFlag=0
CXX_INPUT weight00=000000000001 old_active=000000ff new_active=000000ff old_on0=00ffffff new_on0=00ffffff
CXX_DIAG check=13 oldT=0000000000000000 newT=0000000000000000 oldG=0000000000000000 newG=0000000000000000 oldR_raw=ffffffff:ffffffff:ffffffe0 newR_raw=00000000:00000000:00000000 oldFlag=0 newFlag=0
[13000] %Fatal: cal_weight_reduce_ppa_tb.sv:38: Assertion failed in TOP.cal_weight_reduce_ppa_tb.slices.check: reducer mismatch NS=32 NM=2 ND=1 DE=3 check=13
%Error: /tmp/sar_reduce_ci_probe_20260930/original/cal_weight_reduce_ppa_tb.sv:38: Verilog $stop
Aborting...
