Copyright 1986-2018 Xilinx, Inc. All Rights Reserved.
---------------------------------------------------------------------------------------------------------------------------------------------------------------------
| Tool Version : Vivado v.2018.3 (win64) Build 2405991 Thu Dec  6 23:38:27 MST 2018
| Date         : Wed Sep 30 04:59:07 2026
| Host         : REEDZHAO running 64-bit major release  (build 9200)
| Command      : report_timing_summary -report_unconstrained -file C:/Users/Administrator/adc_rtl_vivado/run.65790c010b22494db855a859b6021f2b/out/timing_summary.rpt
| Design       : sar20_digital_core
| Device       : 7vx690t-ffg1761
| Speed File   : -2  PRODUCTION 1.11 2014-09-11
---------------------------------------------------------------------------------------------------------------------------------------------------------------------

Timing Summary Report

------------------------------------------------------------------------------------------------
| Timer Settings
| --------------
------------------------------------------------------------------------------------------------

  Enable Multi Corner Analysis               :  Yes
  Enable Pessimism Removal                   :  Yes
  Pessimism Removal Resolution               :  Nearest Common Node
  Enable Input Delay Default Clock           :  No
  Enable Preset / Clear Arcs                 :  No
  Disable Flight Delays                      :  No
  Ignore I/O Paths                           :  No
  Timing Early Launch at Borrowing Latches   :  false

  Corner  Analyze    Analyze    
  Name    Max Paths  Min Paths  
  ------  ---------  ---------  
  Slow    Yes        Yes        
  Fast    Yes        Yes        



check_timing report

Table of Contents
-----------------
1. checking no_clock
2. checking constant_clock
3. checking pulse_width_clock
4. checking unconstrained_internal_endpoints
5. checking no_input_delay
6. checking no_output_delay
7. checking multiple_clock
8. checking generated_clocks
9. checking loops
10. checking partial_input_delay
11. checking partial_output_delay
12. checking latch_loops

1. checking no_clock
--------------------
 There are 0 register/latch pins with no clock.


2. checking constant_clock
--------------------------
 There are 0 register/latch pins with constant_clock.


3. checking pulse_width_clock
-----------------------------
 There are 0 register/latch pins which need pulse_width check


4. checking unconstrained_internal_endpoints
--------------------------------------------
 There are 0 pins that are not constrained for maximum delay.

 There are 0 pins that are not constrained for maximum delay due to constant clock.


5. checking no_input_delay
--------------------------
 There are 0 input ports with no input delay specified.

 There are 0 input ports with no input delay but user has a false path constraint.


6. checking no_output_delay
---------------------------
 There are 0 ports with no output delay specified.

 There are 0 ports with no output delay but user has a false path constraint

 There are 0 ports with no output delay but with a timing clock defined on it or propagating through it


7. checking multiple_clock
--------------------------
 There are 0 register/latch pins with multiple clocks.


8. checking generated_clocks
----------------------------
 There are 0 generated clocks that are not connected to a clock source.


9. checking loops
-----------------
 There are 0 combinational loops in the design.


10. checking partial_input_delay
--------------------------------
 There are 0 input ports with partial input delay specified.


11. checking partial_output_delay
---------------------------------
 There are 0 ports with partial output delay specified.


12. checking latch_loops
------------------------
 There are 0 combinational latch loops in the design through latch input



------------------------------------------------------------------------------------------------
| Design Timing Summary
| ---------------------
------------------------------------------------------------------------------------------------

    WNS(ns)      TNS(ns)  TNS Failing Endpoints  TNS Total Endpoints      WHS(ns)      THS(ns)  THS Failing Endpoints  THS Total Endpoints     WPWS(ns)     TPWS(ns)  TPWS Failing Endpoints  TPWS Total Endpoints  
    -------      -------  ---------------------  -------------------      -------      -------  ---------------------  -------------------     --------     --------  ----------------------  --------------------  
    -17.112  -169945.859                  69461               201146       -0.264   -15260.761                  61735               201146        0.025        0.000                       0                 66784  


Timing constraints are not met.


------------------------------------------------------------------------------------------------
| Clock Summary
| -------------
------------------------------------------------------------------------------------------------

Clock     Waveform(ns)         Period(ns)      Frequency(MHz)
-----     ------------         ----------      --------------
core_clk  {0.000 0.781}        1.563           639.795         


------------------------------------------------------------------------------------------------
| Intra Clock Table
| -----------------
------------------------------------------------------------------------------------------------

Clock             WNS(ns)      TNS(ns)  TNS Failing Endpoints  TNS Total Endpoints      WHS(ns)      THS(ns)  THS Failing Endpoints  THS Total Endpoints     WPWS(ns)     TPWS(ns)  TPWS Failing Endpoints  TPWS Total Endpoints  
-----             -------      -------  ---------------------  -------------------      -------      -------  ---------------------  -------------------     --------     --------  ----------------------  --------------------  
core_clk          -17.112  -169945.859                  69461               201146       -0.264   -15260.761                  61735               201146        0.025        0.000                       0                 66784  


------------------------------------------------------------------------------------------------
| Inter Clock Table
| -----------------
------------------------------------------------------------------------------------------------

From Clock    To Clock          WNS(ns)      TNS(ns)  TNS Failing Endpoints  TNS Total Endpoints      WHS(ns)      THS(ns)  THS Failing Endpoints  THS Total Endpoints  
----------    --------          -------      -------  ---------------------  -------------------      -------      -------  ---------------------  -------------------  


------------------------------------------------------------------------------------------------
| Other Path Groups Table
| -----------------------
------------------------------------------------------------------------------------------------

Path Group    From Clock    To Clock          WNS(ns)      TNS(ns)  TNS Failing Endpoints  TNS Total Endpoints      WHS(ns)      THS(ns)  THS Failing Endpoints  THS Total Endpoints  
----------    ----------    --------          -------      -------  ---------------------  -------------------      -------      -------  ---------------------  -------------------  


------------------------------------------------------------------------------------------------
| User Ignored Path Table
| -----------------------
------------------------------------------------------------------------------------------------

Path Group    From Clock    To Clock    
----------    ----------    --------    


------------------------------------------------------------------------------------------------
| Unconstrained Path Table
| ------------------------
------------------------------------------------------------------------------------------------

Path Group    From Clock    To Clock    
----------    ----------    --------    


------------------------------------------------------------------------------------------------
| Timing Details
| --------------
------------------------------------------------------------------------------------------------


---------------------------------------------------------------------------------------------------
From Clock:  core_clk
  To Clock:  core_clk

Setup :        69461  Failing Endpoints,  Worst Slack      -17.112ns,  Total Violation  -169945.866ns
Hold  :        61735  Failing Endpoints,  Worst Slack       -0.264ns,  Total Violation   -15260.761ns
PW    :            0  Failing Endpoints,  Worst Slack        0.025ns,  Total Violation        0.000ns
---------------------------------------------------------------------------------------------------


Max Delay Paths
--------------------------------------------------------------------------------------
Slack (VIOLATED) :        -17.112ns  (required time - arrival time)
  Source:                 u_recon/u_div/rem_reg[0]/C
                            (rising edge-triggered cell FDRE clocked by core_clk  {rise@0.000ns fall@0.781ns period=1.563ns})
  Destination:            u_recon/u_div/q_reg[60]/D
                            (rising edge-triggered cell FDRE clocked by core_clk  {rise@0.000ns fall@0.781ns period=1.563ns})
  Path Group:             core_clk
  Path Type:              Setup (Max at Slow Process Corner)
  Requirement:            1.563ns  (core_clk rise@1.563ns - core_clk rise@0.000ns)
  Data Path Delay:        18.627ns  (logic 11.007ns (59.092%)  route 7.620ns (40.908%))
  Logic Levels:           148  (CARRY4=125 LUT1=1 LUT2=6 LUT3=1 LUT4=2 LUT5=1 LUT6=12)
  Clock Path Skew:        -0.027ns (DCD - SCD + CPR)
    Destination Clock Delay (DCD):    0.510ns = ( 2.073 - 1.563 ) 
    Source Clock Delay      (SCD):    0.537ns
    Clock Pessimism Removal (CPR):    0.000ns
  Clock Uncertainty:      0.085ns  ((TSJ^2 + TIJ^2)^1/2 + DJ) / 2 + PE + UU
    Total System Jitter     (TSJ):    0.071ns
    Total Input Jitter      (TIJ):    0.000ns
    Discrete Jitter          (DJ):    0.000ns
    Phase Error              (PE):    0.000ns
    User Uncertainty         (UU):    0.050ns

    Location             Delay type                Incr(ns)  Path(ns)    Netlist Resource(s)
  -------------------------------------------------------------------    -------------------
                         (clock core_clk rise edge)
                                                      0.000     0.000 r  
                                                      0.000     0.000 r  clk (IN)
                         net (fo=66793, unset)        0.537     0.537    u_recon/u_div/clk
                         FDRE                                         r  u_recon/u_div/rem_reg[0]/C
  -------------------------------------------------------------------    -------------------
                         FDRE (Prop_fdre_C_Q)         0.259     0.796 r  u_recon/u_div/rem_reg[0]/Q
                         net (fo=6, unplaced)         0.299     1.095    u_recon/u_div/rem[0]
                         LUT2 (Prop_lut2_I0_O)        0.123     1.218 r  u_recon/u_div/rem[7]_i_33/O
                         net (fo=1, unplaced)         0.000     1.218    u_recon/u_div/rem[7]_i_33_n_0
                         CARRY4 (Prop_carry4_S[1]_CO[3])
                                                      0.256     1.474 r  u_recon/u_div/rem_reg[7]_i_29/CO[3]
                         net (fo=1, unplaced)         0.000     1.474    u_recon/u_div/rem_reg[7]_i_29_n_0
                         CARRY4 (Prop_carry4_CI_CO[3])
                                                      0.054     1.528 r  u_recon/u_div/rem_reg[17]_i_11/CO[3]
                         net (fo=1, unplaced)         0.000     1.528    u_recon/u_div/rem_reg[17]_i_11_n_0
                         CARRY4 (Prop_carry4_CI_CO[3])
                                                      0.054     1.582 r  u_recon/u_div/rem_reg[17]_i_6/CO[3]
                         net (fo=1, unplaced)         0.000     1.582    u_recon/u_div/rem_reg[17]_i_6_n_0
                         CARRY4 (Prop_carry4_CI_CO[3])
                                                      0.054     1.636 r  u_recon/u_div/rem_reg[21]_i_6/CO[3]
                         net (fo=1, unplaced)         0.000     1.636    u_recon/u_div/rem_reg[21]_i_6_n_0
                         CARRY4 (Prop_carry4_CI_CO[3])
                                                      0.054     1.690 r  u_recon/u_div/rem_reg[25]_i_6/CO[3]
                         net (fo=1, unplaced)         0.000     1.690    u_recon/u_div/rem_reg[25]_i_6_n_0
                         CARRY4 (Prop_carry4_CI_CO[3])
                                                      0.054     1.744 r  u_recon/u_div/rem_reg[29]_i_6/CO[3]
                         net (fo=1, unplaced)         0.000     1.744    u_recon/u_div/rem_reg[29]_i_6_n_0
                         CARRY4 (Prop_carry4_CI_CO[3])
                                                      0.054     1.798 r  u_recon/u_div/rem_reg[33]_i_6/CO[3]
                         net (fo=1, unplaced)         0.000     1.798    u_recon/u_div/rem_reg[33]_i_6_n_0
                         CARRY4 (Prop_carry4_CI_CO[3])
                                                      0.054     1.852 r  u_recon/u_div/rem_reg[37]_i_6/CO[3]
                         net (fo=1, unplaced)         0.000     1.852    u_recon/u_div/rem_reg[37]_i_6_n_0
                         CARRY4 (Prop_carry4_CI_CO[3])
                                                      0.054     1.906 r  u_recon/u_div/rem_reg[41]_i_6/CO[3]
                         net (fo=1, unplaced)         0.000     1.906    u_recon/u_div/rem_reg[41]_i_6_n_0
                         CARRY4 (Prop_carry4_CI_CO[3])
                                                      0.054     1.960 r  u_recon/u_div/rem_reg[45]_i_6/CO[3]
                         net (fo=1, unplaced)         0.000     1.960    u_recon/u_div/rem_reg[45]_i_6_n_0
                         CARRY4 (Prop_carry4_CI_CO[3])
                                                      0.054     2.014 r  u_recon/u_div/rem_reg[49]_i_6/CO[3]
                         net (fo=1, unplaced)         0.000     2.014    u_recon/u_div/rem_reg[49]_i_6_n_0
                         CARRY4 (Prop_carry4_CI_CO[3])
                                                      0.054     2.068 r  u_recon/u_div/rem_reg[53]_i_6/CO[3]
                         net (fo=1, unplaced)         0.000     2.068    u_recon/u_div/rem_reg[53]_i_6_n_0
                         CARRY4 (Prop_carry4_CI_CO[3])
                                                      0.054     2.122 r  u_recon/u_div/rem_reg[57]_i_6/CO[3]
                         net (fo=1, unplaced)         0.000     2.122    u_recon/u_div/rem_reg[57]_i_6_n_0
                         CARRY4 (Prop_carry4_CI_CO[3])
                                                      0.054     2.176 r  u_recon/u_div/rem_reg[61]_i_32/CO[3]
                         net (fo=1, unplaced)         0.000     2.176    u_recon/u_div/rem_reg[61]_i_32_n_0
                         CARRY4 (Prop_carry4_CI_CO[3])
                                                      0.054     2.230 r  u_recon/u_div/quo_reg[6]_i_3/CO[3]
                         net (fo=1, unplaced)         0.000     2.230    u_recon/u_div/quo_reg[6]_i_3_n_0
                         CARRY4 (Prop_carry4_CI_CO[2])
                                                      0.124     2.354 r  u_recon/u_div/quo_reg[6]_i_2/CO[2]
                         net (fo=191, unplaced)       0.386     2.740    u_recon/u_div/quo_reg[6]_i_2_n_1
                         LUT4 (Prop_lut4_I1_O)        0.136     2.876 r  u_recon/u_div/rem[7]_i_37/O
                         net (fo=1, unplaced)         0.000     2.876    u_recon/u_div/r_chain[1]_1[0]
                         CARRY4 (Prop_carry4_DI[1]_CO[3])
                                                      0.265     3.141 r  u_recon/u_div/rem_reg[7]_i_30/CO[3]
                         net (fo=1, unplaced)         0.000     3.141    u_recon/u_div/rem_reg[7]_i_30_n_0
                         CARRY4 (Prop_carry4_CI_CO[3])
                                                      0.054     3.195 r  u_recon/u_div/rem_reg[16]_i_15/CO[3]
                         net (fo=1, unplaced)         0.000     3.195    u_recon/u_div/rem_reg[16]_i_15_n_0
                         CARRY4 (Prop_carry4_CI_CO[3])
                                                      0.054     3.249 r  u_recon/u_div/rem_reg[16]_i_6/CO[3]
                         net (fo=1, unplaced)         0.000     3.249    u_recon/u_div/rem_reg[16]_i_6_n_0
                         CARRY4 (Prop_carry4_CI_CO[3])
                                                      0.054     3.303 r  u_recon/u_div/rem_reg[20]_i_6/CO[3]
                         net (fo=1, unplaced)         0.000     3.303    u_recon/u_div/rem_reg[20]_i_6_n_0
                         CARRY4 (Prop_carry4_CI_CO[3])
                                                      0.054     3.357 r  u_recon/u_div/rem_reg[24]_i_6/CO[3]
                         net (fo=1, unplaced)         0.000     3.357    u_recon/u_div/rem_reg[24]_i_6_n_0
                         CARRY4 (Prop_carry4_CI_CO[3])
                                                      0.054     3.411 r  u_recon/u_div/rem_reg[28]_i_6/CO[3]
                         net (fo=1, unplaced)         0.000     3.411    u_recon/u_div/rem_reg[28]_i_6_n_0
                         CARRY4 (Prop_carry4_CI_CO[3])
                                                      0.054     3.465 r  u_recon/u_div/rem_reg[32]_i_6/CO[3]
                         net (fo=1, unplaced)         0.000     3.465    u_recon/u_div/rem_reg[32]_i_6_n_0
                         CARRY4 (Prop_carry4_CI_CO[3])
                                                      0.054     3.519 r  u_recon/u_div/rem_reg[36]_i_6/CO[3]
                         net (fo=1, unplaced)         0.000     3.519    u_recon/u_div/rem_reg[36]_i_6_n_0
                         CARRY4 (Prop_carry4_CI_CO[3])
                                                      0.054     3.573 r  u_recon/u_div/rem_reg[40]_i_6/CO[3]
                         net (fo=1, unplaced)         0.000     3.573    u_recon/u_div/rem_reg[40]_i_6_n_0
                         CARRY4 (Prop_carry4_CI_CO[3])
                                                      0.054     3.627 r  u_recon/u_div/rem_reg[44]_i_6/CO[3]
                         net (fo=1, unplaced)         0.000     3.627    u_recon/u_div/rem_reg[44]_i_6_n_0
                         CARRY4 (Prop_carry4_CI_CO[3])
                                                      0.054     3.681 r  u_recon/u_div/rem_reg[48]_i_6/CO[3]
                         net (fo=1, unplaced)         0.000     3.681    u_recon/u_div/rem_reg[48]_i_6_n_0
                         CARRY4 (Prop_carry4_CI_CO[3])
                                                      0.054     3.735 r  u_recon/u_div/rem_reg[52]_i_6/CO[3]
                         net (fo=1, unplaced)         0.000     3.735    u_recon/u_div/rem_reg[52]_i_6_n_0
                         CARRY4 (Prop_carry4_CI_CO[3])
                                                      0.054     3.789 r  u_recon/u_div/rem_reg[56]_i_6/CO[3]
                         net (fo=1, unplaced)         0.000     3.789    u_recon/u_div/rem_reg[56]_i_6_n_0
                         CARRY4 (Prop_carry4_CI_CO[3])
                                                      0.054     3.843 r  u_recon/u_div/rem_reg[60]_i_6/CO[3]
                         net (fo=1, unplaced)         0.000     3.843    u_recon/u_div/rem_reg[60]_i_6_n_0
                         CARRY4 (Prop_carry4_CI_CO[3])
                                                      0.054     3.897 r  u_recon/u_div/quo_reg[5]_i_3/CO[3]
                         net (fo=1, unplaced)         0.000     3.897    u_recon/u_div/quo_reg[5]_i_3_n_0
                         CARRY4 (Prop_carry4_CI_CO[2])
                                                      0.124     4.021 r  u_recon/u_div/quo_reg[5]_i_2/CO[2]
                         net (fo=70, unplaced)        0.361     4.382    u_recon/u_div/quo_reg[5]_i_2_n_1
                         LUT2 (Prop_lut2_I0_O)        0.128     4.510 r  u_recon/u_div/quo[5]_i_1/O
                         net (fo=60, unplaced)        0.357     4.867    u_recon/u_div/r_chain15_out
                         LUT6 (Prop_lut6_I1_O)        0.043     4.910 r  u_recon/u_div/rem[11]_i_13/O
                         net (fo=1, unplaced)         0.000     4.910    u_recon/u_div/rem[11]_i_13_n_0
                         CARRY4 (Prop_carry4_S[1]_CO[3])
                                                      0.256     5.166 r  u_recon/u_div/rem_reg[11]_i_9/CO[3]
                         net (fo=1, unplaced)         0.000     5.166    u_recon/u_div/rem_reg[11]_i_9_n_0
                         CARRY4 (Prop_carry4_CI_CO[3])
                                                      0.054     5.220 r  u_recon/u_div/rem_reg[19]_i_15/CO[3]
                         net (fo=1, unplaced)         0.000     5.220    u_recon/u_div/rem_reg[19]_i_15_n_0
                         CARRY4 (Prop_carry4_CI_CO[3])
                                                      0.054     5.274 r  u_recon/u_div/rem_reg[19]_i_5/CO[3]
                         net (fo=1, unplaced)         0.000     5.274    u_recon/u_div/rem_reg[19]_i_5_n_0
                         CARRY4 (Prop_carry4_CI_CO[3])
                                                      0.054     5.328 r  u_recon/u_div/rem_reg[23]_i_5/CO[3]
                         net (fo=1, unplaced)         0.000     5.328    u_recon/u_div/rem_reg[23]_i_5_n_0
                         CARRY4 (Prop_carry4_CI_CO[3])
                                                      0.054     5.382 r  u_recon/u_div/rem_reg[27]_i_5/CO[3]
                         net (fo=1, unplaced)         0.000     5.382    u_recon/u_div/rem_reg[27]_i_5_n_0
                         CARRY4 (Prop_carry4_CI_CO[3])
                                                      0.054     5.436 r  u_recon/u_div/rem_reg[31]_i_5/CO[3]
                         net (fo=1, unplaced)         0.000     5.436    u_recon/u_div/rem_reg[31]_i_5_n_0
                         CARRY4 (Prop_carry4_CI_CO[3])
                                                      0.054     5.490 r  u_recon/u_div/rem_reg[35]_i_5/CO[3]
                         net (fo=1, unplaced)         0.000     5.490    u_recon/u_div/rem_reg[35]_i_5_n_0
                         CARRY4 (Prop_carry4_CI_CO[3])
                                                      0.054     5.544 r  u_recon/u_div/rem_reg[39]_i_5/CO[3]
                         net (fo=1, unplaced)         0.000     5.544    u_recon/u_div/rem_reg[39]_i_5_n_0
                         CARRY4 (Prop_carry4_CI_CO[3])
                                                      0.054     5.598 r  u_recon/u_div/rem_reg[43]_i_5/CO[3]
                         net (fo=1, unplaced)         0.000     5.598    u_recon/u_div/rem_reg[43]_i_5_n_0
                         CARRY4 (Prop_carry4_CI_CO[3])
                                                      0.054     5.652 r  u_recon/u_div/rem_reg[47]_i_5/CO[3]
                         net (fo=1, unplaced)         0.000     5.652    u_recon/u_div/rem_reg[47]_i_5_n_0
                         CARRY4 (Prop_carry4_CI_CO[3])
                                                      0.054     5.706 r  u_recon/u_div/rem_reg[51]_i_5/CO[3]
                         net (fo=1, unplaced)         0.000     5.706    u_recon/u_div/rem_reg[51]_i_5_n_0
                         CARRY4 (Prop_carry4_CI_CO[3])
                                                      0.054     5.760 r  u_recon/u_div/rem_reg[55]_i_5/CO[3]
                         net (fo=1, unplaced)         0.000     5.760    u_recon/u_div/rem_reg[55]_i_5_n_0
                         CARRY4 (Prop_carry4_CI_CO[3])
                                                      0.054     5.814 r  u_recon/u_div/rem_reg[59]_i_5/CO[3]
                         net (fo=1, unplaced)         0.000     5.814    u_recon/u_div/rem_reg[59]_i_5_n_0
                         CARRY4 (Prop_carry4_CI_CO[3])
                                                      0.054     5.868 r  u_recon/u_div/rem_reg[61]_i_14/CO[3]
                         net (fo=1, unplaced)         0.000     5.868    u_recon/u_div/rem_reg[61]_i_14_n_0
                         CARRY4 (Prop_carry4_CI_CO[2])
                                                      0.124     5.992 r  u_recon/u_div/quo_reg[4]_i_2/CO[2]
                         net (fo=189, unplaced)       0.386     6.378    u_recon/u_div/quo_reg[4]_i_2_n_1
                         LUT2 (Prop_lut2_I0_O)        0.128     6.506 r  u_recon/u_div/quo[4]_i_1/O
                         net (fo=11, unplaced)        0.316     6.822    u_recon/u_div/r_chain17_out
                         LUT6 (Prop_lut6_I3_O)        0.043     6.865 r  u_recon/u_div/rem[6]_i_9/O
                         net (fo=1, unplaced)         0.000     6.865    u_recon/u_div/rem[6]_i_9_n_0
                         CARRY4 (Prop_carry4_S[2]_CO[3])
                                                      0.183     7.048 r  u_recon/u_div/rem_reg[6]_i_4/CO[3]
                         net (fo=1, unplaced)         0.000     7.048    u_recon/u_div/rem_reg[6]_i_4_n_0
                         CARRY4 (Prop_carry4_CI_CO[3])
                                                      0.054     7.102 r  u_recon/u_div/rem_reg[7]_i_6/CO[3]
                         net (fo=1, unplaced)         0.000     7.102    u_recon/u_div/rem_reg[7]_i_6_n_0
                         CARRY4 (Prop_carry4_CI_CO[3])
                                                      0.054     7.156 r  u_recon/u_div/rem_reg[18]_i_6/CO[3]
                         net (fo=1, unplaced)         0.000     7.156    u_recon/u_div/rem_reg[18]_i_6_n_0
                         CARRY4 (Prop_carry4_CI_CO[3])
                                                      0.054     7.210 r  u_recon/u_div/rem_reg[18]_i_4/CO[3]
                         net (fo=1, unplaced)         0.000     7.210    u_recon/u_div/rem_reg[18]_i_4_n_0
                         CARRY4 (Prop_carry4_CI_CO[3])
                                                      0.054     7.264 r  u_recon/u_div/rem_reg[22]_i_4/CO[3]
                         net (fo=1, unplaced)         0.000     7.264    u_recon/u_div/rem_reg[22]_i_4_n_0
                         CARRY4 (Prop_carry4_CI_CO[3])
                                                      0.054     7.318 r  u_recon/u_div/rem_reg[26]_i_4/CO[3]
                         net (fo=1, unplaced)         0.000     7.318    u_recon/u_div/rem_reg[26]_i_4_n_0
                         CARRY4 (Prop_carry4_CI_CO[3])
                                                      0.054     7.372 r  u_recon/u_div/rem_reg[30]_i_4/CO[3]
                         net (fo=1, unplaced)         0.000     7.372    u_recon/u_div/rem_reg[30]_i_4_n_0
                         CARRY4 (Prop_carry4_CI_CO[3])
                                                      0.054     7.426 r  u_recon/u_div/rem_reg[34]_i_4/CO[3]
                         net (fo=1, unplaced)         0.000     7.426    u_recon/u_div/rem_reg[34]_i_4_n_0
                         CARRY4 (Prop_carry4_CI_CO[3])
                                                      0.054     7.480 r  u_recon/u_div/rem_reg[38]_i_4/CO[3]
                         net (fo=1, unplaced)         0.000     7.480    u_recon/u_div/rem_reg[38]_i_4_n_0
                         CARRY4 (Prop_carry4_CI_CO[3])
                                                      0.054     7.534 r  u_recon/u_div/rem_reg[42]_i_4/CO[3]
                         net (fo=1, unplaced)         0.000     7.534    u_recon/u_div/rem_reg[42]_i_4_n_0
                         CARRY4 (Prop_carry4_CI_CO[3])
                                                      0.054     7.588 r  u_recon/u_div/rem_reg[46]_i_4/CO[3]
                         net (fo=1, unplaced)         0.000     7.588    u_recon/u_div/rem_reg[46]_i_4_n_0
                         CARRY4 (Prop_carry4_CI_CO[3])
                                                      0.054     7.642 r  u_recon/u_div/rem_reg[50]_i_4/CO[3]
                         net (fo=1, unplaced)         0.000     7.642    u_recon/u_div/rem_reg[50]_i_4_n_0
                         CARRY4 (Prop_carry4_CI_CO[3])
                                                      0.054     7.696 r  u_recon/u_div/rem_reg[54]_i_4/CO[3]
                         net (fo=1, unplaced)         0.000     7.696    u_recon/u_div/rem_reg[54]_i_4_n_0
                         CARRY4 (Prop_carry4_CI_CO[3])
                                                      0.054     7.750 r  u_recon/u_div/rem_reg[58]_i_4/CO[3]
                         net (fo=1, unplaced)         0.000     7.750    u_recon/u_div/rem_reg[58]_i_4_n_0
                         CARRY4 (Prop_carry4_CI_CO[3])
                                                      0.054     7.804 r  u_recon/u_div/rem_reg[61]_i_15/CO[3]
                         net (fo=1, unplaced)         0.000     7.804    u_recon/u_div/rem_reg[61]_i_15_n_0
                         CARRY4 (Prop_carry4_CI_CO[2])
                                                      0.124     7.928 r  u_recon/u_div/quo_reg[3]_i_2/CO[2]
                         net (fo=72, unplaced)        0.361     8.289    u_recon/u_div/quo_reg[3]_i_2_n_1
                         LUT6 (Prop_lut6_I3_O)        0.128     8.417 r  u_recon/u_div/rem[7]_i_2/O
                         net (fo=7, unplaced)         0.305     8.722    u_recon/u_div/r_chain[4]_4[4]
                         LUT2 (Prop_lut2_I0_O)        0.043     8.765 r  u_recon/u_div/rem[9]_i_7/O
                         net (fo=1, unplaced)         0.000     8.765    u_recon/u_div/rem[9]_i_7_n_0
                         CARRY4 (Prop_carry4_S[1]_CO[3])
                                                      0.256     9.021 r  u_recon/u_div/rem_reg[9]_i_3/CO[3]
                         net (fo=1, unplaced)         0.000     9.021    u_recon/u_div/rem_reg[9]_i_3_n_0
                         CARRY4 (Prop_carry4_CI_CO[3])
                                                      0.054     9.075 r  u_recon/u_div/rem_reg[13]_i_3/CO[3]
                         net (fo=1, unplaced)         0.000     9.075    u_recon/u_div/rem_reg[13]_i_3_n_0
                         CARRY4 (Prop_carry4_CI_CO[3])
                                                      0.054     9.129 r  u_recon/u_div/rem_reg[17]_i_5/CO[3]
                         net (fo=1, unplaced)         0.000     9.129    u_recon/u_div/rem_reg[17]_i_5_n_0
                         CARRY4 (Prop_carry4_CI_CO[3])
                                                      0.054     9.183 r  u_recon/u_div/rem_reg[21]_i_5/CO[3]
                         net (fo=1, unplaced)         0.000     9.183    u_recon/u_div/rem_reg[21]_i_5_n_0
                         CARRY4 (Prop_carry4_CI_CO[3])
                                                      0.054     9.237 r  u_recon/u_div/rem_reg[25]_i_5/CO[3]
                         net (fo=1, unplaced)         0.000     9.237    u_recon/u_div/rem_reg[25]_i_5_n_0
                         CARRY4 (Prop_carry4_CI_CO[3])
                                                      0.054     9.291 r  u_recon/u_div/rem_reg[29]_i_5/CO[3]
                         net (fo=1, unplaced)         0.000     9.291    u_recon/u_div/rem_reg[29]_i_5_n_0
                         CARRY4 (Prop_carry4_CI_CO[3])
                                                      0.054     9.345 r  u_recon/u_div/rem_reg[33]_i_5/CO[3]
                         net (fo=1, unplaced)         0.000     9.345    u_recon/u_div/rem_reg[33]_i_5_n_0
                         CARRY4 (Prop_carry4_CI_CO[3])
                                                      0.054     9.399 r  u_recon/u_div/rem_reg[37]_i_5/CO[3]
                         net (fo=1, unplaced)         0.000     9.399    u_recon/u_div/rem_reg[37]_i_5_n_0
                         CARRY4 (Prop_carry4_CI_CO[3])
                                                      0.054     9.453 r  u_recon/u_div/rem_reg[41]_i_5/CO[3]
                         net (fo=1, unplaced)         0.000     9.453    u_recon/u_div/rem_reg[41]_i_5_n_0
                         CARRY4 (Prop_carry4_CI_CO[3])
                                                      0.054     9.507 r  u_recon/u_div/rem_reg[45]_i_5/CO[3]
                         net (fo=1, unplaced)         0.000     9.507    u_recon/u_div/rem_reg[45]_i_5_n_0
                         CARRY4 (Prop_carry4_CI_CO[3])
                                                      0.054     9.561 r  u_recon/u_div/rem_reg[49]_i_5/CO[3]
                         net (fo=1, unplaced)         0.000     9.561    u_recon/u_div/rem_reg[49]_i_5_n_0
                         CARRY4 (Prop_carry4_CI_CO[3])
                                                      0.054     9.615 r  u_recon/u_div/rem_reg[53]_i_5/CO[3]
                         net (fo=1, unplaced)         0.000     9.615    u_recon/u_div/rem_reg[53]_i_5_n_0
                         CARRY4 (Prop_carry4_CI_CO[3])
                                                      0.054     9.669 r  u_recon/u_div/rem_reg[57]_i_5/CO[3]
                         net (fo=1, unplaced)         0.000     9.669    u_recon/u_div/rem_reg[57]_i_5_n_0
                         CARRY4 (Prop_carry4_CI_CO[3])
                                                      0.054     9.723 r  u_recon/u_div/rem_reg[61]_i_17/CO[3]
                         net (fo=1, unplaced)         0.000     9.723    u_recon/u_div/rem_reg[61]_i_17_n_0
                         CARRY4 (Prop_carry4_CI_CO[2])
                                                      0.124     9.847 r  u_recon/u_div/quo_reg[2]_i_2/CO[2]
                         net (fo=237, unplaced)       0.391    10.238    u_recon/u_div/quo_reg[2]_i_2_n_1
                         LUT2 (Prop_lut2_I0_O)        0.128    10.366 r  u_recon/u_div/quo[2]_i_1/O
                         net (fo=58, unplaced)        0.356    10.722    u_recon/u_div/r_chain111_out
                         LUT6 (Prop_lut6_I3_O)        0.043    10.765 r  u_recon/u_div/rem[3]_i_8/O
                         net (fo=1, unplaced)         0.000    10.765    u_recon/u_div/rem[3]_i_8_n_0
                         CARRY4 (Prop_carry4_S[2]_CO[3])
                                                      0.183    10.948 r  u_recon/u_div/rem_reg[3]_i_2/CO[3]
                         net (fo=1, unplaced)         0.000    10.948    u_recon/u_div/rem_reg[3]_i_2_n_0
                         CARRY4 (Prop_carry4_CI_CO[3])
                                                      0.054    11.002 r  u_recon/u_div/rem_reg[5]_i_4/CO[3]
                         net (fo=1, unplaced)         0.000    11.002    u_recon/u_div/rem_reg[5]_i_4_n_0
                         CARRY4 (Prop_carry4_CI_CO[3])
                                                      0.054    11.056 r  u_recon/u_div/rem_reg[12]_i_3/CO[3]
                         net (fo=1, unplaced)         0.000    11.056    u_recon/u_div/rem_reg[12]_i_3_n_0
                         CARRY4 (Prop_carry4_CI_CO[3])
                                                      0.054    11.110 r  u_recon/u_div/rem_reg[16]_i_5/CO[3]
                         net (fo=1, unplaced)         0.000    11.110    u_recon/u_div/rem_reg[16]_i_5_n_0
                         CARRY4 (Prop_carry4_CI_CO[3])
                                                      0.054    11.164 r  u_recon/u_div/rem_reg[20]_i_5/CO[3]
                         net (fo=1, unplaced)         0.000    11.164    u_recon/u_div/rem_reg[20]_i_5_n_0
                         CARRY4 (Prop_carry4_CI_CO[3])
                                                      0.054    11.218 r  u_recon/u_div/rem_reg[24]_i_5/CO[3]
                         net (fo=1, unplaced)         0.000    11.218    u_recon/u_div/rem_reg[24]_i_5_n_0
                         CARRY4 (Prop_carry4_CI_CO[3])
                                                      0.054    11.272 r  u_recon/u_div/rem_reg[28]_i_5/CO[3]
                         net (fo=1, unplaced)         0.000    11.272    u_recon/u_div/rem_reg[28]_i_5_n_0
                         CARRY4 (Prop_carry4_CI_CO[3])
                                                      0.054    11.326 r  u_recon/u_div/rem_reg[32]_i_5/CO[3]
                         net (fo=1, unplaced)         0.000    11.326    u_recon/u_div/rem_reg[32]_i_5_n_0
                         CARRY4 (Prop_carry4_CI_CO[3])
                                                      0.054    11.380 r  u_recon/u_div/rem_reg[36]_i_5/CO[3]
                         net (fo=1, unplaced)         0.000    11.380    u_recon/u_div/rem_reg[36]_i_5_n_0
                         CARRY4 (Prop_carry4_CI_CO[3])
                                                      0.054    11.434 r  u_recon/u_div/rem_reg[40]_i_5/CO[3]
                         net (fo=1, unplaced)         0.000    11.434    u_recon/u_div/rem_reg[40]_i_5_n_0
                         CARRY4 (Prop_carry4_CI_CO[3])
                                                      0.054    11.488 r  u_recon/u_div/rem_reg[44]_i_5/CO[3]
                         net (fo=1, unplaced)         0.000    11.488    u_recon/u_div/rem_reg[44]_i_5_n_0
                         CARRY4 (Prop_carry4_CI_CO[3])
                                                      0.054    11.542 r  u_recon/u_div/rem_reg[48]_i_5/CO[3]
                         net (fo=1, unplaced)         0.000    11.542    u_recon/u_div/rem_reg[48]_i_5_n_0
                         CARRY4 (Prop_carry4_CI_CO[3])
                                                      0.054    11.596 r  u_recon/u_div/rem_reg[52]_i_5/CO[3]
                         net (fo=1, unplaced)         0.000    11.596    u_recon/u_div/rem_reg[52]_i_5_n_0
                         CARRY4 (Prop_carry4_CI_CO[3])
                                                      0.054    11.650 r  u_recon/u_div/rem_reg[56]_i_5/CO[3]
                         net (fo=1, unplaced)         0.000    11.650    u_recon/u_div/rem_reg[56]_i_5_n_0
                         CARRY4 (Prop_carry4_CI_CO[3])
                                                      0.054    11.704 r  u_recon/u_div/rem_reg[60]_i_5/CO[3]
                         net (fo=1, unplaced)         0.000    11.704    u_recon/u_div/rem_reg[60]_i_5_n_0
                         CARRY4 (Prop_carry4_CI_CO[2])
                                                      0.124    11.828 r  u_recon/u_div/rem_reg[5]_i_2/CO[2]
                         net (fo=124, unplaced)       0.375    12.203    u_recon/u_div/rem_reg[5]_i_2_n_1
                         LUT2 (Prop_lut2_I0_O)        0.128    12.331 r  u_recon/u_div/quo[1]_i_1/O
                         net (fo=58, unplaced)        0.356    12.687    u_recon/u_div/r_chain113_out
                         LUT6 (Prop_lut6_I1_O)        0.043    12.730 r  u_recon/u_div/rem[7]_i_15/O
                         net (fo=1, unplaced)         0.000    12.730    u_recon/u_div/rem[7]_i_15_n_0
                         CARRY4 (Prop_carry4_S[0]_CO[3])
                                                      0.246    12.976 r  u_recon/u_div/rem_reg[7]_i_3/CO[3]
                         net (fo=1, unplaced)         0.000    12.976    u_recon/u_div/rem_reg[7]_i_3_n_0
                         CARRY4 (Prop_carry4_CI_CO[3])
                                                      0.054    13.030 r  u_recon/u_div/rem_reg[11]_i_2/CO[3]
                         net (fo=1, unplaced)         0.000    13.030    u_recon/u_div/rem_reg[11]_i_2_n_0
                         CARRY4 (Prop_carry4_CI_CO[3])
                                                      0.054    13.084 r  u_recon/u_div/rem_reg[15]_i_2/CO[3]
                         net (fo=1, unplaced)         0.000    13.084    u_recon/u_div/rem_reg[15]_i_2_n_0
                         CARRY4 (Prop_carry4_CI_CO[3])
                                                      0.054    13.138 r  u_recon/u_div/rem_reg[19]_i_3/CO[3]
                         net (fo=1, unplaced)         0.000    13.138    u_recon/u_div/rem_reg[19]_i_3_n_0
                         CARRY4 (Prop_carry4_CI_CO[3])
                                                      0.054    13.192 r  u_recon/u_div/rem_reg[23]_i_3/CO[3]
                         net (fo=1, unplaced)         0.000    13.192    u_recon/u_div/rem_reg[23]_i_3_n_0
                         CARRY4 (Prop_carry4_CI_CO[3])
                                                      0.054    13.246 r  u_recon/u_div/rem_reg[27]_i_3/CO[3]
                         net (fo=1, unplaced)         0.000    13.246    u_recon/u_div/rem_reg[27]_i_3_n_0
                         CARRY4 (Prop_carry4_CI_CO[3])
                                                      0.054    13.300 r  u_recon/u_div/rem_reg[31]_i_3/CO[3]
                         net (fo=1, unplaced)         0.000    13.300    u_recon/u_div/rem_reg[31]_i_3_n_0
                         CARRY4 (Prop_carry4_CI_CO[3])
                                                      0.054    13.354 r  u_recon/u_div/rem_reg[35]_i_3/CO[3]
                         net (fo=1, unplaced)         0.000    13.354    u_recon/u_div/rem_reg[35]_i_3_n_0
                         CARRY4 (Prop_carry4_CI_CO[3])
                                                      0.054    13.408 r  u_recon/u_div/rem_reg[39]_i_3/CO[3]
                         net (fo=1, unplaced)         0.000    13.408    u_recon/u_div/rem_reg[39]_i_3_n_0
                         CARRY4 (Prop_carry4_CI_CO[3])
                                                      0.054    13.462 r  u_recon/u_div/rem_reg[43]_i_3/CO[3]
                         net (fo=1, unplaced)         0.000    13.462    u_recon/u_div/rem_reg[43]_i_3_n_0
                         CARRY4 (Prop_carry4_CI_CO[3])
                                                      0.054    13.516 r  u_recon/u_div/rem_reg[47]_i_3/CO[3]
                         net (fo=1, unplaced)         0.000    13.516    u_recon/u_div/rem_reg[47]_i_3_n_0
                         CARRY4 (Prop_carry4_CI_CO[3])
                                                      0.054    13.570 r  u_recon/u_div/rem_reg[51]_i_3/CO[3]
                         net (fo=1, unplaced)         0.000    13.570    u_recon/u_div/rem_reg[51]_i_3_n_0
                         CARRY4 (Prop_carry4_CI_CO[3])
                                                      0.054    13.624 r  u_recon/u_div/rem_reg[55]_i_3/CO[3]
                         net (fo=1, unplaced)         0.000    13.624    u_recon/u_div/rem_reg[55]_i_3_n_0
                         CARRY4 (Prop_carry4_CI_CO[3])
                                                      0.054    13.678 r  u_recon/u_div/rem_reg[59]_i_3/CO[3]
                         net (fo=1, unplaced)         0.000    13.678    u_recon/u_div/rem_reg[59]_i_3_n_0
                         CARRY4 (Prop_carry4_CI_CO[3])
                                                      0.054    13.732 f  u_recon/u_div/rem_reg[61]_i_4/CO[3]
                         net (fo=113, unplaced)       0.515    14.247    u_recon/u_div/rem_reg[61]_i_4_n_0
                         LUT6 (Prop_lut6_I5_O)        0.043    14.290 r  u_recon/u_div/rem[20]_i_3/O
                         net (fo=1, unplaced)         0.270    14.560    u_recon/u_div/rem[20]_i_3_n_0
                         LUT6 (Prop_lut6_I5_O)        0.043    14.603 r  u_recon/u_div/rem[20]_i_1/O
                         net (fo=2, unplaced)         0.418    15.021    u_recon/u_div/r_next[20]
                         LUT4 (Prop_lut4_I1_O)        0.043    15.064 r  u_recon/u_div/q[0]_i_22/O
                         net (fo=1, unplaced)         0.270    15.334    u_recon/u_div/q[0]_i_22_n_0
                         LUT5 (Prop_lut5_I4_O)        0.043    15.377 r  u_recon/u_div/q[0]_i_20/O
                         net (fo=1, unplaced)         0.270    15.647    u_recon/u_div/q[0]_i_20_n_0
                         LUT6 (Prop_lut6_I5_O)        0.043    15.690 r  u_recon/u_div/q[0]_i_17/O
                         net (fo=1, unplaced)         0.270    15.960    u_recon/u_div/q[0]_i_17_n_0
                         LUT6 (Prop_lut6_I5_O)        0.043    16.003 r  u_recon/u_div/q[0]_i_14/O
                         net (fo=1, unplaced)         0.270    16.273    u_recon/u_div/q[0]_i_14_n_0
                         LUT6 (Prop_lut6_I0_O)        0.043    16.316 r  u_recon/u_div/q[0]_i_11/O
                         net (fo=1, unplaced)         0.270    16.586    u_recon/u_div/q[0]_i_11_n_0
                         LUT6 (Prop_lut6_I3_O)        0.043    16.629 r  u_recon/u_div/q[0]_i_7/O
                         net (fo=1, unplaced)         0.270    16.899    u_recon/u_div/q[0]_i_7_n_0
                         LUT6 (Prop_lut6_I1_O)        0.043    16.942 r  u_recon/u_div/q[0]_i_6/O
                         net (fo=1, unplaced)         0.000    16.942    u_recon/u_div/q[0]_i_6_n_0
                         CARRY4 (Prop_carry4_S[0]_CO[3])
                                                      0.246    17.188 r  u_recon/u_div/q_reg[0]_i_2/CO[3]
                         net (fo=1, unplaced)         0.000    17.188    u_recon/u_div/q_reg[0]_i_2_n_0
                         CARRY4 (Prop_carry4_CI_CO[3])
                                                      0.054    17.242 r  u_recon/u_div/q_reg[8]_i_7/CO[3]
                         net (fo=1, unplaced)         0.000    17.242    u_recon/u_div/q_reg[8]_i_7_n_0
                         CARRY4 (Prop_carry4_CI_CO[3])
                                                      0.054    17.296 r  u_recon/u_div/q_reg[12]_i_7/CO[3]
                         net (fo=1, unplaced)         0.000    17.296    u_recon/u_div/q_reg[12]_i_7_n_0
                         CARRY4 (Prop_carry4_CI_CO[3])
                                                      0.054    17.350 r  u_recon/u_div/q_reg[16]_i_7/CO[3]
                         net (fo=1, unplaced)         0.000    17.350    u_recon/u_div/q_reg[16]_i_7_n_0
                         CARRY4 (Prop_carry4_CI_CO[3])
                                                      0.054    17.404 r  u_recon/u_div/q_reg[20]_i_7/CO[3]
                         net (fo=1, unplaced)         0.000    17.404    u_recon/u_div/q_reg[20]_i_7_n_0
                         CARRY4 (Prop_carry4_CI_CO[3])
                                                      0.054    17.458 r  u_recon/u_div/q_reg[24]_i_7/CO[3]
                         net (fo=1, unplaced)         0.000    17.458    u_recon/u_div/q_reg[24]_i_7_n_0
                         CARRY4 (Prop_carry4_CI_CO[3])
                                                      0.054    17.512 r  u_recon/u_div/q_reg[28]_i_7/CO[3]
                         net (fo=1, unplaced)         0.000    17.512    u_recon/u_div/q_reg[28]_i_7_n_0
                         CARRY4 (Prop_carry4_CI_CO[3])
                                                      0.054    17.566 r  u_recon/u_div/q_reg[32]_i_7/CO[3]
                         net (fo=1, unplaced)         0.000    17.566    u_recon/u_div/q_reg[32]_i_7_n_0
                         CARRY4 (Prop_carry4_CI_CO[3])
                                                      0.054    17.620 r  u_recon/u_div/q_reg[36]_i_7/CO[3]
                         net (fo=1, unplaced)         0.000    17.620    u_recon/u_div/q_reg[36]_i_7_n_0
                         CARRY4 (Prop_carry4_CI_CO[3])
                                                      0.054    17.674 r  u_recon/u_div/q_reg[40]_i_7/CO[3]
                         net (fo=1, unplaced)         0.000    17.674    u_recon/u_div/q_reg[40]_i_7_n_0
                         CARRY4 (Prop_carry4_CI_CO[3])
                                                      0.054    17.728 r  u_recon/u_div/q_reg[44]_i_7/CO[3]
                         net (fo=1, unplaced)         0.000    17.728    u_recon/u_div/q_reg[44]_i_7_n_0
                         CARRY4 (Prop_carry4_CI_CO[3])
                                                      0.054    17.782 r  u_recon/u_div/q_reg[48]_i_7/CO[3]
                         net (fo=1, unplaced)         0.000    17.782    u_recon/u_div/q_reg[48]_i_7_n_0
                         CARRY4 (Prop_carry4_CI_CO[3])
                                                      0.054    17.836 r  u_recon/u_div/q_reg[52]_i_7/CO[3]
                         net (fo=1, unplaced)         0.000    17.836    u_recon/u_div/q_reg[52]_i_7_n_0
                         CARRY4 (Prop_carry4_CI_O[2])
                                                      0.120    17.956 f  u_recon/u_div/q_reg[56]_i_7/O[2]
                         net (fo=1, unplaced)         0.270    18.226    u_div/q2[54]
                         LUT1 (Prop_lut1_I0_O)        0.127    18.353 r  q[56]_i_5/O
                         net (fo=1, unplaced)         0.000    18.353    q[56]_i_5_n_0
                         CARRY4 (Prop_carry4_S[1]_CO[3])
                                                      0.256    18.609 r  q_reg[56]_i_2/CO[3]
                         net (fo=1, unplaced)         0.000    18.609    q_reg[56]_i_2_n_0
                         CARRY4 (Prop_carry4_CI_O[3])
                                                      0.157    18.766 r  q_reg[60]_i_2/O[3]
                         net (fo=1, unplaced)         0.278    19.044    u_recon/u_div/q1[59]
                         LUT3 (Prop_lut3_I0_O)        0.120    19.164 r  u_recon/u_div/q[60]_i_1/O
                         net (fo=1, unplaced)         0.000    19.164    u_recon/u_div/q[60]_i_1_n_0
                         FDRE                                         r  u_recon/u_div/q_reg[60]/D
  -------------------------------------------------------------------    -------------------

                         (clock core_clk rise edge)
                                                      1.563     1.563 r  
                                                      0.000     1.563 r  clk (IN)
                         net (fo=66793, unset)        0.510     2.073    u_recon/u_div/clk
                         FDRE                                         r  u_recon/u_div/q_reg[60]/C
                         clock pessimism              0.000     2.073    
                         clock uncertainty           -0.085     1.988    
                         FDRE (Setup_fdre_C_D)        0.064     2.052    u_recon/u_div/q_reg[60]
  -------------------------------------------------------------------
                         required time                          2.052    
                         arrival time                         -19.164    
  -------------------------------------------------------------------
                         slack                                -17.112    





Min Delay Paths
--------------------------------------------------------------------------------------
Slack (VIOLATED) :        -0.264ns  (arrival time - required time)
  Source:                 cfg_clear_valid
                            (input port clocked by core_clk  {rise@0.000ns fall@0.781ns period=1.563ns})
  Destination:            bus_err_reg[0]/D
                            (rising edge-triggered cell FDRE clocked by core_clk  {rise@0.000ns fall@0.781ns period=1.563ns})
  Path Group:             core_clk
  Path Type:              Hold (Min at Slow Process Corner)
  Requirement:            0.000ns  (core_clk rise@0.000ns - core_clk rise@0.000ns)
  Data Path Delay:        0.546ns  (logic 0.036ns (6.592%)  route 0.510ns (93.408%))
  Logic Levels:           1  (LUT6=1)
  Input Delay:            0.000ns
  Clock Path Skew:        0.537ns (DCD - SCD - CPR)
    Destination Clock Delay (DCD):    0.537ns
    Source Clock Delay      (SCD):    0.000ns
    Clock Pessimism Removal (CPR):    -0.000ns
  Clock Uncertainty:      0.085ns  ((TSJ^2 + TIJ^2)^1/2 + DJ) / 2 + PE + UU
    Total System Jitter     (TSJ):    0.071ns
    Total Input Jitter      (TIJ):    0.000ns
    Discrete Jitter          (DJ):    0.000ns
    Phase Error              (PE):    0.000ns
    User Uncertainty         (UU):    0.050ns

    Location             Delay type                Incr(ns)  Path(ns)    Netlist Resource(s)
  -------------------------------------------------------------------    -------------------
                         (clock core_clk rise edge)
                                                      0.000     0.000 r  
                         input delay                  0.000     0.000    
                                                      0.000     0.000 f  cfg_clear_valid (IN)
                         net (fo=224, unset)          0.510     0.510    u_calib/cfg_clear_valid
                         LUT6 (Prop_lut6_I5_O)        0.036     0.546 r  u_calib/bus_err[0]_i_1/O
                         net (fo=1, unplaced)         0.000     0.546    u_calib_n_2746
                         FDRE                                         r  bus_err_reg[0]/D
  -------------------------------------------------------------------    -------------------

                         (clock core_clk rise edge)
                                                      0.000     0.000 r  
                                                      0.000     0.000 r  clk (IN)
                         net (fo=66793, unset)        0.537     0.537    clk
                         FDRE                                         r  bus_err_reg[0]/C
                         clock pessimism              0.000     0.537    
                         clock uncertainty            0.085     0.622    
                         FDRE (Hold_fdre_C_D)         0.188     0.810    bus_err_reg[0]
  -------------------------------------------------------------------
                         required time                         -0.810    
                         arrival time                           0.546    
  -------------------------------------------------------------------
                         slack                                 -0.264    





Pulse Width Checks
--------------------------------------------------------------------------------------
Clock Name:         core_clk
Waveform(ns):       { 0.000 0.781 }
Period(ns):         1.563
Sources:            { clk }

Check Type        Corner  Lib Pin      Reference Pin  Required(ns)  Actual(ns)  Slack(ns)  Location  Pin
Min Period        n/a     DSP48E1/CLK  n/a            1.538         1.563       0.025                u_recon/u_residue_mac/op3_w__10/CLK
Low Pulse Width   Slow    FDRE/C       n/a            0.350         0.781       0.431                bus_err_reg[0]/C
High Pulse Width  Slow    FDRE/C       n/a            0.350         0.781       0.431                bus_err_reg[0]/C



